<html>
<body>
<pre>
<h1>µVision Build Log</h1>
<h2>Project:</h2>
C:\Users\Administrator\Desktop\E9631A_stm32\Project\E9631A_stm32Prj.uvproj
Project File Date:  08/24/2018

<h2>Output:</h2>
Build target 'E9631A'
compiling main.c...
..\App\inc\J1939.h(175): warning:  #1295-D: Deprecated declaration J1939_SendPGN - give arg types
..\App\inc\Can.h(68): warning:  #1295-D: Deprecated declaration cannelfittle - give arg types
..\App\inc\Can.h(69): warning:  #1295-D: Deprecated declaration OBD_SetFilterStd_MUTI - give arg types
..\App\src\main.c(102): warning:  #177-D: variable "bandrate" was declared but never referenced
compiling UartProcess.c...
..\App\inc\J1939.h(175): warning:  #1295-D: Deprecated declaration J1939_SendPGN - give arg types
..\App\inc\Can.h(68): warning:  #1295-D: Deprecated declaration cannelfittle - give arg types
..\App\inc\Can.h(69): warning:  #1295-D: Deprecated declaration OBD_SetFilterStd_MUTI - give arg types
..\App\src\UartProcess.c(208): warning:  #177-D: variable "index" was declared but never referenced
..\App\src\UartProcess.c(458): warning:  #186-D: pointless comparison of unsigned integer with zero
..\App\src\UartProcess.c(463): warning:  #223-D: function "IWDG_Feed" declared implicitly
..\App\src\UartProcess.c(477): warning:  #186-D: pointless comparison of unsigned integer with zero
..\App\src\UartProcess.c(498): warning:  #186-D: pointless comparison of unsigned integer with zero
..\App\src\UartProcess.c(520): warning:  #186-D: pointless comparison of unsigned integer with zero
..\App\src\UartProcess.c(406): warning:  #177-D: variable "temp" was declared but never referenced
..\App\src\UartProcess.c(413): warning:  #177-D: variable "n" was declared but never referenced
linking...
Program Size: Code=36224 RO-data=1044 RW-data=244 ZI-data=17004  
FromELF: creating hex file...
After Build - User command #1: C:\keil\ARM\ARMCC\bin\fromelf.exe --bin -o ..\bin\E9631A.bin ..\bin\E9631A.axf
".\obj\..\..\bin\E9631A.axf" - 0 Errors, 15 Warning(s).
Rebuild target 'E9631A'
compiling main.c...
..\App\inc\J1939.h(175): warning:  #1295-D: Deprecated declaration J1939_SendPGN - give arg types
..\App\inc\Can.h(68): warning:  #1295-D: Deprecated declaration cannelfittle - give arg types
..\App\inc\Can.h(69): warning:  #1295-D: Deprecated declaration OBD_SetFilterStd_MUTI - give arg types
..\App\src\main.c(102): warning:  #177-D: variable "bandrate" was declared but never referenced
compiling Shell.c...
compiling SysTick.c...
compiling CipherFunc.c...
compiling Public.c...
..\App\src\Public.c(354): warning:  #186-D: pointless comparison of unsigned integer with zero
compiling stm32f4xx_it.c...
compiling Adc.c...
compiling Can.c...
..\App\inc\J1939.h(175): warning:  #1295-D: Deprecated declaration J1939_SendPGN - give arg types
..\App\inc\Can.h(68): warning:  #1295-D: Deprecated declaration cannelfittle - give arg types
..\App\inc\Can.h(69): warning:  #1295-D: Deprecated declaration OBD_SetFilterStd_MUTI - give arg types
..\App\src\Can.c(98): warning:  #177-D: variable "IDE" was declared but never referenced
..\App\src\Can.c(155): warning:  #188-D: enumerated type mixed with another type
..\App\src\Can.c(155): warning:  #177-D: variable "Is_Filtered" was declared but never referenced
..\App\src\Can.c(301): warning:  #177-D: variable "num" was declared but never referenced
..\App\src\Can.c(302): warning:  #177-D: variable "MaskIdHigh" was declared but never referenced
..\App\src\Can.c(303): warning:  #177-D: variable "MaskIdLow" was declared but never referenced
..\App\src\Can.c(384): warning:  #188-D: enumerated type mixed with another type
..\App\src\Can.c(361): warning:  #177-D: variable "i" was declared but never referenced
..\App\src\Can.c(363): warning:  #177-D: variable "sendcount" was declared but never referenced
..\App\src\Can.c(484): warning:  #177-D: variable "response" was declared but never referenced
..\App\src\Can.c(615): warning:  #177-D: variable "num" was declared but never referenced
..\App\src\Can.c(668): warning:  #177-D: variable "i" was declared but never referenced
..\App\src\Can.c(668): warning:  #177-D: variable "j" was declared but never referenced
..\App\src\Can.c(669): warning:  #177-D: variable "SendStatus" was declared but never referenced
..\App\src\Can.c(254): warning:  #177-D: variable "count1" was declared but never referenced
..\App\src\Can.c(297): warning:  #177-D: variable "Maskidtemp" was declared but never referenced
compiling Delay.c...
compiling Exti.c...
compiling Flash.c...
compiling Timer.c...
..\App\src\Timer.c(54): warning:  #1295-D: Deprecated declaration mcusleep - give arg types
..\App\src\Timer.c(278): warning:  #223-D: function "IWDG_Feed" declared implicitly
..\App\src\Timer.c(306): warning:  #223-D: function "IWDG_Feed" declared implicitly
..\App\src\Timer.c(418): warning:  #223-D: function "IWDG_Feed" declared implicitly
..\App\src\Timer.c(615): warning:  #223-D: function "IWDG_Feed" declared implicitly
compiling GPIODrv.c...
compiling UartProcess.c...
..\App\inc\J1939.h(175): warning:  #1295-D: Deprecated declaration J1939_SendPGN - give arg types
..\App\inc\Can.h(68): warning:  #1295-D: Deprecated declaration cannelfittle - give arg types
..\App\inc\Can.h(69): warning:  #1295-D: Deprecated declaration OBD_SetFilterStd_MUTI - give arg types
..\App\src\UartProcess.c(208): warning:  #177-D: variable "index" was declared but never referenced
..\App\src\UartProcess.c(458): warning:  #186-D: pointless comparison of unsigned integer with zero
..\App\src\UartProcess.c(463): warning:  #223-D: function "IWDG_Feed" declared implicitly
..\App\src\UartProcess.c(477): warning:  #186-D: pointless comparison of unsigned integer with zero
..\App\src\UartProcess.c(498): warning:  #186-D: pointless comparison of unsigned integer with zero
..\App\src\UartProcess.c(520): warning:  #186-D: pointless comparison of unsigned integer with zero
..\App\src\UartProcess.c(406): warning:  #177-D: variable "temp" was declared but never referenced
..\App\src\UartProcess.c(413): warning:  #177-D: variable "n" was declared but never referenced
compiling sleep.c...
..\App\src\sleep.c(86): warning:  #223-D: function "RCC_Configuration" declared implicitly
compiling J1939.c...
..\App\inc\J1939.h(175): warning:  #1295-D: Deprecated declaration J1939_SendPGN - give arg types
..\App\inc\Can.h(68): warning:  #1295-D: Deprecated declaration cannelfittle - give arg types
..\App\inc\Can.h(69): warning:  #1295-D: Deprecated declaration OBD_SetFilterStd_MUTI - give arg types
..\App\inc\J1939_Config.h(42): warning:  #47-D: incompatible redefinition of macro "J1939_CA_NAME7" (declared at line 93 of "..\App\inc\J1939.h")
..\App\inc\J1939_Config.h(46): warning:  #47-D: incompatible redefinition of macro "J1939_CA_NAME6" (declared at line 95 of "..\App\inc\J1939.h")
..\App\inc\J1939_Config.h(49): warning:  #47-D: incompatible redefinition of macro "J1939_CA_NAME5" (declared at line 97 of "..\App\inc\J1939.h")
..\App\inc\J1939_Config.h(53): warning:  #47-D: incompatible redefinition of macro "J1939_CA_NAME4" (declared at line 100 of "..\App\inc\J1939.h")
..\App\inc\J1939_Config.h(57): warning:  #47-D: incompatible redefinition of macro "J1939_CA_NAME3" (declared at line 103 of "..\App\inc\J1939.h")
..\App\inc\J1939_Config.h(58): warning:  #47-D: incompatible redefinition of macro "J1939_CA_NAME2" (declared at line 104 of "..\App\inc\J1939.h")
..\App\inc\J1939_Config.h(59): warning:  #47-D: incompatible redefinition of macro "J1939_CA_NAME1" (declared at line 105 of "..\App\inc\J1939.h")
..\App\inc\J1939_Config.h(60): warning:  #47-D: incompatible redefinition of macro "J1939_CA_NAME0" (declared at line 106 of "..\App\inc\J1939.h")
..\App\src\J1939.c(189): warning:  #550-D: variable "msg" was set but never used
..\App\src\J1939.c(237): warning:  #177-D: variable "i" was declared but never referenced
..\App\src\J1939.c(240): warning:  #550-D: variable "PGN" was set but never used
compiling Obd.c...
..\Driver\bsp.h(91): warning:  #47-D: incompatible redefinition of macro "NULL" (declared at line 56 of "C:\Keil\ARM\ARMCC\bin\..\include\stdlib.h")
..\App\inc\J1939.h(175): warning:  #1295-D: Deprecated declaration J1939_SendPGN - give arg types
..\App\inc\Can.h(68): warning:  #1295-D: Deprecated declaration cannelfittle - give arg types
..\App\inc\Can.h(69): warning:  #1295-D: Deprecated declaration OBD_SetFilterStd_MUTI - give arg types
..\App\src\Obd.c(86): warning:  #68-D: integer conversion resulted in a change of sign
..\App\src\Obd.c(87): warning:  #940-D: missing return statement at end of non-void function "diagnostic_decode_pid_bitfield"
..\App\src\Obd.c(240): warning:  #940-D: missing return statement at end of non-void function "diagnostic_decode_pid"
..\App\src\Obd.c(92): warning:  #177-D: variable "value" was declared but never referenced
..\App\src\Obd.c(93): warning:  #177-D: variable "fvalue" was declared but never referenced
..\App\src\Obd.c(246): warning:  #550-D: variable "diagnosticdata" was set but never used
..\App\src\Obd.c(289): warning:  #177-D: variable "i" was declared but never referenced
..\App\src\Obd.c(290): warning:  #550-D: variable "FF_DL" was set but never used
..\App\src\Obd.c(291): warning:  #177-D: variable "RemainLength" was declared but never referenced
..\App\src\Obd.c(292): warning:  #177-D: variable "Vin" was declared but never referenced
compiling Obd_Network.c...
..\App\inc\J1939.h(175): warning:  #1295-D: Deprecated declaration J1939_SendPGN - give arg types
..\App\inc\can.h(68): warning:  #1295-D: Deprecated declaration cannelfittle - give arg types
..\App\inc\can.h(69): warning:  #1295-D: Deprecated declaration OBD_SetFilterStd_MUTI - give arg types
..\Driver\bsp.h(91): warning:  #47-D: incompatible redefinition of macro "NULL" (declared at line 48 of "C:\Keil\ARM\ARMCC\bin\..\include\string.h")
..\App\src\Obd_Network.c(37): warning:  #188-D: enumerated type mixed with another type
..\App\src\Obd_Network.c(71): warning:  #223-D: function "OBD_Send_singleframe" declared implicitly
compiling CanDrv.c...
..\Driver\CanDrv.c(579): warning:  #223-D: function "memcpy" declared implicitly
..\Driver\CanDrv.c(640): warning:  #188-D: enumerated type mixed with another type
compiling GPIO.c...
compiling Uart.c...
compiling bsp.c...
compiling bsp_iwdg.c...
compiling system_stm32f10x.c...
compiling core_cm3.c...
compiling misc.c...
compiling stm32f10x_adc.c...
compiling stm32f10x_bkp.c...
compiling stm32f10x_can.c...
compiling stm32f10x_cec.c...
compiling stm32f10x_crc.c...
compiling stm32f10x_dac.c...
compiling stm32f10x_dbgmcu.c...
compiling stm32f10x_dma.c...
compiling stm32f10x_exti.c...
compiling stm32f10x_flash.c...
compiling stm32f10x_fsmc.c...
compiling stm32f10x_gpio.c...
compiling stm32f10x_i2c.c...
compiling stm32f10x_iwdg.c...
compiling stm32f10x_pwr.c...
compiling stm32f10x_rcc.c...
compiling stm32f10x_rtc.c...
compiling stm32f10x_sdio.c...
compiling stm32f10x_spi.c...
compiling stm32f10x_tim.c...
compiling stm32f10x_usart.c...
compiling stm32f10x_wwdg.c...
assembling startup_stm32f10x_cl.s...
linking...
Program Size: Code=36224 RO-data=1044 RW-data=244 ZI-data=17004  
FromELF: creating hex file...
After Build - User command #1: C:\keil\ARM\ARMCC\bin\fromelf.exe --bin -o ..\bin\E9631A.bin ..\bin\E9631A.axf
".\obj\..\..\bin\E9631A.axf" - 0 Errors, 77 Warning(s).
Build target 'E9631A'
compiling main.c...
..\App\inc\J1939.h(175): warning:  #1295-D: Deprecated declaration J1939_SendPGN - give arg types
..\App\inc\Can.h(68): warning:  #1295-D: Deprecated declaration cannelfittle - give arg types
..\App\inc\Can.h(69): warning:  #1295-D: Deprecated declaration OBD_SetFilterStd_MUTI - give arg types
..\App\src\main.c(102): warning:  #177-D: variable "bandrate" was declared but never referenced
compiling UartProcess.c...
..\App\inc\J1939.h(175): warning:  #1295-D: Deprecated declaration J1939_SendPGN - give arg types
..\App\inc\Can.h(68): warning:  #1295-D: Deprecated declaration cannelfittle - give arg types
..\App\inc\Can.h(69): warning:  #1295-D: Deprecated declaration OBD_SetFilterStd_MUTI - give arg types
..\App\src\UartProcess.c(208): warning:  #177-D: variable "index" was declared but never referenced
..\App\src\UartProcess.c(458): warning:  #186-D: pointless comparison of unsigned integer with zero
..\App\src\UartProcess.c(463): warning:  #223-D: function "IWDG_Feed" declared implicitly
..\App\src\UartProcess.c(477): warning:  #186-D: pointless comparison of unsigned integer with zero
..\App\src\UartProcess.c(498): warning:  #186-D: pointless comparison of unsigned integer with zero
..\App\src\UartProcess.c(520): warning:  #186-D: pointless comparison of unsigned integer with zero
..\App\src\UartProcess.c(406): warning:  #177-D: variable "temp" was declared but never referenced
..\App\src\UartProcess.c(413): warning:  #177-D: variable "n" was declared but never referenced
linking...
Program Size: Code=36540 RO-data=1044 RW-data=244 ZI-data=17004  
FromELF: creating hex file...
After Build - User command #1: C:\keil\ARM\ARMCC\bin\fromelf.exe --bin -o ..\bin\E9631A.bin ..\bin\E9631A.axf
".\obj\..\..\bin\E9631A.axf" - 0 Errors, 15 Warning(s).
Build target 'E9631A'
compiling UartProcess.c...
..\App\inc\J1939.h(175): warning:  #1295-D: Deprecated declaration J1939_SendPGN - give arg types
..\App\inc\Can.h(68): warning:  #1295-D: Deprecated declaration cannelfittle - give arg types
..\App\inc\Can.h(69): warning:  #1295-D: Deprecated declaration OBD_SetFilterStd_MUTI - give arg types
..\App\src\UartProcess.c(208): warning:  #177-D: variable "index" was declared but never referenced
..\App\src\UartProcess.c(458): warning:  #186-D: pointless comparison of unsigned integer with zero
..\App\src\UartProcess.c(463): warning:  #223-D: function "IWDG_Feed" declared implicitly
..\App\src\UartProcess.c(477): warning:  #186-D: pointless comparison of unsigned integer with zero
..\App\src\UartProcess.c(498): warning:  #186-D: pointless comparison of unsigned integer with zero
..\App\src\UartProcess.c(520): warning:  #186-D: pointless comparison of unsigned integer with zero
..\App\src\UartProcess.c(406): warning:  #177-D: variable "temp" was declared but never referenced
..\App\src\UartProcess.c(413): warning:  #177-D: variable "n" was declared but never referenced
linking...
Program Size: Code=36416 RO-data=1044 RW-data=244 ZI-data=17004  
FromELF: creating hex file...
After Build - User command #1: C:\keil\ARM\ARMCC\bin\fromelf.exe --bin -o ..\bin\E9631A.bin ..\bin\E9631A.axf
".\obj\..\..\bin\E9631A.axf" - 0 Errors, 11 Warning(s).
Build target 'E9631A'
compiling UartProcess.c...
..\App\inc\J1939.h(175): warning:  #1295-D: Deprecated declaration J1939_SendPGN - give arg types
..\App\inc\Can.h(68): warning:  #1295-D: Deprecated declaration cannelfittle - give arg types
..\App\inc\Can.h(69): warning:  #1295-D: Deprecated declaration OBD_SetFilterStd_MUTI - give arg types
..\App\src\UartProcess.c(208): warning:  #177-D: variable "index" was declared but never referenced
..\App\src\UartProcess.c(458): warning:  #186-D: pointless comparison of unsigned integer with zero
..\App\src\UartProcess.c(463): warning:  #223-D: function "IWDG_Feed" declared implicitly
..\App\src\UartProcess.c(477): warning:  #186-D: pointless comparison of unsigned integer with zero
..\App\src\UartProcess.c(498): warning:  #186-D: pointless comparison of unsigned integer with zero
..\App\src\UartProcess.c(520): warning:  #186-D: pointless comparison of unsigned integer with zero
..\App\src\UartProcess.c(406): warning:  #177-D: variable "temp" was declared but never referenced
..\App\src\UartProcess.c(413): warning:  #177-D: variable "n" was declared but never referenced
linking...
Program Size: Code=36416 RO-data=1044 RW-data=244 ZI-data=17004  
FromELF: creating hex file...
After Build - User command #1: C:\keil\ARM\ARMCC\bin\fromelf.exe --bin -o ..\bin\E9631A.bin ..\bin\E9631A.axf
".\obj\..\..\bin\E9631A.axf" - 0 Errors, 11 Warning(s).
