Component: ARM Compiler 5.05 update 2 (build 169) Tool: armlink [4d0f33]

==============================================================================

Section Cross References

    main.o(i.canbandrateinit) refers to flash.o(i.MemReadData) for MemReadData
    main.o(i.canbandrateinit) refers to candrv.o(i.CAN1Init) for CAN1Init
    main.o(i.canbandrateinit) refers to candrv.o(i.CAN2Init) for CAN2Init
    main.o(i.canbandrateinit) refers to uartprocess.o(.data) for channel
    main.o(i.canbandrateinit) refers to candrv.o(.bss) for Can1
    main.o(i.main) refers to bsp.o(i.BSP_Init) for BSP_Init
    main.o(i.main) refers to gpio.o(i.GpioInit) for GpioInit
    main.o(i.main) refers to shell.o(i.ShellInit) for ShellInit
    main.o(i.main) refers to gpiodrv.o(i.GPIO_Configuration) for GPIO_Configuration
    main.o(i.main) refers to adc.o(i.ADC_Configuration) for ADC_Configuration
    main.o(i.main) refers to timer.o(i.TIMER3_Configuration) for TIMER3_Configuration
    main.o(i.main) refers to timer.o(i.TIMER4_Configuration) for TIMER4_Configuration
    main.o(i.main) refers to timer.o(i.TIMER5_Configuration) for TIMER5_Configuration
    main.o(i.main) refers to timer.o(i.TIMER6_Configuration) for TIMER6_Configuration
    main.o(i.main) refers to systick.o(i.systick_init) for systick_init
    main.o(i.main) refers to uartprocess.o(i.StructInit) for StructInit
    main.o(i.main) refers to main.o(i.uartbandrateinit) for uartbandrateinit
    main.o(i.main) refers to stm32f10x_tim.o(i.TIM_Cmd) for TIM_Cmd
    main.o(i.main) refers to bsp_iwdg.o(i.IWDG_Config) for IWDG_Config
    main.o(i.main) refers to delay.o(i.DelayMS) for DelayMS
    main.o(i.main) refers to main.o(i.canbandrateinit) for canbandrateinit
    main.o(i.main) refers to bsp_iwdg.o(i.IWDG_Feed) for IWDG_Feed
    main.o(i.main) refers to stm32f10x_gpio.o(i.GPIO_ReadInputDataBit) for GPIO_ReadInputDataBit
    main.o(i.main) refers to uartprocess.o(i.UART3_Data_Pro) for UART3_Data_Pro
    main.o(i.main) refers to uart.o(i.ComxGetChar) for ComxGetChar
    main.o(i.main) refers to can.o(i.CanToUtcp) for CanToUtcp
    main.o(i.main) refers to can.o(i.OBD_ReceiveMessages) for OBD_ReceiveMessages
    main.o(i.main) refers to can.o(i.J1939_ReceiveMessages) for J1939_ReceiveMessages
    main.o(i.main) refers to uartprocess.o(.data) for is_Cancel_shutdown
    main.o(i.main) refers to main.o(.data) for is_shutdown_can
    main.o(i.main) refers to uart.o(.bss) for COM3
    main.o(i.main) refers to candrv.o(.bss) for Can1
    main.o(i.uartbandrateinit) refers to flash.o(i.MemReadData) for MemReadData
    main.o(i.uartbandrateinit) refers to uart.o(i.Com3Init) for Com3Init
    main.o(i.uartbandrateinit) refers to uart.o(.bss) for COM3
    shell.o(i.ParseCmd) refers to strlen.o(.text) for strlen
    shell.o(i.ParseCmd) refers to strcasecmp.o(.text) for strcasecmp
    shell.o(i.ParseCmd) refers to shell.o(i.ShellPrintf) for ShellPrintf
    shell.o(i.ParseCmd) refers to shell.o(.constdata) for CMD_INNER
    shell.o(i.ShellHelp) refers to shell.o(i.ShellPrintf) for ShellPrintf
    shell.o(i.ShellHelp) refers to systick.o(i.sys_msec_tick) for sys_msec_tick
    shell.o(i.ShellHelp) refers to systick.o(i.sys_hour_tick) for sys_hour_tick
    shell.o(i.ShellInit) refers to uart.o(i.Com1Init) for Com1Init
    shell.o(i.ShellInit) refers to uart.o(.bss) for COM1
    shell.o(i.ShellInit) refers to shell.o(.data) for ChNum
    shell.o(i.ShellMain) refers to shell.o(i.ParseCmd) for ParseCmd
    shell.o(i.ShellMain) refers to shell.o(.data) for ChNum
    shell.o(i.ShellMain) refers to shell.o(.bss) for CmdChar
    shell.o(i.ShellPrintf) refers to c89vsnprintf.o(.text) for __c89vsnprintf
    shell.o(i.ShellPrintf) refers to uart.o(i.ComxPutStr) for ComxPutStr
    shell.o(i.ShellPrintf) refers to shell.o(.bss) for l_print_buffer
    shell.o(i.ShellRtu) refers to strcasecmp.o(.text) for strcasecmp
    shell.o(i.ShellRtu) refers to bsp.o(.emb_text) for SysSoftRst
    shell.o(i.ShellRtu) refers to shell.o(i.ShellPrintf) for ShellPrintf
    shell.o(i.ShellRtu) refers to shell.o(.data) for DebugMode
    shell.o(i.ShellUpdate) refers to bsp.o(.emb_text) for SysSoftRst
    shell.o(i.uartputc) refers to uart.o(i.ComxPutChar) for ComxPutChar
    shell.o(.constdata) refers to shell.o(.conststring) for .conststring
    shell.o(.constdata) refers to shell.o(i.ShellHelp) for ShellHelp
    shell.o(.constdata) refers to shell.o(i.ShellUpdate) for ShellUpdate
    shell.o(.constdata) refers to shell.o(i.ShellRtu) for ShellRtu
    systick.o(i.SysTick_Handler) refers to systick.o(.bss) for systick_ctrlvar
    systick.o(i.sys_hour_tick) refers to systick.o(.bss) for systick_ctrlvar
    systick.o(i.sys_msec_tick) refers to systick.o(.bss) for systick_ctrlvar
    systick.o(i.systick_add) refers to systick.o(.bss) for systick_ctrlvar
    systick.o(i.systick_dly) refers to systick.o(i.systick_reload) for systick_reload
    systick.o(i.systick_dly) refers to systick.o(i.systick_isov) for systick_isov
[...]
    DMA2_Channel1_IRQHandler                 0x0800f2eb   Thumb Code     0  startup_stm32f10x_cl.o(.text)
    DMA2_Channel2_IRQHandler                 0x0800f2eb   Thumb Code     0  startup_stm32f10x_cl.o(.text)
    DMA2_Channel3_IRQHandler                 0x0800f2eb   Thumb Code     0  startup_stm32f10x_cl.o(.text)
    DMA2_Channel4_IRQHandler                 0x0800f2eb   Thumb Code     0  startup_stm32f10x_cl.o(.text)
    DMA2_Channel5_IRQHandler                 0x0800f2eb   Thumb Code     0  startup_stm32f10x_cl.o(.text)
    ETH_IRQHandler                           0x0800f2eb   Thumb Code     0  startup_stm32f10x_cl.o(.text)
    ETH_WKUP_IRQHandler                      0x0800f2eb   Thumb Code     0  startup_stm32f10x_cl.o(.text)
    EXTI15_10_IRQHandler                     0x0800f2eb   Thumb Code     0  startup_stm32f10x_cl.o(.text)
    EXTI1_IRQHandler                         0x0800f2eb   Thumb Code     0  startup_stm32f10x_cl.o(.text)
    EXTI2_IRQHandler                         0x0800f2eb   Thumb Code     0  startup_stm32f10x_cl.o(.text)
    EXTI3_IRQHandler                         0x0800f2eb   Thumb Code     0  startup_stm32f10x_cl.o(.text)
    EXTI4_IRQHandler                         0x0800f2eb   Thumb Code     0  startup_stm32f10x_cl.o(.text)
    EXTI9_5_IRQHandler                       0x0800f2eb   Thumb Code     0  startup_stm32f10x_cl.o(.text)
    FLASH_IRQHandler                         0x0800f2eb   Thumb Code     0  startup_stm32f10x_cl.o(.text)
    I2C1_ER_IRQHandler                       0x0800f2eb   Thumb Code     0  startup_stm32f10x_cl.o(.text)
    I2C1_EV_IRQHandler                       0x0800f2eb   Thumb Code     0  startup_stm32f10x_cl.o(.text)
    I2C2_ER_IRQHandler                       0x0800f2eb   Thumb Code     0  startup_stm32f10x_cl.o(.text)
    I2C2_EV_IRQHandler                       0x0800f2eb   Thumb Code     0  startup_stm32f10x_cl.o(.text)
    OTG_FS_IRQHandler                        0x0800f2eb   Thumb Code     0  startup_stm32f10x_cl.o(.text)
    OTG_FS_WKUP_IRQHandler                   0x0800f2eb   Thumb Code     0  startup_stm32f10x_cl.o(.text)
    PVD_IRQHandler                           0x0800f2eb   Thumb Code     0  startup_stm32f10x_cl.o(.text)
    RCC_IRQHandler                           0x0800f2eb   Thumb Code     0  startup_stm32f10x_cl.o(.text)
    RTCAlarm_IRQHandler                      0x0800f2eb   Thumb Code     0  startup_stm32f10x_cl.o(.text)
    RTC_IRQHandler                           0x0800f2eb   Thumb Code     0  startup_stm32f10x_cl.o(.text)
    SPI1_IRQHandler                          0x0800f2eb   Thumb Code     0  startup_stm32f10x_cl.o(.text)
    SPI2_IRQHandler                          0x0800f2eb   Thumb Code     0  startup_stm32f10x_cl.o(.text)
    SPI3_IRQHandler                          0x0800f2eb   Thumb Code     0  startup_stm32f10x_cl.o(.text)
    TAMPER_IRQHandler                        0x0800f2eb   Thumb Code     0  startup_stm32f10x_cl.o(.text)
    TIM1_BRK_IRQHandler                      0x0800f2eb   Thumb Code     0  startup_stm32f10x_cl.o(.text)
    TIM1_CC_IRQHandler                       0x0800f2eb   Thumb Code     0  startup_stm32f10x_cl.o(.text)
    TIM1_TRG_COM_IRQHandler                  0x0800f2eb   Thumb Code     0  startup_stm32f10x_cl.o(.text)
    TIM1_UP_IRQHandler                       0x0800f2eb   Thumb Code     0  startup_stm32f10x_cl.o(.text)
    TIM2_IRQHandler                          0x0800f2eb   Thumb Code     0  startup_stm32f10x_cl.o(.text)
    TIM7_IRQHandler                          0x0800f2eb   Thumb Code     0  startup_stm32f10x_cl.o(.text)
    WWDG_IRQHandler                          0x0800f2eb   Thumb Code     0  startup_stm32f10x_cl.o(.text)
    __user_initial_stackheap                 0x0800f2ed   Thumb Code     0  startup_stm32f10x_cl.o(.text)
    malloc                                   0x0800f311   Thumb Code    94  h1_alloc.o(.text)
    free                                     0x0800f36f   Thumb Code    78  h1_free.o(.text)
    __c89vsnprintf                           0x0800f3bd   Thumb Code    48  c89vsnprintf.o(.text)
    __aeabi_memcpy                           0x0800f3f1   Thumb Code     0  rt_memcpy_v6.o(.text)
    __rt_memcpy                              0x0800f3f1   Thumb Code   138  rt_memcpy_v6.o(.text)
    _memcpy_lastbytes                        0x0800f457   Thumb Code     0  rt_memcpy_v6.o(.text)
    __aeabi_memcpy4                          0x0800f47b   Thumb Code     0  rt_memcpy_w.o(.text)
    __aeabi_memcpy8                          0x0800f47b   Thumb Code     0  rt_memcpy_w.o(.text)
    __rt_memcpy_w                            0x0800f47b   Thumb Code   100  rt_memcpy_w.o(.text)
    _memcpy_lastbytes_aligned                0x0800f4c3   Thumb Code     0  rt_memcpy_w.o(.text)
    __aeabi_memclr                           0x0800f4df   Thumb Code     0  rt_memclr.o(.text)
    __rt_memclr                              0x0800f4df   Thumb Code    68  rt_memclr.o(.text)
    _memset                                  0x0800f4e3   Thumb Code     0  rt_memclr.o(.text)
    __use_two_region_memory                  0x0800f523   Thumb Code     2  heapauxi.o(.text)
    __rt_heap_escrow                         0x0800f525   Thumb Code     2  heapauxi.o(.text)
    __rt_heap_expand                         0x0800f527   Thumb Code     2  heapauxi.o(.text)
    __rt_heap_descriptor                     0x0800f529   Thumb Code     8  rt_heap_descriptor_intlibspace.o(.text)
    __use_no_heap                            0x0800f531   Thumb Code     2  hguard.o(.text)
    __heap$guard                             0x0800f533   Thumb Code     2  hguard.o(.text)
    _terminate_user_alloc                    0x0800f535   Thumb Code     2  init_alloc.o(.text)
    _init_user_alloc                         0x0800f537   Thumb Code     2  init_alloc.o(.text)
    __Heap_Full                              0x0800f539   Thumb Code    34  init_alloc.o(.text)
    __Heap_Broken                            0x0800f55b   Thumb Code     6  init_alloc.o(.text)
    _init_alloc                              0x0800f561   Thumb Code    94  init_alloc.o(.text)
    __Heap_Initialize                        0x0800f5bf   Thumb Code    10  h1_init.o(.text)
    __Heap_DescSize                          0x0800f5c9   Thumb Code     4  h1_init.o(.text)
    _printf_pre_padding                      0x0800f5cd   Thumb Code    44  _printf_pad.o(.text)
    _printf_post_padding                     0x0800f5f9   Thumb Code    34  _printf_pad.o(.text)
    _printf_truncate_signed                  0x0800f61b   Thumb Code    18  _printf_truncate.o(.text)
    _printf_truncate_unsigned                0x0800f62d   Thumb Code    18  _printf_truncate.o(.text)
    _printf_str                              0x0800f63f   Thumb Code    82  _printf_str.o(.text)
    _printf_int_dec                          0x0800f691   Thumb Code   104  _printf_dec.o(.text)
    _printf_charcount                        0x0800f709   Thumb Code    40  _printf_charcount.o(.text)
    _printf_char_common                      0x0800f73b   Thumb Code    32  _printf_char_common.o(.text)
    _sputc                                   0x0800f761   Thumb Code    10  _sputc.o(.text)
    _snputc                                  0x0800f76b   Thumb Code    16  _snputc.o(.text)
    _printf_wctomb                           0x0800f77d   Thumb Code   182  _printf_wctomb.o(.text)
    _printf_longlong_dec                     0x0800f839   Thumb Code   108  _printf_longlong_dec.o(.text)
    _printf_longlong_oct                     0x0800f8b5   Thumb Code    68  _printf_oct_int_ll.o(.text)
    _printf_int_oct                          0x0800f8f9   Thumb Code    24  _printf_oct_int_ll.o(.text)
    _printf_ll_oct                           0x0800f911   Thumb Code    12  _printf_oct_int_ll.o(.text)
    _printf_longlong_hex                     0x0800f925   Thumb Code    86  _printf_hex_int_ll_ptr.o(.text)
    _printf_int_hex                          0x0800f97b   Thumb Code    28  _printf_hex_int_ll_ptr.o(.text)
    _printf_ll_hex                           0x0800f997   Thumb Code    12  _printf_hex_int_ll_ptr.o(.text)
    _printf_hex_ptr                          0x0800f9a3   Thumb Code    18  _printf_hex_int_ll_ptr.o(.text)
    __printf                                 0x0800f9b9   Thumb Code   388  __printf_flags_ss_wp.o(.text)
    __aeabi_memclr4                          0x0800fb41   Thumb Code     0  rt_memclr_w.o(.text)
    __aeabi_memclr8                          0x0800fb41   Thumb Code     0  rt_memclr_w.o(.text)
    __rt_memclr_w                            0x0800fb41   Thumb Code    78  rt_memclr_w.o(.text)
    _memset_w                                0x0800fb45   Thumb Code     0  rt_memclr_w.o(.text)
    __user_libspace                          0x0800fb91   Thumb Code     8  libspace.o(.text)
    __user_perproc_libspace                  0x0800fb91   Thumb Code     0  libspace.o(.text)
    __user_perthread_libspace                0x0800fb91   Thumb Code     0  libspace.o(.text)
    __rt_ctype_table                         0x0800fb99   Thumb Code    16  rt_ctype_table.o(.text)
    __Heap_ProvideMemory                     0x0800fba9   Thumb Code    52  h1_extend.o(.text)
    _ll_udiv10                               0x0800fbdd   Thumb Code   138  lludiv10.o(.text)
    _printf_int_common                       0x0800fc67   Thumb Code   178  _printf_intcommon.o(.text)
    __lib_sel_fp_printf                      0x0800fd19   Thumb Code     2  _printf_fp_dec.o(.text)
    _printf_fp_dec_real                      0x0800fec7   Thumb Code   620  _printf_fp_dec.o(.text)
    _printf_cs_common                        0x08010133   Thumb Code    20  _printf_char.o(.text)
    _printf_char                             0x08010147   Thumb Code    16  _printf_char.o(.text)
    _printf_string                           0x08010157   Thumb Code     8  _printf_char.o(.text)
    _printf_lcs_common                       0x0801015f   Thumb Code    20  _printf_wchar.o(.text)
    _printf_wchar                            0x08010173   Thumb Code    16  _printf_wchar.o(.text)
    _printf_wstring                          0x08010183   Thumb Code     8  _printf_wchar.o(.text)
    _wcrtomb                                 0x0801018b   Thumb Code    64  _wcrtomb.o(.text)
    __rt_SIGRTMEM                            0x080101cb   Thumb Code    14  defsig_rtmem_outer.o(.text)
    __I$use$semihosting                      0x080101d9   Thumb Code     0  use_no_semi.o(.text)
    __use_no_semihosting_swi                 0x080101d9   Thumb Code     2  use_no_semi.o(.text)
    __semihosting_library_function           0x080101db   Thumb Code     0  indicate_semi.o(.text)
    __user_setup_stackheap                   0x080101db   Thumb Code    74  sys_stackheap_outer.o(.text)
    __rt_locale                              0x08010225   Thumb Code     8  rt_locale_intlibspace.o(.text)
    _printf_fp_infnan                        0x0801022d   Thumb Code   112  _printf_fp_infnan.o(.text)
    _btod_etento                             0x080102ad   Thumb Code   216  bigflt0.o(.text)
    exit                                     0x08010389   Thumb Code    12  exit.o(.text)
    __sig_exit                               0x08010395   Thumb Code    10  defsig_exit.o(.text)
    __rt_SIGRTMEM_inner                      0x080103a1   Thumb Code    22  defsig_rtmem_inner.o(.text)
    _sys_exit                                0x080103f1   Thumb Code     8  sys_exit.o(.text)
    __default_signal_display                 0x080103fd   Thumb Code    50  defsig_general.o(.text)
    strcmp                                   0x08010431   Thumb Code   128  strcmpv7m.o(.text)
    _ttywrch                                 0x080104b1   Thumb Code    14  sys_wrch.o(.text)
    _btod_d2e                                0x080104bf   Thumb Code    62  btod.o(CL$$btod_d2e)
    _d2e_denorm_low                          0x080104fd   Thumb Code    70  btod.o(CL$$btod_d2e_denorm_low)
    _d2e_norm_op1                            0x08010543   Thumb Code    96  btod.o(CL$$btod_d2e_norm_op1)
    __btod_div_common                        0x080105a3   Thumb Code   696  btod.o(CL$$btod_div_common)
    _e2e                                     0x080108db   Thumb Code   198  btod.o(CL$$btod_e2e)
    _btod_ediv                               0x080109a1   Thumb Code    40  btod.o(CL$$btod_ediv)
    _btod_emul                               0x080109c9   Thumb Code    40  btod.o(CL$$btod_emul)
    __btod_mult_common                       0x080109f1   Thumb Code   580  btod.o(CL$$btod_mult_common)
    ADC1_SAMPLING                            0x08010c35   Thumb Code   542  adc.o(i.ADC1_SAMPLING)
    ADC_ClearITPendingBit                    0x08010e91   Thumb Code    10  stm32f10x_adc.o(i.ADC_ClearITPendingBit)
    ADC_Cmd                                  0x08010e9b   Thumb Code    22  stm32f10x_adc.o(i.ADC_Cmd)
    ADC_Configuration                        0x08010eb1   Thumb Code   126  adc.o(i.ADC_Configuration)
    ADC_GetCalibrationStatus                 0x08010f35   Thumb Code    20  stm32f10x_adc.o(i.ADC_GetCalibrationStatus)
    ADC_GetConversionValue                   0x08010f49   Thumb Code     8  stm32f10x_adc.o(i.ADC_GetConversionValue)
    ADC_GetFlagStatus                        0x08010f51   Thumb Code    18  stm32f10x_adc.o(i.ADC_GetFlagStatus)
    ADC_GetResetCalibrationStatus            0x08010f63   Thumb Code    20  stm32f10x_adc.o(i.ADC_GetResetCalibrationStatus)
    ADC_Init                                 0x08010f79   Thumb Code    70  stm32f10x_adc.o(i.ADC_Init)
    ADC_RegularChannelConfig                 0x08010fc9   Thumb Code   184  stm32f10x_adc.o(i.ADC_RegularChannelConfig)
    ADC_ResetCalibration                     0x08011081   Thumb Code    10  stm32f10x_adc.o(i.ADC_ResetCalibration)
    ADC_SoftwareStartConvCmd                 0x0801108b   Thumb Code    22  stm32f10x_adc.o(i.ADC_SoftwareStartConvCmd)
    ADC_StartCalibration                     0x080110a1   Thumb Code    10  stm32f10x_adc.o(i.ADC_StartCalibration)
    BSP_CPU_ClkFreq                          0x080110ab   Thumb Code    16  bsp.o(i.BSP_CPU_ClkFreq)
    BSP_Init                                 0x080110bb   Thumb Code    24  bsp.o(i.BSP_Init)
    BusFault_Handler                         0x080110d3   Thumb Code     4  stm32f4xx_it.o(i.BusFault_Handler)
    CAN1Init                                 0x080110d9   Thumb Code   436  candrv.o(i.CAN1Init)
    CAN1_RX0_IRQHandler                      0x080112a9   Thumb Code   208  candrv.o(i.CAN1_RX0_IRQHandler)
    CAN1_RX1_IRQHandler                      0x08011385   Thumb Code   208  candrv.o(i.CAN1_RX1_IRQHandler)
    CAN1_SCE_IRQHandler                      0x08011461   Thumb Code   282  candrv.o(i.CAN1_SCE_IRQHandler)
    CAN1_TX_IRQHandler                       0x08011651   Thumb Code   240  candrv.o(i.CAN1_TX_IRQHandler)
    CAN2Init                                 0x080117e9   Thumb Code   428  candrv.o(i.CAN2Init)
    CAN2_RX0_IRQHandler                      0x080119b1   Thumb Code   208  candrv.o(i.CAN2_RX0_IRQHandler)
    CAN2_RX1_IRQHandler                      0x08011a8d   Thumb Code   208  candrv.o(i.CAN2_RX1_IRQHandler)
    CAN2_SCE_IRQHandler                      0x08011b69   Thumb Code   282  candrv.o(i.CAN2_SCE_IRQHandler)
    CAN2_TX_IRQHandler                       0x08011d59   Thumb Code   254  candrv.o(i.CAN2_TX_IRQHandler)
    CANQUE_TO_CANTXMSG                       0x08011f05   Thumb Code   134  candrv.o(i.CANQUE_TO_CANTXMSG)
    CANQueListGet                            0x08011f91   Thumb Code    88  candrv.o(i.CANQueListGet)
    CANQueListInit                           0x08011fe9   Thumb Code    24  candrv.o(i.CANQueListInit)
    CANQueListPost                           0x08012001   Thumb Code    98  candrv.o(i.CANQueListPost)
    CAN_ClearFlag                            0x08012065   Thumb Code    52  stm32f10x_can.o(i.CAN_ClearFlag)
    CAN_ClearITPendingBit                    0x0801209d   Thumb Code   162  stm32f10x_can.o(i.CAN_ClearITPendingBit)
    CAN_DeInit                               0x08012145   Thumb Code    50  stm32f10x_can.o(i.CAN_DeInit)
    CAN_FIFORelease                          0x0801217d   Thumb Code    22  stm32f10x_can.o(i.CAN_FIFORelease)
    CAN_FilterInit                           0x08012195   Thumb Code   258  stm32f10x_can.o(i.CAN_FilterInit)
    CAN_GetFlagStatus                        0x0801229d   Thumb Code   120  stm32f10x_can.o(i.CAN_GetFlagStatus)
    CAN_GetITStatus                          0x08012315   Thumb Code   284  stm32f10x_can.o(i.CAN_GetITStatus)
    CAN_GetLSBTransmitErrorCounter           0x08012435   Thumb Code    12  stm32f10x_can.o(i.CAN_GetLSBTransmitErrorCounter)
    CAN_GetLastErrorCode                     0x08012441   Thumb Code    12  stm32f10x_can.o(i.CAN_GetLastErrorCode)
    CAN_GetReceiveErrorCounter               0x0801244d   Thumb Code    10  stm32f10x_can.o(i.CAN_GetReceiveErrorCounter)
    CAN_ITConfig                             0x08012457   Thumb Code    18  stm32f10x_can.o(i.CAN_ITConfig)
    CAN_Init                                 0x08012469   Thumb Code   276  stm32f10x_can.o(i.CAN_Init)
    CAN_MessagePending                       0x0801257d   Thumb Code    30  stm32f10x_can.o(i.CAN_MessagePending)
    CAN_OperatingModeRequest                 0x0801259b   Thumb Code   162  stm32f10x_can.o(i.CAN_OperatingModeRequest)
    CAN_SetFilterExt                         0x0801263d   Thumb Code   248  can.o(i.CAN_SetFilterExt)
    CAN_SetFilterStd                         0x0801273d   Thumb Code   150  can.o(i.CAN_SetFilterStd)
    CAN_StructInit                           0x080127d9   Thumb Code    32  stm32f10x_can.o(i.CAN_StructInit)
    CAN_Transmit                             0x080127f9   Thumb Code   294  stm32f10x_can.o(i.CAN_Transmit)
    CAN_TransmitStatus                       0x08012921   Thumb Code   174  stm32f10x_can.o(i.CAN_TransmitStatus)
    CalculateChecksum                        0x080129e9   Thumb Code    54  public.o(i.CalculateChecksum)
    CanReceive                               0x08012a1f   Thumb Code    36  candrv.o(i.CanReceive)
    CanToUtcp                                0x08012a45   Thumb Code   228  can.o(i.CanToUtcp)
    CanTransmit                              0x08012b31   Thumb Code   108  candrv.o(i.CanTransmit)
    Com1Init                                 0x08012bb1   Thumb Code   150  uart.o(i.Com1Init)
    Com3Init                                 0x08012c61   Thumb Code   220  uart.o(i.Com3Init)
    ComxConfig                               0x08012d55   Thumb Code   210  uart.o(i.ComxConfig)
    ComxGetChar                              0x08012e27   Thumb Code    36  uart.o(i.ComxGetChar)
    ComxPutChar                              0x08012e4b   Thumb Code    70  uart.o(i.ComxPutChar)
    ComxPutStr                               0x08012e91   Thumb Code    34  uart.o(i.ComxPutStr)
    DebugMon_Handler                         0x08012eb3   Thumb Code     2  stm32f4xx_it.o(i.DebugMon_Handler)
    DelayMS                                  0x08012eb5   Thumb Code    24  delay.o(i.DelayMS)
    DiagnosticResponsePro                    0x08012ecd   Thumb Code    52  obd.o(i.DiagnosticResponsePro)
    EXTI0_IRQHandler                         0x08012f01   Thumb Code   364  exti.o(i.EXTI0_IRQHandler)
    EXTI_ClearITPendingBit                   0x0801317d   Thumb Code     6  stm32f10x_exti.o(i.EXTI_ClearITPendingBit)
    EXTI_GetITStatus                         0x08013189   Thumb Code    34  stm32f10x_exti.o(i.EXTI_GetITStatus)
    FLASH_ClearFlag                          0x080131b1   Thumb Code     6  stm32f10x_flash.o(i.FLASH_ClearFlag)
    FLASH_ErasePage                          0x080131bd   Thumb Code    72  stm32f10x_flash.o(i.FLASH_ErasePage)
    FLASH_GetBank1Status                     0x08013209   Thumb Code    48  stm32f10x_flash.o(i.FLASH_GetBank1Status)
    FLASH_Lock                               0x0801323d   Thumb Code    14  stm32f10x_flash.o(i.FLASH_Lock)
    FLASH_ProgramHalfWord                    0x08013251   Thumb Code    60  stm32f10x_flash.o(i.FLASH_ProgramHalfWord)
    FLASH_Unlock                             0x08013291   Thumb Code    12  stm32f10x_flash.o(i.FLASH_Unlock)
    FLASH_WaitForLastOperation               0x080132a9   Thumb Code    38  stm32f10x_flash.o(i.FLASH_WaitForLastOperation)
    GPIO_Configuration                       0x080132d1   Thumb Code   318  gpiodrv.o(i.GPIO_Configuration)
    GPIO_Init                                0x0801341d   Thumb Code   278  stm32f10x_gpio.o(i.GPIO_Init)
    GPIO_PinRemapConfig                      0x08013535   Thumb Code   138  stm32f10x_gpio.o(i.GPIO_PinRemapConfig)
    GPIO_ReadInputDataBit                    0x080135c5   Thumb Code    18  stm32f10x_gpio.o(i.GPIO_ReadInputDataBit)
    GPIO_ResetBits                           0x080135d7   Thumb Code     4  stm32f10x_gpio.o(i.GPIO_ResetBits)
    GPIO_SetBits                             0x080135db   Thumb Code     4  stm32f10x_gpio.o(i.GPIO_SetBits)
    GpioInit                                 0x080135e1   Thumb Code   182  gpio.o(i.GpioInit)
    HardFault_Handler                        0x0801369d   Thumb Code     4  stm32f4xx_it.o(i.HardFault_Handler)
    IWDG_Config                              0x080136a1   Thumb Code    36  bsp_iwdg.o(i.IWDG_Config)
    IWDG_Enable                              0x080136c5   Thumb Code    10  stm32f10x_iwdg.o(i.IWDG_Enable)
    IWDG_Feed                                0x080136d5   Thumb Code     8  bsp_iwdg.o(i.IWDG_Feed)
    IWDG_ReloadCounter                       0x080136dd   Thumb Code    10  stm32f10x_iwdg.o(i.IWDG_ReloadCounter)
    IWDG_SetPrescaler                        0x080136ed   Thumb Code     6  stm32f10x_iwdg.o(i.IWDG_SetPrescaler)
    IWDG_SetReload                           0x080136f9   Thumb Code     6  stm32f10x_iwdg.o(i.IWDG_SetReload)
    IWDG_WriteAccessCmd                      0x08013705   Thumb Code     6  stm32f10x_iwdg.o(i.IWDG_WriteAccessCmd)
    J1939_CAN_SetFilterExt                   0x08013711   Thumb Code   126  can.o(i.J1939_CAN_SetFilterExt)
    J1939_CAN_SetFilterExt_Mutl              0x08013795   Thumb Code   200  can.o(i.J1939_CAN_SetFilterExt_Mutl)
    J1939_CAN_Transmit                       0x08013869   Thumb Code    98  can.o(i.J1939_CAN_Transmit)
    J1939_Pgn_response                       0x080138dd   Thumb Code    68  j1939.o(i.J1939_Pgn_response)
    J1939_ReceiveMessages                    0x08013929   Thumb Code   484  can.o(i.J1939_ReceiveMessages)
    J1939_ResponsePro                        0x08013b1d   Thumb Code   436  j1939.o(i.J1939_ResponsePro)
    J1939_SendMessage                        0x08013cd9   Thumb Code    52  j1939.o(i.J1939_SendMessage)
    J1939_SendPGN                            0x08013d0d   Thumb Code   144  j1939.o(i.J1939_SendPGN)
    J1939_read_DT_Packet                     0x08013dbd   Thumb Code   144  j1939.o(i.J1939_read_DT_Packet)
    J1939_request                            0x08013e51   Thumb Code    84  j1939.o(i.J1939_request)
    MemManage_Handler                        0x08013ea9   Thumb Code     4  stm32f4xx_it.o(i.MemManage_Handler)
    MemReadData                              0x08013ead   Thumb Code    34  flash.o(i.MemReadData)
    MemWriteData                             0x08013ecf   Thumb Code    94  flash.o(i.MemWriteData)
    NMI_Handler                              0x08013f2d   Thumb Code     2  stm32f4xx_it.o(i.NMI_Handler)
    NVIC_Init                                0x08013f31   Thumb Code   100  misc.o(i.NVIC_Init)
    NVIC_PriorityGroupConfig                 0x08013fa1   Thumb Code    10  misc.o(i.NVIC_PriorityGroupConfig)
    NVIC_SetVectorTable                      0x08013fb5   Thumb Code    12  misc.o(i.NVIC_SetVectorTable)
    OBD_ReceiveMessages                      0x08013fc9   Thumb Code   224  can.o(i.OBD_ReceiveMessages)
    OBD_Send_singleframe                     0x080140ad   Thumb Code   220  can.o(i.OBD_Send_singleframe)
    OBD_SetFilterStd                         0x08014199   Thumb Code   146  can.o(i.OBD_SetFilterStd)
    OBD_SetFilterStd_MUTI                    0x08014231   Thumb Code   144  can.o(i.OBD_SetFilterStd_MUTI)
    PendSV_Handler                           0x080142c9   Thumb Code     2  stm32f4xx_it.o(i.PendSV_Handler)
    ProcessMultipleFrame                     0x080142cd   Thumb Code   192  obd.o(i.ProcessMultipleFrame)
    ProcessSingleFrame                       0x08014395   Thumb Code   188  obd.o(i.ProcessSingleFrame)
    QueListGet                               0x08014459   Thumb Code    58  uart.o(i.QueListGet)
    QueListInit                              0x08014493   Thumb Code    24  uart.o(i.QueListInit)
    QueListPost                              0x080144ab   Thumb Code    58  uart.o(i.QueListPost)
    RCC_ADCCLKConfig                         0x080144e5   Thumb Code    18  stm32f10x_rcc.o(i.RCC_ADCCLKConfig)
    RCC_APB1PeriphClockCmd                   0x080144fd   Thumb Code    26  stm32f10x_rcc.o(i.RCC_APB1PeriphClockCmd)
    RCC_APB1PeriphResetCmd                   0x0801451d   Thumb Code    26  stm32f10x_rcc.o(i.RCC_APB1PeriphResetCmd)
    RCC_APB2PeriphClockCmd                   0x0801453d   Thumb Code    26  stm32f10x_rcc.o(i.RCC_APB2PeriphClockCmd)
    RCC_APB2PeriphResetCmd                   0x0801455d   Thumb Code    26  stm32f10x_rcc.o(i.RCC_APB2PeriphResetCmd)
    RCC_GetClocksFreq                        0x0801457d   Thumb Code   374  stm32f10x_rcc.o(i.RCC_GetClocksFreq)
    SVC_Handler                              0x08014709   Thumb Code     2  stm32f4xx_it.o(i.SVC_Handler)
    SetUartBaudrate                          0x08014829   Thumb Code   174  uartprocess.o(i.SetUartBaudrate)
    ShellInit                                0x080148e5   Thumb Code    28  shell.o(i.ShellInit)
    ShellPrintf                              0x0801490d   Thumb Code    42  shell.o(i.ShellPrintf)
    StructInit                               0x0801493d   Thumb Code    18  uartprocess.o(i.StructInit)
    SysTick_Handler                          0x08014959   Thumb Code    66  systick.o(i.SysTick_Handler)
    SystemInit                               0x080149a5   Thumb Code    90  system_stm32f10x.o(i.SystemInit)
    TIM3_IRQHandler                          0x08014a15   Thumb Code   500  timer.o(i.TIM3_IRQHandler)
    TIM4_IRQHandler                          0x08014c4d   Thumb Code    76  timer.o(i.TIM4_IRQHandler)
    TIM5_IRQHandler                          0x08014ca9   Thumb Code    60  timer.o(i.TIM5_IRQHandler)
    TIM6_IRQHandler                          0x08014cf1   Thumb Code   110  timer.o(i.TIM6_IRQHandler)
    TIMER3_Configuration                     0x08014d75   Thumb Code   120  timer.o(i.TIMER3_Configuration)
    TIMER4_Configuration                     0x08014df5   Thumb Code   120  timer.o(i.TIMER4_Configuration)
    TIMER5_Configuration                     0x08014e75   Thumb Code   120  timer.o(i.TIMER5_Configuration)
    TIMER6_Configuration                     0x08014ef5   Thumb Code   120  timer.o(i.TIMER6_Configuration)
    TIM_ClearFlag                            0x08014f75   Thumb Code     6  stm32f10x_tim.o(i.TIM_ClearFlag)
    TIM_ClearITPendingBit                    0x08014f7b   Thumb Code     6  stm32f10x_tim.o(i.TIM_ClearITPendingBit)
    TIM_Cmd                                  0x08014f81   Thumb Code    24  stm32f10x_tim.o(i.TIM_Cmd)
    TIM_DeInit                               0x08014f99   Thumb Code   424  stm32f10x_tim.o(i.TIM_DeInit)
    TIM_GetITStatus                          0x08015181   Thumb Code    34  stm32f10x_tim.o(i.TIM_GetITStatus)
    TIM_ITConfig                             0x080151a3   Thumb Code    18  stm32f10x_tim.o(i.TIM_ITConfig)
    TIM_TimeBaseInit                         0x080151b5   Thumb Code   122  stm32f10x_tim.o(i.TIM_TimeBaseInit)
    UART3_Data_Pro                           0x08015259   Thumb Code   518  uartprocess.o(i.UART3_Data_Pro)
    UART4_IRQHandler                         0x08015475   Thumb Code    46  uart.o(i.UART4_IRQHandler)
    UART5_IRQHandler                         0x080154a9   Thumb Code    46  uart.o(i.UART5_IRQHandler)
    USART1_IRQHandler                        0x080154dd   Thumb Code   112  uart.o(i.USART1_IRQHandler)
    USART2_IRQHandler                        0x08015559   Thumb Code    46  uart.o(i.USART2_IRQHandler)
    USART3_IRQHandler                        0x0801558d   Thumb Code   112  uart.o(i.USART3_IRQHandler)
    USART_Cmd                                0x08015609   Thumb Code    24  stm32f10x_usart.o(i.USART_Cmd)
    USART_DeInit                             0x08015621   Thumb Code   134  stm32f10x_usart.o(i.USART_DeInit)
    USART_GetFlagStatus                      0x080156bd   Thumb Code    26  stm32f10x_usart.o(i.USART_GetFlagStatus)
    USART_GetITStatus                        0x080156d7   Thumb Code    84  stm32f10x_usart.o(i.USART_GetITStatus)
    USART_ITConfig                           0x0801572b   Thumb Code    74  stm32f10x_usart.o(i.USART_ITConfig)
    USART_Init                               0x08015775   Thumb Code   210  stm32f10x_usart.o(i.USART_Init)
    USART_ReceiveData                        0x0801584d   Thumb Code    10  stm32f10x_usart.o(i.USART_ReceiveData)
    USART_SendData                           0x08015857   Thumb Code     8  stm32f10x_usart.o(i.USART_SendData)
    USART_StructInit                         0x0801585f   Thumb Code    24  stm32f10x_usart.o(i.USART_StructInit)
    UartDataToCanData                        0x08015879   Thumb Code   132  can.o(i.UartDataToCanData)
    UsageFault_Handler                       0x08015909   Thumb Code     4  stm32f4xx_it.o(i.UsageFault_Handler)
    __ARM_fpclassify                         0x0801590d   Thumb Code    40  fpclassify.o(i.__ARM_fpclassify)
    _is_digit                                0x08015935   Thumb Code    14  __printf_wp.o(i._is_digit)
    abnormal_hardreset                       0x08015945   Thumb Code   336  timer.o(i.abnormal_hardreset)
    ato16                                    0x08015aa5   Thumb Code    20  public.o(i.ato16)
    ato32                                    0x08015ab9   Thumb Code    32  public.o(i.ato32)
    c16toa                                   0x08015ad9   Thumb Code    20  public.o(i.c16toa)
    c32toa                                   0x08015aed   Thumb Code    32  public.o(i.c32toa)
    canbandrateinit                          0x08015b0d   Thumb Code   562  main.o(i.canbandrateinit)
    diagnostic_decode_pid                    0x08015d61   Thumb Code   266  obd.o(i.diagnostic_decode_pid)
    diagnostic_network_recv_frame            0x08015e79   Thumb Code    50  obd_network.o(i.diagnostic_network_recv_frame)
    diagnostic_request                       0x08015eb1   Thumb Code   126  obd.o(i.diagnostic_request)
    diagnostic_request_extwork_send_msg      0x08015f35   Thumb Code    62  obd_network.o(i.diagnostic_request_extwork_send_msg)
    f2s                                      0x08015f7d   Thumb Code   178  public.o(i.f2s)
    get_pci_type                             0x08016035   Thumb Code     8  obd_network.o(i.get_pci_type)
    gpiotest                                 0x0801603d   Thumb Code   196  uartprocess.o(i.gpiotest)
    main                                     0x0801611d   Thumb Code   276  main.o(i.main)
    recvpacketparse                          0x08016259   Thumb Code  2162  uartprocess.o(i.recvpacketparse)
    reverse                                  0x08016b1d   Thumb Code    38  public.o(i.reverse)
    senddatapacket                           0x08016b43   Thumb Code   120  uartprocess.o(i.senddatapacket)
    setFilter                                0x08016bbd   Thumb Code   134  candrv.o(i.setFilter)
    systick_add                              0x08016c4d   Thumb Code    22  systick.o(i.systick_add)
    systick_getcnt                           0x08016c69   Thumb Code     6  systick.o(i.systick_getcnt)
    systick_init                             0x08016c75   Thumb Code    78  systick.o(i.systick_init)
    uartbandrateinit                         0x08016ccd   Thumb Code   178  main.o(i.uartbandrateinit)
    _get_lc_ctype                            0x08016d89   Thumb Code    44  lc_ctype_c.o(locale$$code)
    _get_lc_numeric                          0x08016db5   Thumb Code    44  lc_numeric_c.o(locale$$code)
    __aeabi_d2f                              0x08016de1   Thumb Code     0  d2f.o(x$fpl$d2f)
    _d2f                                     0x08016de1   Thumb Code    98  d2f.o(x$fpl$d2f)
    __aeabi_dadd                             0x08016e45   Thumb Code     0  daddsub_clz.o(x$fpl$dadd)
    _dadd                                    0x08016e45   Thumb Code   332  daddsub_clz.o(x$fpl$dadd)
    __fpl_dcmp_Inf                           0x08016f95   Thumb Code    24  dcmpi.o(x$fpl$dcmpinf)
    __aeabi_ddiv                             0x08016fad   Thumb Code     0  ddiv.o(x$fpl$ddiv)
    _ddiv                                    0x08016fad   Thumb Code   552  ddiv.o(x$fpl$ddiv)
    __aeabi_cdcmple                          0x0801725d   Thumb Code     0  dleqf.o(x$fpl$dleqf)
    _dcmple                                  0x0801725d   Thumb Code   120  dleqf.o(x$fpl$dleqf)
    __fpl_dcmple_InfNaN                      0x080172bf   Thumb Code     0  dleqf.o(x$fpl$dleqf)
    __aeabi_dmul                             0x080172d5   Thumb Code     0  dmul.o(x$fpl$dmul)
    _dmul                                    0x080172d5   Thumb Code   332  dmul.o(x$fpl$dmul)
    __fpl_dnaninf                            0x08017429   Thumb Code   156  dnaninf.o(x$fpl$dnaninf)
    __fpl_dretinf                            0x080174c5   Thumb Code    12  dretinf.o(x$fpl$dretinf)
    __aeabi_cdrcmple                         0x080174d1   Thumb Code     0  drleqf.o(x$fpl$drleqf)
    _drcmple                                 0x080174d1   Thumb Code   108  drleqf.o(x$fpl$drleqf)
    __aeabi_dsub                             0x0801753d   Thumb Code     0  daddsub_clz.o(x$fpl$dsub)
    _dsub                                    0x0801753d   Thumb Code   464  daddsub_clz.o(x$fpl$dsub)
    __aeabi_f2d                              0x08017711   Thumb Code     0  f2d.o(x$fpl$f2d)
    _f2d                                     0x08017711   Thumb Code    86  f2d.o(x$fpl$f2d)
    __aeabi_fadd                             0x08017769   Thumb Code     0  faddsub_clz.o(x$fpl$fadd)
    _fadd                                    0x08017769   Thumb Code   196  faddsub_clz.o(x$fpl$fadd)
    __fpl_fcmp_Inf                           0x0801782d   Thumb Code    24  fcmpi.o(x$fpl$fcmpinf)
    __aeabi_f2iz                             0x08017845   Thumb Code     0  ffix.o(x$fpl$ffix)
    _ffix                                    0x08017845   Thumb Code    54  ffix.o(x$fpl$ffix)
    __aeabi_i2f                              0x0801787d   Thumb Code     0  fflt_clz.o(x$fpl$fflt)
    _fflt                                    0x0801787d   Thumb Code    48  fflt_clz.o(x$fpl$fflt)
    __aeabi_ui2f                             0x080178ad   Thumb Code     0  fflt_clz.o(x$fpl$ffltu)
    _ffltu                                   0x080178ad   Thumb Code    38  fflt_clz.o(x$fpl$ffltu)
    __aeabi_cfcmple                          0x080178d5   Thumb Code     0  fleqf.o(x$fpl$fleqf)
    _fcmple                                  0x080178d5   Thumb Code   104  fleqf.o(x$fpl$fleqf)
    __fpl_fcmple_InfNaN                      0x08017927   Thumb Code     0  fleqf.o(x$fpl$fleqf)
    __aeabi_fmul                             0x0801793d   Thumb Code     0  fmul.o(x$fpl$fmul)
    _fmul                                    0x0801793d   Thumb Code   258  fmul.o(x$fpl$fmul)
    __fpl_fnaninf                            0x08017a3f   Thumb Code   140  fnaninf.o(x$fpl$fnaninf)
    __fpl_fretinf                            0x08017acb   Thumb Code    10  fretinf.o(x$fpl$fretinf)
    __aeabi_cfrcmple                         0x08017ad5   Thumb Code     0  frleqf.o(x$fpl$frleqf)
    _frcmple                                 0x08017ad5   Thumb Code    98  frleqf.o(x$fpl$frleqf)
    __aeabi_frsub                            0x08017b37   Thumb Code     0  faddsub_clz.o(x$fpl$frsb)
    _frsb                                    0x08017b37   Thumb Code    20  faddsub_clz.o(x$fpl$frsb)
    __aeabi_fsub                             0x08017b4d   Thumb Code     0  faddsub_clz.o(x$fpl$fsub)
    _fsub                                    0x08017b4d   Thumb Code   234  faddsub_clz.o(x$fpl$fsub)
    _printf_fp_dec                           0x08017c37   Thumb Code     4  printf1.o(x$fpl$printf1)
    __I$use$fp                               0x08017c3a   Number         0  usenofp.o(x$fpl$usenofp)
    GpioCtrlList                             0x08017c58   Data          80  gpio.o(.constdata)
    Region$$Table$$Base                      0x08017d80   Number         0  anon$$obj.o(Region$$Table)
    Region$$Table$$Limit                     0x08017da0   Number         0  anon$$obj.o(Region$$Table)
    __ctype                                  0x08017dad   Data           0  lc_ctype_c.o(locale$$data)
    is_shutdown_can                          0x20000000   Data           1  main.o(.data)
    ChNum                                    0x20000002   Data           2  shell.o(.data)
    DebugMode                                0x20000004   Data           2  shell.o(.data)
    batteryvolt                              0x20000008   Data          10  adc.o(.data)
    batt_lvl_in_milli_volts                  0x20000012   Data           2  adc.o(.data)
    ADC_ConvertedValueLocal                  0x20000014   Data           4  adc.o(.data)
    J1939_dataack                            0x20000024   Data          20  can.o(.data)
    count3                                   0x20000038   Data           1  can.o(.data)
    is_reboot                                0x2000003c   Data           1  timer.o(.data)
    is_open_timer6                           0x2000003d   Data           1  timer.o(.data)
    is_open_timer4                           0x2000003e   Data           1  timer.o(.data)
    Timer4Count                              0x20000040   Data           2  timer.o(.data)
    Timer6Count                              0x20000042   Data           2  timer.o(.data)
    turnoncmd                                0x20000044   Data           6  timer.o(.data)
    turnoffcmd                               0x2000004a   Data           6  timer.o(.data)
    work_mode                                0x20000053   Data           1  uartprocess.o(.data)
    channel                                  0x20000054   Data           1  uartprocess.o(.data)
    accon_ack                                0x20000055   Data           1  uartprocess.o(.data)
    is_accoff_ack                            0x20000056   Data           1  uartprocess.o(.data)
    is_accon_ack                             0x20000057   Data           1  uartprocess.o(.data)
    is_E9631_Boot                            0x20000058   Data           1  uartprocess.o(.data)
    is_Cancel_shutdown                       0x20000059   Data           1  uartprocess.o(.data)
    version                                  0x2000005a   Data          10  uartprocess.o(.data)
    ackbaudrate                              0x20000064   Data           6  uartprocess.o(.data)
    gpioack                                  0x2000006a   Data           7  uartprocess.o(.data)
    modeack                                  0x20000071   Data           6  uartprocess.o(.data)
    channelack                               0x20000077   Data           6  uartprocess.o(.data)
    ackfitter                                0x2000007d   Data          10  uartprocess.o(.data)
    ackcancelfitter                          0x20000087   Data           6  uartprocess.o(.data)
    sleepmode                                0x2000008e   Data           1  sleep.o(.data)
    J1939_Address                            0x20000090   Data           1  j1939.o(.data)
    Source_Address                           0x20000091   Data           1  j1939.o(.data)
    CA_Name                                  0x20000092   Data           8  j1939.o(.data)
    J1939_ack                                0x2000009a   Data          20  j1939.o(.data)
    J1939_TP_Flags_t                         0x200000ae   Data           1  j1939.o(.data)
    J1939_PrequestHandle                     0x200000b0   Data           4  j1939.o(.data)
    PrequestHandle                           0x200000b4   Data           4  obd.o(.data)
    Cantransmitstute                         0x200000ba   Data           1  candrv.o(.data)
    cannelfilter                             0x200000bb   Data           1  candrv.o(.data)
    SystemCoreClock                          0x200000bc   Data           4  system_stm32f10x.o(.data)
    AHBPrescTable                            0x200000c0   Data          16  system_stm32f10x.o(.data)
    sendstatus                               0x200000d0   Data           1  stm32f10x_can.o(.data)
    CmdChar                                  0x200000e8   Data          80  shell.o(.bss)
    l_print_buffer                           0x20000138   Data         256  shell.o(.bss)
    J1939ExtIdArray                          0x20000268   Data          40  can.o(.bss)
    RequestHandle                            0x20000290   Data          32  uartprocess.o(.bss)
    sendcanpacket                            0x200002b0   Data          19  uartprocess.o(.bss)
    UART3Recvpacket                          0x200002c4   Data          92  uartprocess.o(.bss)
    UART3Data                                0x20000320   Data        2052  uartprocess.o(.bss)
    J1939_MESSAGE                            0x20000b24   Data          13  j1939.o(.bss)
    TP_RX_MSG                                0x20000b34   Data         256  j1939.o(.bss)
    Can1                                     0x20000c34   Data          12  candrv.o(.bss)
    Can2                                     0x20000c40   Data          12  candrv.o(.bss)
    COM1                                     0x2000cc7c   Data          12  uart.o(.bss)
    COM2                                     0x2000cc88   Data          12  uart.o(.bss)
    COM3                                     0x2000cc94   Data          12  uart.o(.bss)
    COM4                                     0x2000cca0   Data          12  uart.o(.bss)
    COM5                                     0x2000ccac   Data          12  uart.o(.bss)
    COM6                                     0x2000ccb8   Data          12  uart.o(.bss)
    __libspace_start                         0x2000f0f4   Data          96  libspace.o(.bss)
    __temporary_stack_top$libspace           0x2000f154   Data           0  libspace.o(.bss)



==============================================================================

Memory Map of the image

  Image Entry point : 0x0800f181

  Load Region LR_IROM1 (Base: 0x0800f000, Size: 0x00008fb4, Max: 0x00040000, ABSOLUTE)

    Execution Region ER_IROM1 (Base: 0x0800f000, Size: 0x00008ecc, Max: 0x00040000, ABSOLUTE)

    Base Addr    Size         Type   Attr      Idx    E Section Name        Object

    0x0800f000   0x00000180   Data   RO         4549    RESET               startup_stm32f10x_cl.o
    0x0800f180   0x00000008   Code   RO         4632  * !!!main             c_w.l(__main.o)
    0x0800f188   0x00000034   Code   RO         5047    !!!scatter          c_w.l(__scatter.o)
    0x0800f1bc   0x0000001a   Code   RO         5049    !!handler_copy      c_w.l(__scatter_copy.o)
    0x0800f1d6   0x00000002   PAD
    0x0800f1d8   0x0000001c   Code   RO         5051    !!handler_zi        c_w.l(__scatter_zi.o)
    0x0800f1f4   0x00000000   Code   RO         4787    .ARM.Collect$$_printf_percent$$00000000  c_w.l(_printf_percent.o)
    0x0800f1f4   0x00000006   Code   RO         4776    .ARM.Collect$$_printf_percent$$00000001  c_w.l(_printf_n.o)
    0x0800f1fa   0x00000006   Code   RO         4778    .ARM.Collect$$_printf_percent$$00000002  c_w.l(_printf_p.o)
    0x0800f200   0x00000006   Code   RO         4783    .ARM.Collect$$_printf_percent$$00000003  c_w.l(_printf_f.o)
    0x0800f206   0x00000006   Code   RO         4784    .ARM.Collect$$_printf_percent$$00000004  c_w.l(_printf_e.o)
    0x0800f20c   0x00000006   Code   RO         4785    .ARM.Collect$$_printf_percent$$00000005  c_w.l(_printf_g.o)
    0x0800f212   0x00000006   Code   RO         4786    .ARM.Collect$$_printf_percent$$00000006  c_w.l(_printf_a.o)
    0x0800f218   0x0000000a   Code   RO         4791    .ARM.Collect$$_printf_percent$$00000007  c_w.l(_printf_ll.o)
    0x0800f222   0x00000006   Code   RO         4780    .ARM.Collect$$_printf_percent$$00000008  c_w.l(_printf_i.o)
    0x0800f228   0x00000006   Code   RO         4781    .ARM.Collect$$_printf_percent$$00000009  c_w.l(_printf_d.o)
    0x0800f22e   0x00000006   Code   RO         4782    .ARM.Collect$$_printf_percent$$0000000A  c_w.l(_printf_u.o)
    0x0800f234   0x00000006   Code   RO         4779    .ARM.Collect$$_printf_percent$$0000000B  c_w.l(_printf_o.o)
    0x0800f23a   0x00000006   Code   RO         4777    .ARM.Collect$$_printf_percent$$0000000C  c_w.l(_printf_x.o)
    0x0800f240   0x00000006   Code   RO         4788    .ARM.Collect$$_printf_percent$$0000000D  c_w.l(_printf_lli.o)
    0x0800f246   0x00000006   Code   RO         4789    .ARM.Collect$$_printf_percent$$0000000E  c_w.l(_printf_lld.o)
    0x0800f24c   0x00000006   Code   RO         4790    .ARM.Collect$$_printf_percent$$0000000F  c_w.l(_printf_llu.o)
    0x0800f252   0x00000006   Code   RO         4795    .ARM.Collect$$_printf_percent$$00000010  c_w.l(_printf_llo.o)
    0x0800f258   0x00000006   Code   RO         4796    .ARM.Collect$$_printf_percent$$00000011  c_w.l(_printf_llx.o)
    0x0800f25e   0x0000000a   Code   RO         4792    .ARM.Collect$$_printf_percent$$00000012  c_w.l(_printf_l.o)
    0x0800f268   0x00000006   Code   RO         4774    .ARM.Collect$$_printf_percent$$00000013  c_w.l(_printf_c.o)
    0x0800f26e   0x00000006   Code   RO         4775    .ARM.Collect$$_printf_percent$$00000014  c_w.l(_printf_s.o)
    0x0800f274   0x00000006   Code   RO         4793    .ARM.Collect$$_printf_percent$$00000015  c_w.l(_printf_lc.o)
    0x0800f27a   0x00000006   Code   RO         4794    .ARM.Collect$$_printf_percent$$00000016  c_w.l(_printf_ls.o)
    0x0800f280   0x00000004   Code   RO         4903    .ARM.Collect$$_printf_percent$$00000017  c_w.l(_printf_percent_end.o)
    0x0800f284   0x00000002   Code   RO         4981    .ARM.Collect$$libinit$$00000000  c_w.l(libinit.o)
    0x0800f286   0x00000000   Code   RO         4802    .ARM.Collect$$libinit$$00000002  c_w.l(libinit2.o)
    0x0800f286   0x00000000   Code   RO         4804    .ARM.Collect$$libinit$$00000004  c_w.l(libinit2.o)
    0x0800f286   0x00000008   Code   RO         4805    .ARM.Collect$$libinit$$00000005  c_w.l(libinit2.o)
    0x0800f28e   0x00000000   Code   RO         4807    .ARM.Collect$$libinit$$0000000A  c_w.l(libinit2.o)
    0x0800f28e   0x00000000   Code   RO         4809    .ARM.Collect$$libinit$$0000000C  c_w.l(libinit2.o)
    0x0800f28e   0x00000000   Code   RO         4811    .ARM.Collect$$libinit$$0000000E  c_w.l(libinit2.o)
    0x0800f28e   0x00000006   Code   RO         4812    .ARM.Collect$$libinit$$0000000F  c_w.l(libinit2.o)
    0x0800f294   0x00000000   Code   RO         4814    .ARM.Collect$$libinit$$00000011  c_w.l(libinit2.o)
    0x0800f294   0x0000000c   Code   RO         4815    .ARM.Collect$$libinit$$00000012  c_w.l(libinit2.o)
    0x0800f2a0   0x00000000   Code   RO         4816    .ARM.Collect$$libinit$$00000013  c_w.l(libinit2.o)
    0x0800f2a0   0x00000000   Code   RO         4818    .ARM.Collect$$libinit$$00000015  c_w.l(libinit2.o)
    0x0800f2a0   0x0000000a   Code   RO         4819    .ARM.Collect$$libinit$$00000016  c_w.l(libinit2.o)
    0x0800f2aa   0x00000000   Code   RO         4820    .ARM.Collect$$libinit$$00000017  c_w.l(libinit2.o)
    0x0800f2aa   0x00000000   Code   RO         4822    .ARM.Collect$$libinit$$00000019  c_w.l(libinit2.o)
    0x0800f2aa   0x00000000   Code   RO         4824    .ARM.Collect$$libinit$$0000001B  c_w.l(libinit2.o)
    0x0800f2aa   0x00000000   Code   RO         4826    .ARM.Collect$$libinit$$0000001D  c_w.l(libinit2.o)
    0x0800f2aa   0x00000000   Code   RO         4828    .ARM.Collect$$libinit$$0000001F  c_w.l(libinit2.o)
    0x0800f2aa   0x00000000   Code   RO         4830    .ARM.Collect$$libinit$$00000021  c_w.l(libinit2.o)
    0x0800f2aa   0x00000000   Code   RO         4832    .ARM.Collect$$libinit$$00000023  c_w.l(libinit2.o)
    0x0800f2aa   0x00000000   Code   RO         4834    .ARM.Collect$$libinit$$00000025  c_w.l(libinit2.o)
    0x0800f2aa   0x00000000   Code   RO         4838    .ARM.Collect$$libinit$$0000002C  c_w.l(libinit2.o)
    0x0800f2aa   0x00000000   Code   RO         4840    .ARM.Collect$$libinit$$0000002E  c_w.l(libinit2.o)
    0x0800f2aa   0x00000000   Code   RO         4842    .ARM.Collect$$libinit$$00000030  c_w.l(libinit2.o)
    0x0800f2aa   0x00000000   Code   RO         4844    .ARM.Collect$$libinit$$00000032  c_w.l(libinit2.o)
    0x0800f2aa   0x00000002   Code   RO         4845    .ARM.Collect$$libinit$$00000033  c_w.l(libinit2.o)
    0x0800f2ac   0x00000002   Code   RO         5044    .ARM.Collect$$libshutdown$$00000000  c_w.l(libshutdown.o)
    0x0800f2ae   0x00000000   Code   RO         5002    .ARM.Collect$$libshutdown$$00000003  c_w.l(libshutdown2.o)
    0x0800f2ae   0x00000000   Code   RO         5005    .ARM.Collect$$libshutdown$$00000006  c_w.l(libshutdown2.o)
    0x0800f2ae   0x00000000   Code   RO         5008    .ARM.Collect$$libshutdown$$00000009  c_w.l(libshutdown2.o)
    0x0800f2ae   0x00000000   Code   RO         5010    .ARM.Collect$$libshutdown$$0000000B  c_w.l(libshutdown2.o)
    0x0800f2ae   0x00000000   Code   RO         5013    .ARM.Collect$$libshutdown$$0000000E  c_w.l(libshutdown2.o)
    0x0800f2ae   0x00000002   Code   RO         5014    .ARM.Collect$$libshutdown$$0000000F  c_w.l(libshutdown2.o)
    0x0800f2b0   0x00000000   Code   RO         4676    .ARM.Collect$$rtentry$$00000000  c_w.l(__rtentry.o)
    0x0800f2b0   0x00000000   Code   RO         4867    .ARM.Collect$$rtentry$$00000002  c_w.l(__rtentry2.o)
    0x0800f2b0   0x00000006   Code   RO         4879    .ARM.Collect$$rtentry$$00000004  c_w.l(__rtentry4.o)
    0x0800f2b6   0x00000000   Code   RO         4869    .ARM.Collect$$rtentry$$00000009  c_w.l(__rtentry2.o)
    0x0800f2b6   0x00000004   Code   RO         4870    .ARM.Collect$$rtentry$$0000000A  c_w.l(__rtentry2.o)
    0x0800f2ba   0x00000000   Code   RO         4872    .ARM.Collect$$rtentry$$0000000C  c_w.l(__rtentry2.o)
    0x0800f2ba   0x00000008   Code   RO         4873    .ARM.Collect$$rtentry$$0000000D  c_w.l(__rtentry2.o)
    0x0800f2c2   0x00000002   Code   RO         4988    .ARM.Collect$$rtexit$$00000000  c_w.l(rtexit.o)
    0x0800f2c4   0x00000000   Code   RO         5018    .ARM.Collect$$rtexit$$00000002  c_w.l(rtexit2.o)
    0x0800f2c4   0x00000004   Code   RO         5019    .ARM.Collect$$rtexit$$00000003  c_w.l(rtexit2.o)
    0x0800f2c8   0x00000006   Code   RO         5020    .ARM.Collect$$rtexit$$00000004  c_w.l(rtexit2.o)
    0x0800f2ce   0x00000002   PAD
    0x0800f2d0   0x00000000   Code   RO         4885    .emb_text           c_w.l(maybetermalloc1.o)
    0x0800f2d0   0x00000040   Code   RO         4550    .text               startup_stm32f10x_cl.o
    0x0800f310   0x0000005e   Code   RO         4560    .text               c_w.l(h1_alloc.o)
    0x0800f36e   0x0000004e   Code   RO         4562    .text               c_w.l(h1_free.o)
    0x0800f3bc   0x00000034   Code   RO         4618    .text               c_w.l(c89vsnprintf.o)
    0x0800f3f0   0x0000008a   Code   RO         4624    .text               c_w.l(rt_memcpy_v6.o)
    0x0800f47a   0x00000064   Code   RO         4626    .text               c_w.l(rt_memcpy_w.o)
    0x0800f4de   0x00000044   Code   RO         4628    .text               c_w.l(rt_memclr.o)
    0x0800f522   0x00000006   Code   RO         4630    .text               c_w.l(heapauxi.o)
    0x0800f528   0x00000008   Code   RO         4680    .text               c_w.l(rt_heap_descriptor_intlibspace.o)
    0x0800f530   0x00000004   Code   RO         4682    .text               c_w.l(hguard.o)
    0x0800f534   0x0000008a   Code   RO         4684    .text               c_w.l(init_alloc.o)
    0x0800f5be   0x0000000e   Code   RO         4688    .text               c_w.l(h1_init.o)
    0x0800f5cc   0x0000004e   Code   RO         4706    .text               c_w.l(_printf_pad.o)
    0x0800f61a   0x00000024   Code   RO         4708    .text               c_w.l(_printf_truncate.o)
    0x0800f63e   0x00000052   Code   RO         4710    .text               c_w.l(_printf_str.o)
    0x0800f690   0x00000078   Code   RO         4712    .text               c_w.l(_printf_dec.o)
    0x0800f708   0x00000028   Code   RO         4714    .text               c_w.l(_printf_charcount.o)
    0x0800f730   0x00000030   Code   RO         4716    .text               c_w.l(_printf_char_common.o)
    0x0800f760   0x0000000a   Code   RO         4718    .text               c_w.l(_sputc.o)
    0x0800f76a   0x00000010   Code   RO         4720    .text               c_w.l(_snputc.o)
    0x0800f77a   0x00000002   PAD
    0x0800f77c   0x000000bc   Code   RO         4722    .text               c_w.l(_printf_wctomb.o)
    0x0800f838   0x0000007c   Code   RO         4725    .text               c_w.l(_printf_longlong_dec.o)
    0x0800f8b4   0x00000070   Code   RO         4731    .text               c_w.l(_printf_oct_int_ll.o)
    0x0800f924   0x00000094   Code   RO         4751    .text               c_w.l(_printf_hex_int_ll_ptr.o)
    0x0800f9b8   0x00000188   Code   RO         4771    .text               c_w.l(__printf_flags_ss_wp.o)
    0x0800fb40   0x0000004e   Code   RO         4797    .text               c_w.l(rt_memclr_w.o)
    0x0800fb8e   0x00000002   PAD
    0x0800fb90   0x00000008   Code   RO         4863    .text               c_w.l(libspace.o)
    0x0800fb98   0x00000010   Code   RO         4881    .text               c_w.l(rt_ctype_table.o)
    0x0800fba8   0x00000034   Code   RO         4887    .text               c_w.l(h1_extend.o)
    0x0800fbdc   0x0000008a   Code   RO         4891    .text               c_w.l(lludiv10.o)
    0x0800fc66   0x000000b2   Code   RO         4893    .text               c_w.l(_printf_intcommon.o)
    0x0800fd18   0x0000041a   Code   RO         4895    .text               c_w.l(_printf_fp_dec.o)
    0x08010132   0x0000002c   Code   RO         4899    .text               c_w.l(_printf_char.o)
    0x0801015e   0x0000002c   Code   RO         4901    .text               c_w.l(_printf_wchar.o)
    0x0801018a   0x00000040   Code   RO         4904    .text               c_w.l(_wcrtomb.o)
    0x080101ca   0x0000000e   Code   RO         4906    .text               c_w.l(defsig_rtmem_outer.o)
    0x080101d8   0x00000002   Code   RO         4919    .text               c_w.l(use_no_semi.o)
    0x080101da   0x00000000   Code   RO         4921    .text               c_w.l(indicate_semi.o)
    0x080101da   0x0000004a   Code   RO         4922    .text               c_w.l(sys_stackheap_outer.o)
    0x08010224   0x00000008   Code   RO         4929    .text               c_w.l(rt_locale_intlibspace.o)
    0x0801022c   0x00000080   Code   RO         4933    .text               c_w.l(_printf_fp_infnan.o)
    0x080102ac   0x000000dc   Code   RO         4935    .text               c_w.l(bigflt0.o)
    0x08010388   0x0000000c   Code   RO         4966    .text               c_w.l(exit.o)
    0x08010394   0x0000000a   Code   RO         4968    .text               c_w.l(defsig_exit.o)
    0x0801039e   0x00000002   PAD
    0x080103a0   0x00000050   Code   RO         4970    .text               c_w.l(defsig_rtmem_inner.o)
    0x080103f0   0x0000000c   Code   RO         4986    .text               c_w.l(sys_exit.o)
    0x080103fc   0x00000032   Code   RO         4996    .text               c_w.l(defsig_general.o)
    0x0801042e   0x00000002   PAD
    0x08010430   0x00000080   Code   RO         4998    .text               c_w.l(strcmpv7m.o)
    0x080104b0   0x0000000e   Code   RO         5015    .text               c_w.l(sys_wrch.o)
    0x080104be   0x0000003e   Code   RO         4938    CL$$btod_d2e        c_w.l(btod.o)
    0x080104fc   0x00000046   Code   RO         4940    CL$$btod_d2e_denorm_low  c_w.l(btod.o)
    0x08010542   0x00000060   Code   RO         4939    CL$$btod_d2e_norm_op1  c_w.l(btod.o)
    0x080105a2   0x00000338   Code   RO         4948    CL$$btod_div_common  c_w.l(btod.o)
    0x080108da   0x000000c6   Code   RO         4945    CL$$btod_e2e        c_w.l(btod.o)
    0x080109a0   0x00000028   Code   RO         4942    CL$$btod_ediv       c_w.l(btod.o)
    0x080109c8   0x00000028   Code   RO         4941    CL$$btod_emul       c_w.l(btod.o)
    0x080109f0   0x00000244   Code   RO         4947    CL$$btod_mult_common  c_w.l(btod.o)
    0x08010c34   0x0000025c   Code   RO          525    i.ADC1_SAMPLING     adc.o
    0x08010e90   0x0000000a   Code   RO         1564    i.ADC_ClearITPendingBit  stm32f10x_adc.o
    0x08010e9a   0x00000016   Code   RO         1565    i.ADC_Cmd           stm32f10x_adc.o
    0x08010eb0   0x00000084   Code   RO          526    i.ADC_Configuration  adc.o
    0x08010f34   0x00000014   Code   RO         1573    i.ADC_GetCalibrationStatus  stm32f10x_adc.o
    0x08010f48   0x00000008   Code   RO         1574    i.ADC_GetConversionValue  stm32f10x_adc.o
    0x08010f50   0x00000012   Code   RO         1576    i.ADC_GetFlagStatus  stm32f10x_adc.o
    0x08010f62   0x00000014   Code   RO         1579    i.ADC_GetResetCalibrationStatus  stm32f10x_adc.o
    0x08010f76   0x00000002   PAD
    0x08010f78   0x00000050   Code   RO         1583    i.ADC_Init          stm32f10x_adc.o
    0x08010fc8   0x000000b8   Code   RO         1587    i.ADC_RegularChannelConfig  stm32f10x_adc.o
    0x08011080   0x0000000a   Code   RO         1588    i.ADC_ResetCalibration  stm32f10x_adc.o
    0x0801108a   0x00000016   Code   RO         1590    i.ADC_SoftwareStartConvCmd  stm32f10x_adc.o
    0x080110a0   0x0000000a   Code   RO         1592    i.ADC_StartCalibration  stm32f10x_adc.o
    0x080110aa   0x00000010   Code   RO         1433    i.BSP_CPU_ClkFreq   bsp.o
    0x080110ba   0x00000018   Code   RO         1434    i.BSP_Init          bsp.o
    0x080110d2   0x00000004   Code   RO          471    i.BusFault_Handler  stm32f4xx_it.o
    0x080110d6   0x00000002   PAD
    0x080110d8   0x000001d0   Code   RO         1142    i.CAN1Init          candrv.o
    0x080112a8   0x000000dc   Code   RO         1143    i.CAN1_RX0_IRQHandler  candrv.o
    0x08011384   0x000000dc   Code   RO         1144    i.CAN1_RX1_IRQHandler  candrv.o
    0x08011460   0x000001f0   Code   RO         1145    i.CAN1_SCE_IRQHandler  candrv.o
    0x08011650   0x00000198   Code   RO         1146    i.CAN1_TX_IRQHandler  candrv.o
    0x080117e8   0x000001c8   Code   RO         1147    i.CAN2Init          candrv.o
    0x080119b0   0x000000dc   Code   RO         1148    i.CAN2_RX0_IRQHandler  candrv.o
    0x08011a8c   0x000000dc   Code   RO         1149    i.CAN2_RX1_IRQHandler  candrv.o
    0x08011b68   0x000001f0   Code   RO         1150    i.CAN2_SCE_IRQHandler  candrv.o
    0x08011d58   0x000001ac   Code   RO         1151    i.CAN2_TX_IRQHandler  candrv.o
    0x08011f04   0x0000008c   Code   RO         1152    i.CANQUE_TO_CANTXMSG  candrv.o
    0x08011f90   0x00000058   Code   RO         1153    i.CANQueListGet     candrv.o
    0x08011fe8   0x00000018   Code   RO         1154    i.CANQueListInit    candrv.o
    0x08012000   0x00000062   Code   RO         1155    i.CANQueListPost    candrv.o
    0x08012062   0x00000002   PAD
    0x08012064   0x00000038   Code   RO         1860    i.CAN_ClearFlag     stm32f10x_can.o
    0x0801209c   0x000000a8   Code   RO         1861    i.CAN_ClearITPendingBit  stm32f10x_can.o
    0x08012144   0x00000038   Code   RO         1863    i.CAN_DeInit        stm32f10x_can.o
    0x0801217c   0x00000016   Code   RO         1864    i.CAN_FIFORelease   stm32f10x_can.o
    0x08012192   0x00000002   PAD
    0x08012194   0x00000108   Code   RO         1865    i.CAN_FilterInit    stm32f10x_can.o
    0x0801229c   0x00000078   Code   RO         1866    i.CAN_GetFlagStatus  stm32f10x_can.o
    0x08012314   0x00000120   Code   RO         1867    i.CAN_GetITStatus   stm32f10x_can.o
    0x08012434   0x0000000c   Code   RO         1868    i.CAN_GetLSBTransmitErrorCounter  stm32f10x_can.o
    0x08012440   0x0000000c   Code   RO         1869    i.CAN_GetLastErrorCode  stm32f10x_can.o
    0x0801244c   0x0000000a   Code   RO         1870    i.CAN_GetReceiveErrorCounter  stm32f10x_can.o
    0x08012456   0x00000012   Code   RO         1871    i.CAN_ITConfig      stm32f10x_can.o
    0x08012468   0x00000114   Code   RO         1872    i.CAN_Init          stm32f10x_can.o
    0x0801257c   0x0000001e   Code   RO         1873    i.CAN_MessagePending  stm32f10x_can.o
    0x0801259a   0x000000a2   Code   RO         1874    i.CAN_OperatingModeRequest  stm32f10x_can.o
    0x0801263c   0x00000100   Code   RO          551    i.CAN_SetFilterExt  can.o
    0x0801273c   0x0000009c   Code   RO          552    i.CAN_SetFilterStd  can.o
    0x080127d8   0x00000020   Code   RO         1878    i.CAN_StructInit    stm32f10x_can.o
    0x080127f8   0x00000126   Code   RO         1880    i.CAN_Transmit      stm32f10x_can.o
    0x0801291e   0x00000002   PAD
    0x08012920   0x000000c8   Code   RO         1881    i.CAN_TransmitStatus  stm32f10x_can.o
    0x080129e8   0x00000036   Code   RO          392    i.CalculateChecksum  public.o
    0x08012a1e   0x00000024   Code   RO         1156    i.CanReceive        candrv.o
    0x08012a42   0x00000002   PAD
    0x08012a44   0x000000ec   Code   RO          555    i.CanToUtcp         can.o
    0x08012b30   0x0000006c   Code   RO         1157    i.CanTransmit       candrv.o
    0x08012b9c   0x00000012   Code   RO         1883    i.CheckITStatus     stm32f10x_can.o
    0x08012bae   0x00000002   PAD
    0x08012bb0   0x000000b0   Code   RO         1288    i.Com1Init          uart.o
    0x08012c60   0x000000f4   Code   RO         1289    i.Com3Init          uart.o
    0x08012d54   0x000000d2   Code   RO         1291    i.ComxConfig        uart.o
    0x08012e26   0x00000024   Code   RO         1293    i.ComxGetChar       uart.o
    0x08012e4a   0x00000046   Code   RO         1295    i.ComxPutChar       uart.o
    0x08012e90   0x00000022   Code   RO         1297    i.ComxPutStr        uart.o
    0x08012eb2   0x00000002   Code   RO          472    i.DebugMon_Handler  stm32f4xx_it.o
    0x08012eb4   0x00000018   Code   RO          655    i.DelayMS           delay.o
    0x08012ecc   0x00000034   Code   RO         1056    i.DiagnosticResponsePro  obd.o
    0x08012f00   0x0000027c   Code   RO          760    i.EXTI0_IRQHandler  exti.o
    0x0801317c   0x0000000c   Code   RO         2324    i.EXTI_ClearITPendingBit  stm32f10x_exti.o
    0x08013188   0x00000028   Code   RO         2328    i.EXTI_GetITStatus  stm32f10x_exti.o
    0x080131b0   0x0000000c   Code   RO         2377    i.FLASH_ClearFlag   stm32f10x_flash.o
    0x080131bc   0x0000004c   Code   RO         2382    i.FLASH_ErasePage   stm32f10x_flash.o
    0x08013208   0x00000034   Code   RO         2383    i.FLASH_GetBank1Status  stm32f10x_flash.o
    0x0801323c   0x00000014   Code   RO         2392    i.FLASH_Lock        stm32f10x_flash.o
    0x08013250   0x00000040   Code   RO         2395    i.FLASH_ProgramHalfWord  stm32f10x_flash.o
    0x08013290   0x00000018   Code   RO         2400    i.FLASH_Unlock      stm32f10x_flash.o
    0x080132a8   0x00000026   Code   RO         2404    i.FLASH_WaitForLastOperation  stm32f10x_flash.o
    0x080132ce   0x00000002   PAD
    0x080132d0   0x0000014c   Code   RO          872    i.GPIO_Configuration  gpiodrv.o
    0x0801341c   0x00000116   Code   RO         2677    i.GPIO_Init         stm32f10x_gpio.o
    0x08013532   0x00000002   PAD
    0x08013534   0x00000090   Code   RO         2679    i.GPIO_PinRemapConfig  stm32f10x_gpio.o
    0x080135c4   0x00000012   Code   RO         2681    i.GPIO_ReadInputDataBit  stm32f10x_gpio.o
    0x080135d6   0x00000004   Code   RO         2684    i.GPIO_ResetBits    stm32f10x_gpio.o
    0x080135da   0x00000004   Code   RO         2685    i.GPIO_SetBits      stm32f10x_gpio.o
    0x080135de   0x00000002   PAD
    0x080135e0   0x000000bc   Code   RO         1259    i.GpioInit          gpio.o
    0x0801369c   0x00000004   Code   RO          473    i.HardFault_Handler  stm32f4xx_it.o
    0x080136a0   0x00000024   Code   RO         1458    i.IWDG_Config       bsp_iwdg.o
    0x080136c4   0x00000010   Code   RO         2989    i.IWDG_Enable       stm32f10x_iwdg.o
    0x080136d4   0x00000008   Code   RO         1459    i.IWDG_Feed         bsp_iwdg.o
    0x080136dc   0x00000010   Code   RO         2991    i.IWDG_ReloadCounter  stm32f10x_iwdg.o
    0x080136ec   0x0000000c   Code   RO         2992    i.IWDG_SetPrescaler  stm32f10x_iwdg.o
    0x080136f8   0x0000000c   Code   RO         2993    i.IWDG_SetReload    stm32f10x_iwdg.o
    0x08013704   0x0000000c   Code   RO         2994    i.IWDG_WriteAccessCmd  stm32f10x_iwdg.o
    0x08013710   0x00000084   Code   RO          556    i.J1939_CAN_SetFilterExt  can.o
    0x08013794   0x000000d4   Code   RO          557    i.J1939_CAN_SetFilterExt_Mutl  can.o
    0x08013868   0x00000074   Code   RO          558    i.J1939_CAN_Transmit  can.o
    0x080138dc   0x0000004c   Code   RO          982    i.J1939_Pgn_response  j1939.o
    0x08013928   0x000001f4   Code   RO          559    i.J1939_ReceiveMessages  can.o
    0x08013b1c   0x000001bc   Code   RO          983    i.J1939_ResponsePro  j1939.o
    0x08013cd8   0x00000034   Code   RO          984    i.J1939_SendMessage  j1939.o
    0x08013d0c   0x00000094   Code   RO          985    i.J1939_SendPGN     j1939.o
    0x08013da0   0x0000001a   Code   RO          560    i.J1939_Translate_IdExt  can.o
    0x08013dba   0x00000002   PAD
    0x08013dbc   0x00000094   Code   RO          986    i.J1939_read_DT_Packet  j1939.o
    0x08013e50   0x00000058   Code   RO          987    i.J1939_request     j1939.o
    0x08013ea8   0x00000004   Code   RO          474    i.MemManage_Handler  stm32f4xx_it.o
    0x08013eac   0x00000022   Code   RO          783    i.MemReadData       flash.o
    0x08013ece   0x0000005e   Code   RO          784    i.MemWriteData      flash.o
    0x08013f2c   0x00000002   Code   RO          475    i.NMI_Handler       stm32f4xx_it.o
    0x08013f2e   0x00000002   PAD
    0x08013f30   0x00000070   Code   RO         1523    i.NVIC_Init         misc.o
    0x08013fa0   0x00000014   Code   RO         1524    i.NVIC_PriorityGroupConfig  misc.o
    0x08013fb4   0x00000014   Code   RO         1525    i.NVIC_SetVectorTable  misc.o
    0x08013fc8   0x000000e4   Code   RO          561    i.OBD_ReceiveMessages  can.o
    0x080140ac   0x000000ec   Code   RO          562    i.OBD_Send_singleframe  can.o
    0x08014198   0x00000098   Code   RO          563    i.OBD_SetFilterStd  can.o
    0x08014230   0x00000098   Code   RO          564    i.OBD_SetFilterStd_MUTI  can.o
    0x080142c8   0x00000002   Code   RO          476    i.PendSV_Handler    stm32f4xx_it.o
    0x080142ca   0x00000002   PAD
    0x080142cc   0x000000c8   Code   RO         1058    i.ProcessMultipleFrame  obd.o
    0x08014394   0x000000c4   Code   RO         1059    i.ProcessSingleFrame  obd.o
    0x08014458   0x0000003a   Code   RO         1299    i.QueListGet        uart.o
    0x08014492   0x00000018   Code   RO         1301    i.QueListInit       uart.o
    0x080144aa   0x0000003a   Code   RO         1304    i.QueListPost       uart.o
    0x080144e4   0x00000018   Code   RO         3091    i.RCC_ADCCLKConfig  stm32f10x_rcc.o
    0x080144fc   0x00000020   Code   RO         3094    i.RCC_APB1PeriphClockCmd  stm32f10x_rcc.o
    0x0801451c   0x00000020   Code   RO         3095    i.RCC_APB1PeriphResetCmd  stm32f10x_rcc.o
    0x0801453c   0x00000020   Code   RO         3096    i.RCC_APB2PeriphClockCmd  stm32f10x_rcc.o
    0x0801455c   0x00000020   Code   RO         3097    i.RCC_APB2PeriphResetCmd  stm32f10x_rcc.o
    0x0801457c   0x0000018c   Code   RO         3104    i.RCC_GetClocksFreq  stm32f10x_rcc.o
    0x08014708   0x00000002   Code   RO          477    i.SVC_Handler       stm32f4xx_it.o
    0x0801470a   0x00000008   Code   RO         1479    i.SetSysClock       system_stm32f10x.o
    0x08014712   0x00000002   PAD
    0x08014714   0x00000114   Code   RO         1480    i.SetSysClockTo72   system_stm32f10x.o
    0x08014828   0x000000bc   Code   RO          896    i.SetUartBaudrate   uartprocess.o
    0x080148e4   0x00000028   Code   RO          182    i.ShellInit         shell.o
    0x0801490c   0x00000030   Code   RO          184    i.ShellPrintf       shell.o
    0x0801493c   0x0000001c   Code   RO          897    i.StructInit        uartprocess.o
    0x08014958   0x0000004c   Code   RO          303    i.SysTick_Handler   systick.o
    0x080149a4   0x00000070   Code   RO         1482    i.SystemInit        system_stm32f10x.o
    0x08014a14   0x00000238   Code   RO          804    i.TIM3_IRQHandler   timer.o
    0x08014c4c   0x0000005c   Code   RO          805    i.TIM4_IRQHandler   timer.o
    0x08014ca8   0x00000048   Code   RO          806    i.TIM5_IRQHandler   timer.o
    0x08014cf0   0x00000084   Code   RO          807    i.TIM6_IRQHandler   timer.o
    0x08014d74   0x00000080   Code   RO          808    i.TIMER3_Configuration  timer.o
    0x08014df4   0x00000080   Code   RO          809    i.TIMER4_Configuration  timer.o
    0x08014e74   0x00000080   Code   RO          810    i.TIMER5_Configuration  timer.o
    0x08014ef4   0x00000080   Code   RO          811    i.TIMER6_Configuration  timer.o
    0x08014f74   0x00000006   Code   RO         3775    i.TIM_ClearFlag     stm32f10x_tim.o
    0x08014f7a   0x00000006   Code   RO         3776    i.TIM_ClearITPendingBit  stm32f10x_tim.o
    0x08014f80   0x00000018   Code   RO         3781    i.TIM_Cmd           stm32f10x_tim.o
    0x08014f98   0x000001e8   Code   RO         3786    i.TIM_DeInit        stm32f10x_tim.o
    0x08015180   0x00000022   Code   RO         3802    i.TIM_GetITStatus   stm32f10x_tim.o
    0x080151a2   0x00000012   Code   RO         3806    i.TIM_ITConfig      stm32f10x_tim.o
    0x080151b4   0x000000a4   Code   RO         3852    i.TIM_TimeBaseInit  stm32f10x_tim.o
    0x08015258   0x0000021c   Code   RO          898    i.UART3_Data_Pro    uartprocess.o
    0x08015474   0x00000034   Code   RO         1305    i.UART4_IRQHandler  uart.o
    0x080154a8   0x00000034   Code   RO         1306    i.UART5_IRQHandler  uart.o
    0x080154dc   0x0000007c   Code   RO         1307    i.USART1_IRQHandler  uart.o
    0x08015558   0x00000034   Code   RO         1308    i.USART2_IRQHandler  uart.o
    0x0801558c   0x0000007c   Code   RO         1309    i.USART3_IRQHandler  uart.o
    0x08015608   0x00000018   Code   RO         4317    i.USART_Cmd         stm32f10x_usart.o
    0x08015620   0x0000009c   Code   RO         4319    i.USART_DeInit      stm32f10x_usart.o
    0x080156bc   0x0000001a   Code   RO         4320    i.USART_GetFlagStatus  stm32f10x_usart.o
    0x080156d6   0x00000054   Code   RO         4321    i.USART_GetITStatus  stm32f10x_usart.o
    0x0801572a   0x0000004a   Code   RO         4323    i.USART_ITConfig    stm32f10x_usart.o
    0x08015774   0x000000d8   Code   RO         4324    i.USART_Init        stm32f10x_usart.o
    0x0801584c   0x0000000a   Code   RO         4331    i.USART_ReceiveData  stm32f10x_usart.o
    0x08015856   0x00000008   Code   RO         4334    i.USART_SendData    stm32f10x_usart.o
    0x0801585e   0x00000018   Code   RO         4340    i.USART_StructInit  stm32f10x_usart.o
    0x08015876   0x00000002   PAD
    0x08015878   0x00000090   Code   RO          565    i.UartDataToCanData  can.o
    0x08015908   0x00000004   Code   RO          478    i.UsageFault_Handler  stm32f4xx_it.o
    0x0801590c   0x00000028   Code   RO         4984    i.__ARM_fpclassify  m_ws.l(fpclassify.o)
    0x08015934   0x0000000e   Code   RO         4764    i._is_digit         c_w.l(__printf_wp.o)
    0x08015942   0x00000002   PAD
    0x08015944   0x00000160   Code   RO          812    i.abnormal_hardreset  timer.o
    0x08015aa4   0x00000014   Code   RO          397    i.ato16             public.o
    0x08015ab8   0x00000020   Code   RO          398    i.ato32             public.o
    0x08015ad8   0x00000014   Code   RO          399    i.c16toa            public.o
    0x08015aec   0x00000020   Code   RO          400    i.c32toa            public.o
    0x08015b0c   0x00000254   Code   RO            1    i.canbandrateinit   main.o
    0x08015d60   0x00000118   Code   RO         1060    i.diagnostic_decode_pid  obd.o
    0x08015e78   0x00000038   Code   RO         1111    i.diagnostic_network_recv_frame  obd_network.o
    0x08015eb0   0x00000084   Code   RO         1062    i.diagnostic_request  obd.o
    0x08015f34   0x00000048   Code   RO         1112    i.diagnostic_request_extwork_send_msg  obd_network.o
    0x08015f7c   0x000000b8   Code   RO          401    i.f2s               public.o
    0x08016034   0x00000008   Code   RO         1113    i.get_pci_type      obd_network.o
    0x0801603c   0x000000e0   Code   RO          899    i.gpiotest          uartprocess.o
    0x0801611c   0x0000013c   Code   RO            2    i.main              main.o
    0x08016258   0x000008c4   Code   RO          900    i.recvpacketparse   uartprocess.o
    0x08016b1c   0x00000026   Code   RO          402    i.reverse           public.o
    0x08016b42   0x00000078   Code   RO          901    i.senddatapacket    uartprocess.o
    0x08016bba   0x00000002   PAD
    0x08016bbc   0x00000090   Code   RO         1158    i.setFilter         candrv.o
    0x08016c4c   0x0000001c   Code   RO          306    i.systick_add       systick.o
    0x08016c68   0x0000000c   Code   RO          308    i.systick_getcnt    systick.o
    0x08016c74   0x00000058   Code   RO          309    i.systick_init      systick.o
    0x08016ccc   0x000000bc   Code   RO            3    i.uartbandrateinit  main.o
    0x08016d88   0x0000002c   Code   RO         4961    locale$$code        c_w.l(lc_ctype_c.o)
    0x08016db4   0x0000002c   Code   RO         4964    locale$$code        c_w.l(lc_numeric_c.o)
    0x08016de0   0x00000062   Code   RO         4634    x$fpl$d2f           fz_ws.l(d2f.o)
    0x08016e42   0x00000002   PAD
    0x08016e44   0x00000150   Code   RO         4636    x$fpl$dadd          fz_ws.l(daddsub_clz.o)
    0x08016f94   0x00000018   Code   RO         4846    x$fpl$dcmpinf       fz_ws.l(dcmpi.o)
    0x08016fac   0x000002b0   Code   RO         4643    x$fpl$ddiv          fz_ws.l(ddiv.o)
    0x0801725c   0x00000078   Code   RO         4646    x$fpl$dleqf         fz_ws.l(dleqf.o)
    0x080172d4   0x00000154   Code   RO         4648    x$fpl$dmul          fz_ws.l(dmul.o)
    0x08017428   0x0000009c   Code   RO         4848    x$fpl$dnaninf       fz_ws.l(dnaninf.o)
    0x080174c4   0x0000000c   Code   RO         4850    x$fpl$dretinf       fz_ws.l(dretinf.o)
    0x080174d0   0x0000006c   Code   RO         4650    x$fpl$drleqf        fz_ws.l(drleqf.o)
    0x0801753c   0x000001d4   Code   RO         4638    x$fpl$dsub          fz_ws.l(daddsub_clz.o)
    0x08017710   0x00000056   Code   RO         4652    x$fpl$f2d           fz_ws.l(f2d.o)
    0x08017766   0x00000002   PAD
    0x08017768   0x000000c4   Code   RO         4654    x$fpl$fadd          fz_ws.l(faddsub_clz.o)
    0x0801782c   0x00000018   Code   RO         4915    x$fpl$fcmpinf       fz_ws.l(fcmpi.o)
    0x08017844   0x00000036   Code   RO         4660    x$fpl$ffix          fz_ws.l(ffix.o)
    0x0801787a   0x00000002   PAD
    0x0801787c   0x00000030   Code   RO         4665    x$fpl$fflt          fz_ws.l(fflt_clz.o)
    0x080178ac   0x00000026   Code   RO         4664    x$fpl$ffltu         fz_ws.l(fflt_clz.o)
    0x080178d2   0x00000002   PAD
    0x080178d4   0x00000068   Code   RO         4852    x$fpl$fleqf         fz_ws.l(fleqf.o)
    0x0801793c   0x00000102   Code   RO         4670    x$fpl$fmul          fz_ws.l(fmul.o)
    0x08017a3e   0x0000008c   Code   RO         4854    x$fpl$fnaninf       fz_ws.l(fnaninf.o)
    0x08017aca   0x0000000a   Code   RO         4856    x$fpl$fretinf       fz_ws.l(fretinf.o)
    0x08017ad4   0x00000062   Code   RO         4672    x$fpl$frleqf        fz_ws.l(frleqf.o)
    0x08017b36   0x00000014   Code   RO         4655    x$fpl$frsb          fz_ws.l(faddsub_clz.o)
    0x08017b4a   0x00000002   PAD
    0x08017b4c   0x000000ea   Code   RO         4656    x$fpl$fsub          fz_ws.l(faddsub_clz.o)
    0x08017c36   0x00000004   Code   RO         4858    x$fpl$printf1       fz_ws.l(printf1.o)
    0x08017c3a   0x00000000   Code   RO         4860    x$fpl$usenofp       fz_ws.l(usenofp.o)
    0x08017c3a   0x00000002   PAD
    0x08017c3c   0x00000010   Data   RO          567    .constdata          can.o
    0x08017c4c   0x0000000c   Data   RO         1063    .constdata          obd.o
    0x08017c58   0x00000050   Data   RO         1261    .constdata          gpio.o
    0x08017ca8   0x00000008   Data   RO         4723    .constdata          c_w.l(_printf_wctomb.o)
    0x08017cb0   0x00000028   Data   RO         4752    .constdata          c_w.l(_printf_hex_int_ll_ptr.o)
    0x08017cd8   0x00000011   Data   RO         4772    .constdata          c_w.l(__printf_flags_ss_wp.o)
    0x08017ce9   0x00000003   PAD
    0x08017cec   0x00000094   Data   RO         4936    .constdata          c_w.l(bigflt0.o)
    0x08017d80   0x00000020   Data   RO         5045    Region$$Table       anon$$obj.o
    0x08017da0   0x00000110   Data   RO         4960    locale$$data        c_w.l(lc_ctype_c.o)
    0x08017eb0   0x0000001c   Data   RO         4963    locale$$data        c_w.l(lc_numeric_c.o)


    Execution Region RW_IRAM1 (Base: 0x20000000, Size: 0x0000fd58, Max: 0x00010000, ABSOLUTE)

    Base Addr    Size         Type   Attr      Idx    E Section Name        Object

    0x20000000   0x00000001   Data   RW            4    .data               main.o
    0x20000001   0x00000001   PAD
    0x20000002   0x00000004   Data   RW          192    .data               shell.o
    0x20000006   0x00000002   PAD
    0x20000008   0x00000010   Data   RW          528    .data               adc.o
    0x20000018   0x00000022   Data   RW          568    .data               can.o
    0x2000003a   0x00000002   Data   RW          761    .data               exti.o
    0x2000003c   0x00000017   Data   RW          813    .data               timer.o
    0x20000053   0x0000003b   Data   RW          903    .data               uartprocess.o
    0x2000008e   0x00000001   Data   RW          952    .data               sleep.o
    0x2000008f   0x00000001   PAD
    0x20000090   0x00000024   Data   RW          989    .data               j1939.o
    0x200000b4   0x00000006   Data   RW         1064    .data               obd.o
    0x200000ba   0x00000002   Data   RW         1160    .data               candrv.o
    0x200000bc   0x00000014   Data   RW         1483    .data               system_stm32f10x.o
    0x200000d0   0x00000001   Data   RW         1884    .data               stm32f10x_can.o
    0x200000d1   0x00000014   Data   RW         3132    .data               stm32f10x_rcc.o
    0x200000e5   0x00000003   PAD
    0x200000e8   0x00000150   Zero   RW          189    .bss                shell.o
    0x20000238   0x00000018   Zero   RW          312    .bss                systick.o
    0x20000250   0x00000018   Zero   RW          527    .bss                adc.o
    0x20000268   0x00000028   Zero   RW          566    .bss                can.o
    0x20000290   0x00000894   Zero   RW          902    .bss                uartprocess.o
    0x20000b24   0x00000110   Zero   RW          988    .bss                j1939.o
    0x20000c34   0x0000c048   Zero   RW         1159    .bss                candrv.o
    0x2000cc7c   0x00002478   Zero   RW         1310    .bss                uart.o
    0x2000f0f4   0x00000060   Zero   RW         4864    .bss                c_w.l(libspace.o)
    0x2000f154   0x00000004   PAD
    0x2000f158   0x00000800   Zero   RW         4548    HEAP                startup_stm32f10x_cl.o
    0x2000f958   0x00000400   Zero   RW         4547    STACK               startup_stm32f10x_cl.o


==============================================================================

Image component sizes


      Code (inc. data)   RO Data    RW Data    ZI Data      Debug   Object Name

       736         68          0         16         24       2306   adc.o
        40          0          0          0          0        981   bsp.o
        44          0          0          0          0        962   bsp_iwdg.o
      2546        120         16         34         40      11280   can.o
      4266        890          0          2      49224      13019   candrv.o
        24          0          0          0          0     285210   delay.o
       636        272          0          2          0        743   exti.o
       128          0          0          0          0       1685   flash.o
       188          6         80          0          0       1634   gpio.o
       332         14          0          0          0        689   gpiodrv.o
       956         28          0         36        272      10933   j1939.o
      1100         84          0          1          0     303446   main.o
       152         30          0          0          0       2013   misc.o
       860         90         12          6          0       4446   obd.o
       136         16          0          0          0       2029   obd_network.o
       380          6          0          0          0       4318   public.o
        88         18          0          4        336     225937   shell.o
         0          0          0          1          0        556   sleep.o
        64         26        384          0       3072        780   startup_stm32f10x_cl.o
       404         10          0          0          0       8377   stm32f10x_adc.o
      2038         52          0          1          0      12523   stm32f10x_can.o
        52         12          0          0          0       1096   stm32f10x_exti.o
       286         36          0          0          0       3816   stm32f10x_flash.o
       448          6          0          0          0       4386   stm32f10x_gpio.o
        68         30          0          0          0       2414   stm32f10x_iwdg.o
       548         52          0         20          0       6811   stm32f10x_rcc.o
       740        106          0          0          0       4759   stm32f10x_tim.o
       622         28          0          0          0       7127   stm32f10x_usart.o
        24          0          0          0          0       3432   stm32f4xx_it.o
       396         36          0         20          0       2173   system_stm32f10x.o
       204         32          0          0         24       2696   systick.o
      1728        166          0         23          0      21627   timer.o
      1314         92          0          0       9336      10691   uart.o
      3344        212          0         59       2196       7644   uartprocess.o

    ----------------------------------------------------------------------
     24924       2538        524        232      64524     972539   Object Totals
         0          0         32          0          0          0   (incl. Generated)
        32          0          0          7          0          0   (incl. Padding)

    ----------------------------------------------------------------------

      Code (inc. data)   RO Data    RW Data    ZI Data      Debug   Library Member Name

         8          0          0          0          0         68   __main.o
       392          4         17          0          0         92   __printf_flags_ss_wp.o
        14          0          0          0          0         68   __printf_wp.o
         0          0          0          0          0          0   __rtentry.o
        12          0          0          0          0          0   __rtentry2.o
         6          0          0          0          0          0   __rtentry4.o
        52          8          0          0          0          0   __scatter.o
        26          0          0          0          0          0   __scatter_copy.o
        28          0          0          0          0          0   __scatter_zi.o
         6          0          0          0          0          0   _printf_a.o
         6          0          0          0          0          0   _printf_c.o
        44          0          0          0          0        108   _printf_char.o
        48          6          0          0          0         96   _printf_char_common.o
        40          0          0          0          0         68   _printf_charcount.o
         6          0          0          0          0          0   _printf_d.o
       120         16          0          0          0         92   _printf_dec.o
         6          0          0          0          0          0   _printf_e.o
         6          0          0          0          0          0   _printf_f.o
      1050          0          0          0          0        216   _printf_fp_dec.o
       128         16          0          0          0         84   _printf_fp_infnan.o
         6          0          0          0          0          0   _printf_g.o
       148          4         40          0          0        160   _printf_hex_int_ll_ptr.o
         6          0          0          0          0          0   _printf_i.o
       178          0          0          0          0         88   _printf_intcommon.o
        10          0          0          0          0          0   _printf_l.o
         6          0          0          0          0          0   _printf_lc.o
        10          0          0          0          0          0   _printf_ll.o
         6          0          0          0          0          0   _printf_lld.o
         6          0          0          0          0          0   _printf_lli.o
         6          0          0          0          0          0   _printf_llo.o
         6          0          0          0          0          0   _printf_llu.o
         6          0          0          0          0          0   _printf_llx.o
       124         16          0          0          0         92   _printf_longlong_dec.o
         6          0          0          0          0          0   _printf_ls.o
         6          0          0          0          0          0   _printf_n.o
         6          0          0          0          0          0   _printf_o.o
       112          8          0          0          0        124   _printf_oct_int_ll.o
         6          0          0          0          0          0   _printf_p.o
        78          0          0          0          0        108   _printf_pad.o
         0          0          0          0          0          0   _printf_percent.o
         4          0          0          0          0          0   _printf_percent_end.o
         6          0          0          0          0          0   _printf_s.o
        82          0          0          0          0         80   _printf_str.o
        36          0          0          0          0         84   _printf_truncate.o
         6          0          0          0          0          0   _printf_u.o
        44          0          0          0          0        108   _printf_wchar.o
       188          6          8          0          0         92   _printf_wctomb.o
         6          0          0          0          0          0   _printf_x.o
        16          0          0          0          0         68   _snputc.o
        10          0          0          0          0         68   _sputc.o
        64          0          0          0          0         92   _wcrtomb.o
       220          4        148          0          0         96   bigflt0.o
      1910        128          0          0          0        672   btod.o
        52          4          0          0          0         80   c89vsnprintf.o
        10          0          0          0          0         68   defsig_exit.o
        50          0          0          0          0         88   defsig_general.o
        80         58          0          0          0         76   defsig_rtmem_inner.o
        14          0          0          0          0         80   defsig_rtmem_outer.o
        12          0          0          0          0         72   exit.o
        94          0          0          0          0         80   h1_alloc.o
        52          0          0          0          0         68   h1_extend.o
        78          0          0          0          0         80   h1_free.o
        14          0          0          0          0         84   h1_init.o
         6          0          0          0          0        152   heapauxi.o
         4          0          0          0          0        136   hguard.o
         0          0          0          0          0          0   indicate_semi.o
       138          0          0          0          0        168   init_alloc.o
        44         10        272          0          0         76   lc_ctype_c.o
        44         10         28          0          0         76   lc_numeric_c.o
         2          0          0          0          0          0   libinit.o
        38          0          0          0          0          0   libinit2.o
         2          0          0          0          0          0   libshutdown.o
         2          0          0          0          0          0   libshutdown2.o
         8          4          0          0         96         68   libspace.o
       138          0          0          0          0         80   lludiv10.o
         0          0          0          0          0          0   maybetermalloc1.o
        16          4          0          0          0         76   rt_ctype_table.o
         8          4          0          0          0         68   rt_heap_descriptor_intlibspace.o
         8          4          0          0          0         68   rt_locale_intlibspace.o
        68          0          0          0          0         68   rt_memclr.o
        78          0          0          0          0         80   rt_memclr_w.o
       138          0          0          0          0         68   rt_memcpy_v6.o
       100          0          0          0          0         80   rt_memcpy_w.o
         2          0          0          0          0          0   rtexit.o
        10          0          0          0          0          0   rtexit2.o
       128          0          0          0          0         68   strcmpv7m.o
        12          4          0          0          0         68   sys_exit.o
        74          0          0          0          0         80   sys_stackheap_outer.o
        14          0          0          0          0         76   sys_wrch.o
         2          0          0          0          0         68   use_no_semi.o
        98          4          0          0          0         92   d2f.o
       804         16          0          0          0        272   daddsub_clz.o
        24          0          0          0          0         68   dcmpi.o
       688        140          0          0          0        208   ddiv.o
       120          4          0          0          0         92   dleqf.o
       340         12          0          0          0        104   dmul.o
       156          4          0          0          0         92   dnaninf.o
        12          0          0          0          0         68   dretinf.o
       108          0          0          0          0         80   drleqf.o
        86          4          0          0          0         84   f2d.o
       450          8          0          0          0        236   faddsub_clz.o
        24          0          0          0          0         68   fcmpi.o
        54          4          0          0          0         84   ffix.o
        86          0          0          0          0        136   fflt_clz.o
       104          4          0          0          0         84   fleqf.o
       258          4          0          0          0         84   fmul.o
       140          4          0          0          0         84   fnaninf.o
        10          0          0          0          0         68   fretinf.o
        98          0          0          0          0         68   frleqf.o
         4          0          0          0          0         68   printf1.o
         0          0          0          0          0          0   usenofp.o
        40          0          0          0          0         68   fpclassify.o

    ----------------------------------------------------------------------
     10592        526        516          0        100       7432   Library Totals
        26          0          3          0          4          0   (incl. Padding)

    ----------------------------------------------------------------------

      Code (inc. data)   RO Data    RW Data    ZI Data      Debug   Library Name

      6862        318        513          0         96       5224   c_w.l
      3664        208          0          0          0       2140   fz_ws.l
        40          0          0          0          0         68   m_ws.l

    ----------------------------------------------------------------------
     10592        526        516          0        100       7432   Library Totals

    ----------------------------------------------------------------------

==============================================================================


      Code (inc. data)   RO Data    RW Data    ZI Data      Debug   

     35516       3064       1040        232      64624     966343   Grand Totals
     35516       3064       1040        232      64624     966343   ELF Image Totals
     35516       3064       1040        232          0          0   ROM Totals

==============================================================================

    Total RO  Size (Code + RO Data)                36556 (  35.70kB)
    Total RW  Size (RW Data + ZI Data)             64856 (  63.34kB)
    Total ROM Size (Code + RO Data + RW Data)      36788 (  35.93kB)

==============================================================================

