ARM Linker, 5.03 [Build 76] [MDK-ARM Lite]

==============================================================================

Section Cross References

    appprintf.o(i.AppLib_sprintf) refers to appprintf.o(i.AppLib_vprintf) for AppLib_vprintf
    appprintf.o(i.AppLib_sprintf) refers to appprintf.o(i.deposit_char) for deposit_char
    appprintf.o(i.AppLib_vprintf) refers to appprintf.o(i._out) for _out
    appprintf.o(i.AppLib_vprintf) refers to appprintf.o(i.toupper) for toupper
    appprintf.o(i.AppLib_vprintf) refers to dleqf.o(x$fpl$dleqf) for __aeabi_cdcmple
    appprintf.o(i.AppLib_vprintf) refers to deqf.o(x$fpl$deqf) for __aeabi_cdcmpeq
    appprintf.o(i.AppLib_vprintf) refers to frexp.o(i.frexp) for frexp
    appprintf.o(i.AppLib_vprintf) refers to appprintf.o(i.Ten) for Ten
    appprintf.o(i.AppLib_vprintf) refers to dmul.o(x$fpl$dmul) for __aeabi_dmul
    appprintf.o(i.AppLib_vprintf) refers to drleqf.o(x$fpl$drleqf) for __aeabi_cdrcmple
    appprintf.o(i.AppLib_vprintf) refers to daddsub_clz.o(x$fpl$dadd) for __aeabi_dadd
    appprintf.o(i.AppLib_vprintf) refers to dfixu.o(x$fpl$dfixu) for __aeabi_d2uiz
    appprintf.o(i.AppLib_vprintf) refers to dflt_clz.o(x$fpl$dfltu) for __aeabi_ui2d
    appprintf.o(i.AppLib_vprintf) refers to daddsub_clz.o(x$fpl$drsb) for __aeabi_drsub
    appprintf.o(i.AppLib_vprintf) refers to appprintf.o(.constdata) for _applib_s_pow16
    appprintf.o(i.AppLib_vsprintf) refers to appprintf.o(i.AppLib_vprintf) for AppLib_vprintf
    appprintf.o(i.AppLib_vsprintf) refers to appprintf.o(i.deposit_char) for deposit_char
    appprintf.o(i.Ten) refers to dmul.o(x$fpl$dmul) for __aeabi_dmul
    appprintf.o(i.Ten) refers to appprintf.o(.constdata) for fpow10
    main.o(i.ADC1_SAMPLING) refers to stm32f10x_adc.o(i.ADC_GetFlagStatus) for ADC_GetFlagStatus
    main.o(i.ADC1_SAMPLING) refers to stm32f10x_adc.o(i.ADC_ClearITPendingBit) for ADC_ClearITPendingBit
    main.o(i.ADC1_SAMPLING) refers to stm32f10x_adc.o(i.ADC_GetConversionValue) for ADC_GetConversionValue
    main.o(i.ADC1_SAMPLING) refers to main.o(.data) for batt_lvl_in_milli_volts
    main.o(i.ADC1_SAMPLING) refers to main.o(.bss) for battery_voltage_arrary
    main.o(i.ADC_Configuration) refers to stm32f10x_rcc.o(i.RCC_APB2PeriphClockCmd) for RCC_APB2PeriphClockCmd
    main.o(i.ADC_Configuration) refers to stm32f10x_rcc.o(i.RCC_ADCCLKConfig) for RCC_ADCCLKConfig
    main.o(i.ADC_Configuration) refers to stm32f10x_adc.o(i.ADC_Init) for ADC_Init
    main.o(i.ADC_Configuration) refers to stm32f10x_adc.o(i.ADC_RegularChannelConfig) for ADC_RegularChannelConfig
    main.o(i.ADC_Configuration) refers to stm32f10x_adc.o(i.ADC_Cmd) for ADC_Cmd
    main.o(i.ADC_Configuration) refers to stm32f10x_adc.o(i.ADC_ResetCalibration) for ADC_ResetCalibration
    main.o(i.ADC_Configuration) refers to stm32f10x_adc.o(i.ADC_GetResetCalibrationStatus) for ADC_GetResetCalibrationStatus
    main.o(i.ADC_Configuration) refers to stm32f10x_adc.o(i.ADC_StartCalibration) for ADC_StartCalibration
    main.o(i.ADC_Configuration) refers to stm32f10x_adc.o(i.ADC_GetCalibrationStatus) for ADC_GetCalibrationStatus
    main.o(i.ADC_Configuration) refers to stm32f10x_adc.o(i.ADC_SoftwareStartConvCmd) for ADC_SoftwareStartConvCmd
    main.o(i.CanToUtcp) refers to main.o(i.CheckReceive) for CheckReceive
    main.o(i.CanToUtcp) refers to rt_memclr.o(.text) for __aeabi_memclr
    main.o(i.CanToUtcp) refers to systick.o(i.systick_getcnt) for systick_getcnt
    main.o(i.CanToUtcp) refers to shell.o(i.ShellPrintf) for ShellPrintf
    main.o(i.CanToUtcp) refers to uart.o(i.ComxPutChar) for ComxPutChar
    main.o(i.CanToUtcp) refers to candrv.o(i.CanReceive) for CanReceive
    main.o(i.CanToUtcp) refers to shell.o(.data) for DebugMode
    main.o(i.CanToUtcp) refers to main.o(.constdata) for .constdata
    main.o(i.CanToUtcp) refers to uart.o(.bss) for COM1
    main.o(i.CheckReceive) refers to main.o(i.SendAddressClaim) for SendAddressClaim
    main.o(i.CheckReceive) refers to main.o(i.CompareName) for CompareName
    main.o(i.CheckReceive) refers to main.o(i.SelectAddress) for SelectAddress
    main.o(i.CheckReceive) refers to main.o(.data) for s_SA
    main.o(i.CheckReceive) refers to main.o(.bss) for s_DA_LIST
    main.o(i.EXTI0_Configuration) refers to stm32f10x_rcc.o(i.RCC_APB2PeriphClockCmd) for RCC_APB2PeriphClockCmd
    main.o(i.EXTI0_Configuration) refers to stm32f10x_gpio.o(i.GPIO_EXTILineConfig) for GPIO_EXTILineConfig
    main.o(i.EXTI0_Configuration) refers to stm32f10x_exti.o(i.EXTI_ClearITPendingBit) for EXTI_ClearITPendingBit
    main.o(i.EXTI0_Configuration) refers to stm32f10x_exti.o(i.EXTI_Init) for EXTI_Init
    main.o(i.EXTI0_Configuration) refers to misc.o(i.NVIC_PriorityGroupConfig) for NVIC_PriorityGroupConfig
    main.o(i.EXTI0_Configuration) refers to misc.o(i.NVIC_Init) for NVIC_Init
    main.o(i.GPIO_Configuration) refers to stm32f10x_rcc.o(i.RCC_APB2PeriphClockCmd) for RCC_APB2PeriphClockCmd
[...]
    i.QueListPost                            0x080042d6   Section        0  uart.o(i.QueListPost)
    i.RCC_ADCCLKConfig                       0x08004310   Section        0  stm32f10x_rcc.o(i.RCC_ADCCLKConfig)
    i.RCC_APB1PeriphClockCmd                 0x08004328   Section        0  stm32f10x_rcc.o(i.RCC_APB1PeriphClockCmd)
    i.RCC_APB1PeriphResetCmd                 0x08004348   Section        0  stm32f10x_rcc.o(i.RCC_APB1PeriphResetCmd)
    i.RCC_APB2PeriphClockCmd                 0x08004368   Section        0  stm32f10x_rcc.o(i.RCC_APB2PeriphClockCmd)
    i.RCC_APB2PeriphResetCmd                 0x08004388   Section        0  stm32f10x_rcc.o(i.RCC_APB2PeriphResetCmd)
    i.RCC_GetClocksFreq                      0x080043a8   Section        0  stm32f10x_rcc.o(i.RCC_GetClocksFreq)
    i.RequestAddressClaim                    0x08004534   Section        0  main.o(i.RequestAddressClaim)
    i.SelectAddress                          0x08004570   Section        0  main.o(i.SelectAddress)
    i.SendAddressClaim                       0x080045a4   Section        0  main.o(i.SendAddressClaim)
    i.SetSysClock                            0x08004608   Section        0  system_stm32f10x.o(i.SetSysClock)
    SetSysClock                              0x08004609   Thumb Code     8  system_stm32f10x.o(i.SetSysClock)
    i.SetSysClockTo72                        0x08004610   Section        0  system_stm32f10x.o(i.SetSysClockTo72)
    SetSysClockTo72                          0x08004611   Thumb Code   258  system_stm32f10x.o(i.SetSysClockTo72)
    i.ShellHelp                              0x08004720   Section        0  shell.o(i.ShellHelp)
    i.ShellInit                              0x0800489c   Section        0  shell.o(i.ShellInit)
    i.ShellMain                              0x080048c4   Section        0  shell.o(i.ShellMain)
    i.ShellPrintf                            0x0800495c   Section        0  shell.o(i.ShellPrintf)
    i.ShellRtu                               0x0800498c   Section        0  shell.o(i.ShellRtu)
    i.ShellUpdate                            0x08004aac   Section        0  shell.o(i.ShellUpdate)
    i.SysTick_Handler                        0x08004abc   Section        0  systick.o(i.SysTick_Handler)
    i.SystemInit                             0x08004b08   Section        0  system_stm32f10x.o(i.SystemInit)
    i.TIM2_IRQHandler                        0x08004b74   Section        0  main.o(i.TIM2_IRQHandler)
    i.TIMER_Configuration                    0x08004cb4   Section        0  main.o(i.TIMER_Configuration)
    i.TIM_ClearFlag                          0x08004d3c   Section        0  stm32f10x_tim.o(i.TIM_ClearFlag)
    i.TIM_ClearITPendingBit                  0x08004d42   Section        0  stm32f10x_tim.o(i.TIM_ClearITPendingBit)
    i.TIM_Cmd                                0x08004d48   Section        0  stm32f10x_tim.o(i.TIM_Cmd)
    i.TIM_DeInit                             0x08004d60   Section        0  stm32f10x_tim.o(i.TIM_DeInit)
    i.TIM_GetITStatus                        0x08004f48   Section        0  stm32f10x_tim.o(i.TIM_GetITStatus)
    i.TIM_ITConfig                           0x08004f6a   Section        0  stm32f10x_tim.o(i.TIM_ITConfig)
    i.TIM_TimeBaseInit                       0x08004f7c   Section        0  stm32f10x_tim.o(i.TIM_TimeBaseInit)
    i.UART4_IRQHandler                       0x08005020   Section        0  uart.o(i.UART4_IRQHandler)
    i.UART5_IRQHandler                       0x08005054   Section        0  uart.o(i.UART5_IRQHandler)
    i.USART1_IRQHandler                      0x08005088   Section        0  uart.o(i.USART1_IRQHandler)
    i.USART2_IRQHandler                      0x08005104   Section        0  uart.o(i.USART2_IRQHandler)
    i.USART3_IRQHandler                      0x08005138   Section        0  uart.o(i.USART3_IRQHandler)
    i.USART_Cmd                              0x080051b4   Section        0  stm32f10x_usart.o(i.USART_Cmd)
    i.USART_DeInit                           0x080051cc   Section        0  stm32f10x_usart.o(i.USART_DeInit)
    i.USART_GetFlagStatus                    0x08005268   Section        0  stm32f10x_usart.o(i.USART_GetFlagStatus)
    i.USART_GetITStatus                      0x08005282   Section        0  stm32f10x_usart.o(i.USART_GetITStatus)
    i.USART_ITConfig                         0x080052d6   Section        0  stm32f10x_usart.o(i.USART_ITConfig)
    i.USART_Init                             0x08005320   Section        0  stm32f10x_usart.o(i.USART_Init)
    i.USART_ReceiveData                      0x080053f8   Section        0  stm32f10x_usart.o(i.USART_ReceiveData)
    i.USART_SendData                         0x08005402   Section        0  stm32f10x_usart.o(i.USART_SendData)
    i.USART_StructInit                       0x0800540a   Section        0  stm32f10x_usart.o(i.USART_StructInit)
    i.UartDataToCanData                      0x08005424   Section        0  main.o(i.UartDataToCanData)
    i.WinceCmdEntry                          0x0800549c   Section        0  main.o(i.WinceCmdEntry)
    i.WinceCmdInit                           0x0800573c   Section        0  main.o(i.WinceCmdInit)
    i.__ARM_fpclassify                       0x08005750   Section        0  fpclassify.o(i.__ARM_fpclassify)
    i._is_digit                              0x08005778   Section        0  __printf_wp.o(i._is_digit)
    i.main                                   0x08005788   Section        0  main.o(i.main)
    i.sys_hour_tick                          0x08005984   Section        0  systick.o(i.sys_hour_tick)
    i.sys_msec_tick                          0x08005990   Section        0  systick.o(i.sys_msec_tick)
    i.systick_add                            0x0800599c   Section        0  systick.o(i.systick_add)
    i.systick_getcnt                         0x080059b8   Section        0  systick.o(i.systick_getcnt)
    i.systick_init                           0x080059c4   Section        0  systick.o(i.systick_init)
    locale$$code                             0x08005a1c   Section       44  lc_ctype_c.o(locale$$code)
    locale$$code                             0x08005a48   Section       44  lc_numeric_c.o(locale$$code)
    x$fpl$printf1                            0x08005a74   Section        4  printf1.o(x$fpl$printf1)
    .constdata                               0x08005a78   Section       89  main.o(.constdata)
    x$fpl$usenofp                            0x08005a78   Section        0  usenofp.o(x$fpl$usenofp)
    .constdata                               0x08005ad4   Section       32  shell.o(.constdata)
    .constdata                               0x08005af4   Section       80  gpio.o(.constdata)
    .constdata                               0x08005b44   Section        8  _printf_wctomb.o(.constdata)
    initial_mbstate                          0x08005b44   Data           8  _printf_wctomb.o(.constdata)
    .constdata                               0x08005b4c   Section       40  _printf_hex_int_ll_ptr.o(.constdata)
    uc_hextab                                0x08005b4c   Data          20  _printf_hex_int_ll_ptr.o(.constdata)
    lc_hextab                                0x08005b60   Data          20  _printf_hex_int_ll_ptr.o(.constdata)
    .constdata                               0x08005b74   Section       17  __printf_flags_ss_wp.o(.constdata)
    maptable                                 0x08005b74   Data          17  __printf_flags_ss_wp.o(.constdata)
    .constdata                               0x08005b88   Section      148  bigflt0.o(.constdata)
    tenpwrs_x                                0x08005b88   Data          60  bigflt0.o(.constdata)
    tenpwrs_i                                0x08005bc4   Data          64  bigflt0.o(.constdata)
    .conststring                             0x08005c1c   Section       16  shell.o(.conststring)
    locale$$data                             0x08005c4c   Section      272  lc_ctype_c.o(locale$$data)
    __lcctype_c_name                         0x08005c50   Data           2  lc_ctype_c.o(locale$$data)
    __lcctype_c_start                        0x08005c58   Data           0  lc_ctype_c.o(locale$$data)
    locale$$data                             0x08005d5c   Section       28  lc_numeric_c.o(locale$$data)
    __lcctype_c_end                          0x08005d5c   Data           0  lc_ctype_c.o(locale$$data)
    __lcnum_c_name                           0x08005d60   Data           2  lc_numeric_c.o(locale$$data)
    __lcnum_c_start                          0x08005d68   Data           0  lc_numeric_c.o(locale$$data)
    __lcnum_c_point                          0x08005d74   Data           0  lc_numeric_c.o(locale$$data)
    __lcnum_c_thousands                      0x08005d76   Data           0  lc_numeric_c.o(locale$$data)
    __lcnum_c_grouping                       0x08005d77   Data           0  lc_numeric_c.o(locale$$data)
    __lcnum_c_end                            0x08005d78   Data           0  lc_numeric_c.o(locale$$data)
    .data                                    0x20000000   Section       35  main.o(.data)
    battery_voltage_arrary_index             0x20000004   Data           1  main.o(.data)
    s_SA                                     0x20000005   Data           1  main.o(.data)
    s_AddressClaimTime                       0x20000008   Data           4  main.o(.data)
    acc_on_cnt                               0x2000000c   Data           2  main.o(.data)
    acc_off_cnt                              0x2000000e   Data           2  main.o(.data)
    MyName                                   0x2000001a   Data           8  main.o(.data)
    s_inWait                                 0x20000022   Data           1  main.o(.data)
    .data                                    0x20000024   Section        4  shell.o(.data)
    .data                                    0x20000028   Section       20  system_stm32f10x.o(.data)
    .data                                    0x2000003c   Section       20  stm32f10x_rcc.o(.data)
    APBAHBPrescTable                         0x2000003c   Data          16  stm32f10x_rcc.o(.data)
    ADCPrescTable                            0x2000004c   Data           4  stm32f10x_rcc.o(.data)
    .bss                                     0x20000050   Section     2340  main.o(.bss)
    battery_voltage_arrary                   0x20000050   Data          24  main.o(.bss)
    s_DA_LIST                                0x20000874   Data         256  main.o(.bss)
    .bss                                     0x20000974   Section      336  shell.o(.bss)
    .bss                                     0x20000ac4   Section       24  systick.o(.bss)
    systick_ctrlvar                          0x20000ac4   Data          24  systick.o(.bss)
    .bss                                     0x20000adc   Section     8264  candrv.o(.bss)
    QueCAN1In                                0x20000af4   Data          12  candrv.o(.bss)
    CAN1InBuffer                             0x20000b00   Data        2048  candrv.o(.bss)
    QueCAN2In                                0x20001300   Data          12  candrv.o(.bss)
    CAN2InBuffer                             0x2000130c   Data        2048  candrv.o(.bss)
    QueCAN1Out                               0x20001b0c   Data          12  candrv.o(.bss)
    CAN1OutBuffer                            0x20001b18   Data        2048  candrv.o(.bss)
    QueCAN2Out                               0x20002318   Data          12  candrv.o(.bss)
    CAN2OutBuffer                            0x20002324   Data        2048  candrv.o(.bss)
    .bss                                     0x20002b24   Section     2680  uart.o(.bss)
    QueCOM1In                                0x20002b6c   Data          12  uart.o(.bss)
    Com1InBuffer                             0x20002b78   Data         512  uart.o(.bss)
    QueCOM3In                                0x20002d78   Data          12  uart.o(.bss)
    Com3InBuffer                             0x20002d84   Data         512  uart.o(.bss)
    QueCOM1Out                               0x20002f84   Data          12  uart.o(.bss)
    Com1OutBuffer                            0x20002f90   Data         512  uart.o(.bss)
    QueCOM3Out                               0x20003190   Data          12  uart.o(.bss)
    Com3OutBuffer                            0x2000319c   Data        1024  uart.o(.bss)
    .bss                                     0x2000359c   Section       96  libspace.o(.bss)
    HEAP                                     0x20003600   Section      512  startup_stm32f10x_cl.o(HEAP)
    Heap_Mem                                 0x20003600   Data         512  startup_stm32f10x_cl.o(HEAP)
    STACK                                    0x20003800   Section     1024  startup_stm32f10x_cl.o(STACK)
    Stack_Mem                                0x20003800   Data        1024  startup_stm32f10x_cl.o(STACK)
    __initial_sp                             0x20003c00   Data           0  startup_stm32f10x_cl.o(STACK)

    Global Symbols

    Symbol Name                              Value     Ov Type        Size  Object(Section)

    BuildAttributes$$THM_ISAv4$P$D$K$B$S$PE$A:L22UL41UL21$X:L11$S22US41US21$IEEE1$IW$USESV6$~STKCKD$USESV7$~SHL$OTIME$ROPI$IEEEJ$EBA8$UX$STANDARDLIB$REQ8$PRES8$EABIv2 0x00000000   Number         0  anon$$obj.o ABSOLUTE
    __ARM_use_no_argv                        0x00000000   Number         0  main.o ABSOLUTE
    _printf_flags                            0x00000000   Number         0  printf_stubs.o ABSOLUTE
    _printf_return_value                     0x00000000   Number         0  printf_stubs.o ABSOLUTE
    _printf_sizespec                         0x00000000   Number         0  printf_stubs.o ABSOLUTE
    _printf_widthprec                        0x00000000   Number         0  printf_stubs.o ABSOLUTE
    __ARM_exceptions_init                     - Undefined Weak Reference
    __alloca_initialize                       - Undefined Weak Reference
    __cpp_initialize__aeabi_                  - Undefined Weak Reference
    __cxa_finalize                            - Undefined Weak Reference
    __sigvec_lookup                           - Undefined Weak Reference
    _atexit_init                              - Undefined Weak Reference
    _call_atexit_fns                          - Undefined Weak Reference
    _clock_init                               - Undefined Weak Reference
    _fp_trap_init                             - Undefined Weak Reference
    _fp_trap_shutdown                         - Undefined Weak Reference
    _get_lc_collate                           - Undefined Weak Reference
    _get_lc_monetary                          - Undefined Weak Reference
    _get_lc_time                              - Undefined Weak Reference
    _getenv_init                              - Undefined Weak Reference
    _handle_redirection                       - Undefined Weak Reference
    _init_alloc                               - Undefined Weak Reference
    _init_user_alloc                          - Undefined Weak Reference
    _initio                                   - Undefined Weak Reference
    _printf_fp_hex                            - Undefined Weak Reference
    _printf_mbtowc                            - Undefined Weak Reference
    _printf_wc                                - Undefined Weak Reference
    _rand_init                                - Undefined Weak Reference
    _signal_finish                            - Undefined Weak Reference
    _signal_init                              - Undefined Weak Reference
    _terminate_alloc                          - Undefined Weak Reference
    _terminate_user_alloc                     - Undefined Weak Reference
    _terminateio                              - Undefined Weak Reference
    __Vectors_Size                           0x00000180   Number         0  startup_stm32f10x_cl.o ABSOLUTE
    __Vectors                                0x08000000   Data           4  startup_stm32f10x_cl.o(RESET)
    __Vectors_End                            0x08000180   Data           0  startup_stm32f10x_cl.o(RESET)
    __main                                   0x08000181   Thumb Code     8  __main.o(!!!main)
    __scatterload                            0x08000189   Thumb Code     0  __scatter.o(!!!scatter)
    __scatterload_rt2                        0x08000189   Thumb Code    44  __scatter.o(!!!scatter)
    __scatterload_rt2_thumb_only             0x08000189   Thumb Code     0  __scatter.o(!!!scatter)
    __scatterload_null                       0x08000197   Thumb Code     0  __scatter.o(!!!scatter)
    __scatterload_copy                       0x080001bd   Thumb Code    26  __scatter_copy.o(!!handler_copy)
    __scatterload_zeroinit                   0x080001d9   Thumb Code    28  __scatter_zi.o(!!handler_zi)
    _printf_n                                0x080001f5   Thumb Code     0  _printf_n.o(.ARM.Collect$$_printf_percent$$00000001)
    _printf_percent                          0x080001f5   Thumb Code     0  _printf_percent.o(.ARM.Collect$$_printf_percent$$00000000)
    _printf_p                                0x080001fb   Thumb Code     0  _printf_p.o(.ARM.Collect$$_printf_percent$$00000002)
    _printf_f                                0x08000201   Thumb Code     0  _printf_f.o(.ARM.Collect$$_printf_percent$$00000003)
    _printf_e                                0x08000207   Thumb Code     0  _printf_e.o(.ARM.Collect$$_printf_percent$$00000004)
    _printf_g                                0x0800020d   Thumb Code     0  _printf_g.o(.ARM.Collect$$_printf_percent$$00000005)
    _printf_a                                0x08000213   Thumb Code     0  _printf_a.o(.ARM.Collect$$_printf_percent$$00000006)
    _printf_ll                               0x08000219   Thumb Code     0  _printf_ll.o(.ARM.Collect$$_printf_percent$$00000007)
    _printf_i                                0x08000223   Thumb Code     0  _printf_i.o(.ARM.Collect$$_printf_percent$$00000008)
    _printf_d                                0x08000229   Thumb Code     0  _printf_d.o(.ARM.Collect$$_printf_percent$$00000009)
    _printf_u                                0x0800022f   Thumb Code     0  _printf_u.o(.ARM.Collect$$_printf_percent$$0000000A)
    _printf_o                                0x08000235   Thumb Code     0  _printf_o.o(.ARM.Collect$$_printf_percent$$0000000B)
    _printf_x                                0x0800023b   Thumb Code     0  _printf_x.o(.ARM.Collect$$_printf_percent$$0000000C)
    _printf_lli                              0x08000241   Thumb Code     0  _printf_lli.o(.ARM.Collect$$_printf_percent$$0000000D)
    _printf_lld                              0x08000247   Thumb Code     0  _printf_lld.o(.ARM.Collect$$_printf_percent$$0000000E)
    _printf_llu                              0x0800024d   Thumb Code     0  _printf_llu.o(.ARM.Collect$$_printf_percent$$0000000F)
    _printf_llo                              0x08000253   Thumb Code     0  _printf_llo.o(.ARM.Collect$$_printf_percent$$00000010)
    _printf_llx                              0x08000259   Thumb Code     0  _printf_llx.o(.ARM.Collect$$_printf_percent$$00000011)
    _printf_l                                0x0800025f   Thumb Code     0  _printf_l.o(.ARM.Collect$$_printf_percent$$00000012)
    _printf_c                                0x08000269   Thumb Code     0  _printf_c.o(.ARM.Collect$$_printf_percent$$00000013)
    _printf_s                                0x0800026f   Thumb Code     0  _printf_s.o(.ARM.Collect$$_printf_percent$$00000014)
    _printf_lc                               0x08000275   Thumb Code     0  _printf_lc.o(.ARM.Collect$$_printf_percent$$00000015)
    _printf_ls                               0x0800027b   Thumb Code     0  _printf_ls.o(.ARM.Collect$$_printf_percent$$00000016)
    _printf_percent_end                      0x08000281   Thumb Code     0  _printf_percent_end.o(.ARM.Collect$$_printf_percent$$00000017)
    __rt_lib_init                            0x08000285   Thumb Code     0  libinit.o(.ARM.Collect$$libinit$$00000000)
    __rt_lib_init_fp_1                       0x08000287   Thumb Code     0  libinit2.o(.ARM.Collect$$libinit$$00000002)
    __rt_lib_init_heap_1                     0x08000287   Thumb Code     0  libinit2.o(.ARM.Collect$$libinit$$00000008)
    __rt_lib_init_lc_common                  0x08000287   Thumb Code     0  libinit2.o(.ARM.Collect$$libinit$$0000000D)
    __rt_lib_init_rand_1                     0x08000287   Thumb Code     0  libinit2.o(.ARM.Collect$$libinit$$0000000C)
    __rt_lib_init_user_alloc_1               0x08000287   Thumb Code     0  libinit2.o(.ARM.Collect$$libinit$$0000000A)
    __rt_lib_init_lc_collate_1               0x0800028d   Thumb Code     0  libinit2.o(.ARM.Collect$$libinit$$0000000F)
    __rt_lib_init_lc_ctype_2                 0x0800028d   Thumb Code     0  libinit2.o(.ARM.Collect$$libinit$$00000010)
    __rt_lib_init_lc_ctype_1                 0x08000299   Thumb Code     0  libinit2.o(.ARM.Collect$$libinit$$00000011)
    __rt_lib_init_lc_monetary_1              0x08000299   Thumb Code     0  libinit2.o(.ARM.Collect$$libinit$$00000013)
    __rt_lib_init_lc_numeric_2               0x08000299   Thumb Code     0  libinit2.o(.ARM.Collect$$libinit$$00000014)
    __rt_lib_init_alloca_1                   0x080002a3   Thumb Code     0  libinit2.o(.ARM.Collect$$libinit$$0000002C)
    __rt_lib_init_argv_1                     0x080002a3   Thumb Code     0  libinit2.o(.ARM.Collect$$libinit$$0000002A)
    __rt_lib_init_atexit_1                   0x080002a3   Thumb Code     0  libinit2.o(.ARM.Collect$$libinit$$00000019)
    __rt_lib_init_clock_1                    0x080002a3   Thumb Code     0  libinit2.o(.ARM.Collect$$libinit$$0000001F)
    __rt_lib_init_cpp_1                      0x080002a3   Thumb Code     0  libinit2.o(.ARM.Collect$$libinit$$00000030)
    __rt_lib_init_exceptions_1               0x080002a3   Thumb Code     0  libinit2.o(.ARM.Collect$$libinit$$0000002E)
    __rt_lib_init_fp_trap_1                  0x080002a3   Thumb Code     0  libinit2.o(.ARM.Collect$$libinit$$0000001D)
    __rt_lib_init_getenv_1                   0x080002a3   Thumb Code     0  libinit2.o(.ARM.Collect$$libinit$$00000021)
    __rt_lib_init_lc_numeric_1               0x080002a3   Thumb Code     0  libinit2.o(.ARM.Collect$$libinit$$00000015)
    __rt_lib_init_lc_time_1                  0x080002a3   Thumb Code     0  libinit2.o(.ARM.Collect$$libinit$$00000017)
    __rt_lib_init_return                     0x080002a3   Thumb Code     0  libinit2.o(.ARM.Collect$$libinit$$00000031)
    __rt_lib_init_signal_1                   0x080002a3   Thumb Code     0  libinit2.o(.ARM.Collect$$libinit$$0000001B)
    __rt_lib_init_stdio_1                    0x080002a3   Thumb Code     0  libinit2.o(.ARM.Collect$$libinit$$00000023)
    __rt_lib_shutdown                        0x080002a5   Thumb Code     0  libshutdown.o(.ARM.Collect$$libshutdown$$00000000)
    __rt_lib_shutdown_fp_trap_1              0x080002a7   Thumb Code     0  libshutdown2.o(.ARM.Collect$$libshutdown$$00000006)
    __rt_lib_shutdown_heap_1                 0x080002a7   Thumb Code     0  libshutdown2.o(.ARM.Collect$$libshutdown$$0000000E)
    __rt_lib_shutdown_return                 0x080002a7   Thumb Code     0  libshutdown2.o(.ARM.Collect$$libshutdown$$0000000F)
    __rt_lib_shutdown_signal_1               0x080002a7   Thumb Code     0  libshutdown2.o(.ARM.Collect$$libshutdown$$00000009)
    __rt_lib_shutdown_stdio_1                0x080002a7   Thumb Code     0  libshutdown2.o(.ARM.Collect$$libshutdown$$00000003)
    __rt_lib_shutdown_user_alloc_1           0x080002a7   Thumb Code     0  libshutdown2.o(.ARM.Collect$$libshutdown$$0000000B)
    __rt_entry                               0x080002a9   Thumb Code     0  rtentry.o(.ARM.Collect$$rtentry$$00000000)
    __rt_entry_presh_1                       0x080002a9   Thumb Code     0  rtentry2.o(.ARM.Collect$$rtentry$$00000002)
    __rt_entry_sh                            0x080002a9   Thumb Code     0  rtentry4.o(.ARM.Collect$$rtentry$$00000004)
    __rt_entry_li                            0x080002af   Thumb Code     0  rtentry2.o(.ARM.Collect$$rtentry$$0000000A)
    __rt_entry_postsh_1                      0x080002af   Thumb Code     0  rtentry2.o(.ARM.Collect$$rtentry$$00000009)
    __rt_entry_main                          0x080002b3   Thumb Code     0  rtentry2.o(.ARM.Collect$$rtentry$$0000000D)
    __rt_entry_postli_1                      0x080002b3   Thumb Code     0  rtentry2.o(.ARM.Collect$$rtentry$$0000000C)
    __rt_exit                                0x080002bb   Thumb Code     0  rtexit.o(.ARM.Collect$$rtexit$$00000000)
    __rt_exit_ls                             0x080002bd   Thumb Code     0  rtexit2.o(.ARM.Collect$$rtexit$$00000003)
    __rt_exit_prels_1                        0x080002bd   Thumb Code     0  rtexit2.o(.ARM.Collect$$rtexit$$00000002)
    __rt_exit_exit                           0x080002c1   Thumb Code     0  rtexit2.o(.ARM.Collect$$rtexit$$00000004)
    SysSoftRst                               0x080002c9   Thumb Code    16  bsp.o(.emb_text)
    BSP_CPU_IntDis                           0x080002e1   Thumb Code     4  bsp.o(.emb_text)
    BSP_CPU_IntEn                            0x080002e5   Thumb Code     4  bsp.o(.emb_text)
    Reset_Handler                            0x080002e9   Thumb Code     8  startup_stm32f10x_cl.o(.text)
    NMI_Handler                              0x080002f1   Thumb Code     2  startup_stm32f10x_cl.o(.text)
    HardFault_Handler                        0x080002f3   Thumb Code     2  startup_stm32f10x_cl.o(.text)
    MemManage_Handler                        0x080002f5   Thumb Code     2  startup_stm32f10x_cl.o(.text)
    BusFault_Handler                         0x080002f7   Thumb Code     2  startup_stm32f10x_cl.o(.text)
    UsageFault_Handler                       0x080002f9   Thumb Code     2  startup_stm32f10x_cl.o(.text)
    SVC_Handler                              0x080002fb   Thumb Code     2  startup_stm32f10x_cl.o(.text)
    DebugMon_Handler                         0x080002fd   Thumb Code     2  startup_stm32f10x_cl.o(.text)
    PendSV_Handler                           0x080002ff   Thumb Code     2  startup_stm32f10x_cl.o(.text)
    ADC1_2_IRQHandler                        0x08000303   Thumb Code     0  startup_stm32f10x_cl.o(.text)
    DMA1_Channel1_IRQHandler                 0x08000303   Thumb Code     0  startup_stm32f10x_cl.o(.text)
    DMA1_Channel2_IRQHandler                 0x08000303   Thumb Code     0  startup_stm32f10x_cl.o(.text)
    DMA1_Channel3_IRQHandler                 0x08000303   Thumb Code     0  startup_stm32f10x_cl.o(.text)
    DMA1_Channel4_IRQHandler                 0x08000303   Thumb Code     0  startup_stm32f10x_cl.o(.text)
    DMA1_Channel5_IRQHandler                 0x08000303   Thumb Code     0  startup_stm32f10x_cl.o(.text)
    DMA1_Channel6_IRQHandler                 0x08000303   Thumb Code     0  startup_stm32f10x_cl.o(.text)
    DMA1_Channel7_IRQHandler                 0x08000303   Thumb Code     0  startup_stm32f10x_cl.o(.text)
    DMA2_Channel1_IRQHandler                 0x08000303   Thumb Code     0  startup_stm32f10x_cl.o(.text)
    DMA2_Channel2_IRQHandler                 0x08000303   Thumb Code     0  startup_stm32f10x_cl.o(.text)
    DMA2_Channel3_IRQHandler                 0x08000303   Thumb Code     0  startup_stm32f10x_cl.o(.text)
    DMA2_Channel4_IRQHandler                 0x08000303   Thumb Code     0  startup_stm32f10x_cl.o(.text)
    DMA2_Channel5_IRQHandler                 0x08000303   Thumb Code     0  startup_stm32f10x_cl.o(.text)
    ETH_IRQHandler                           0x08000303   Thumb Code     0  startup_stm32f10x_cl.o(.text)
    ETH_WKUP_IRQHandler                      0x08000303   Thumb Code     0  startup_stm32f10x_cl.o(.text)
    EXTI0_IRQHandler                         0x08000303   Thumb Code     0  startup_stm32f10x_cl.o(.text)
    EXTI15_10_IRQHandler                     0x08000303   Thumb Code     0  startup_stm32f10x_cl.o(.text)
    EXTI1_IRQHandler                         0x08000303   Thumb Code     0  startup_stm32f10x_cl.o(.text)
    EXTI2_IRQHandler                         0x08000303   Thumb Code     0  startup_stm32f10x_cl.o(.text)
    EXTI3_IRQHandler                         0x08000303   Thumb Code     0  startup_stm32f10x_cl.o(.text)
    EXTI4_IRQHandler                         0x08000303   Thumb Code     0  startup_stm32f10x_cl.o(.text)
    EXTI9_5_IRQHandler                       0x08000303   Thumb Code     0  startup_stm32f10x_cl.o(.text)
    FLASH_IRQHandler                         0x08000303   Thumb Code     0  startup_stm32f10x_cl.o(.text)
    I2C1_ER_IRQHandler                       0x08000303   Thumb Code     0  startup_stm32f10x_cl.o(.text)
    I2C1_EV_IRQHandler                       0x08000303   Thumb Code     0  startup_stm32f10x_cl.o(.text)
    I2C2_ER_IRQHandler                       0x08000303   Thumb Code     0  startup_stm32f10x_cl.o(.text)
    I2C2_EV_IRQHandler                       0x08000303   Thumb Code     0  startup_stm32f10x_cl.o(.text)
    OTG_FS_IRQHandler                        0x08000303   Thumb Code     0  startup_stm32f10x_cl.o(.text)
    OTG_FS_WKUP_IRQHandler                   0x08000303   Thumb Code     0  startup_stm32f10x_cl.o(.text)
    PVD_IRQHandler                           0x08000303   Thumb Code     0  startup_stm32f10x_cl.o(.text)
    RCC_IRQHandler                           0x08000303   Thumb Code     0  startup_stm32f10x_cl.o(.text)
    RTCAlarm_IRQHandler                      0x08000303   Thumb Code     0  startup_stm32f10x_cl.o(.text)
    RTC_IRQHandler                           0x08000303   Thumb Code     0  startup_stm32f10x_cl.o(.text)
    SPI1_IRQHandler                          0x08000303   Thumb Code     0  startup_stm32f10x_cl.o(.text)
    SPI2_IRQHandler                          0x08000303   Thumb Code     0  startup_stm32f10x_cl.o(.text)
    SPI3_IRQHandler                          0x08000303   Thumb Code     0  startup_stm32f10x_cl.o(.text)
    TAMPER_IRQHandler                        0x08000303   Thumb Code     0  startup_stm32f10x_cl.o(.text)
    TIM1_BRK_IRQHandler                      0x08000303   Thumb Code     0  startup_stm32f10x_cl.o(.text)
    TIM1_CC_IRQHandler                       0x08000303   Thumb Code     0  startup_stm32f10x_cl.o(.text)
    TIM1_TRG_COM_IRQHandler                  0x08000303   Thumb Code     0  startup_stm32f10x_cl.o(.text)
    TIM1_UP_IRQHandler                       0x08000303   Thumb Code     0  startup_stm32f10x_cl.o(.text)
    TIM3_IRQHandler                          0x08000303   Thumb Code     0  startup_stm32f10x_cl.o(.text)
    TIM4_IRQHandler                          0x08000303   Thumb Code     0  startup_stm32f10x_cl.o(.text)
    TIM5_IRQHandler                          0x08000303   Thumb Code     0  startup_stm32f10x_cl.o(.text)
    TIM6_IRQHandler                          0x08000303   Thumb Code     0  startup_stm32f10x_cl.o(.text)
    TIM7_IRQHandler                          0x08000303   Thumb Code     0  startup_stm32f10x_cl.o(.text)
    WWDG_IRQHandler                          0x08000303   Thumb Code     0  startup_stm32f10x_cl.o(.text)
    __user_initial_stackheap                 0x08000305   Thumb Code     0  startup_stm32f10x_cl.o(.text)
    __c89vsnprintf                           0x08000329   Thumb Code    48  c89vsnprintf.o(.text)
    strcasecmp                               0x0800035d   Thumb Code    42  strcasecmp.o(.text)
    strlen                                   0x08000387   Thumb Code    62  strlen.o(.text)
    __aeabi_memcpy                           0x080003c5   Thumb Code     0  rt_memcpy_v6.o(.text)
    __rt_memcpy                              0x080003c5   Thumb Code   138  rt_memcpy_v6.o(.text)
    _memcpy_lastbytes                        0x0800042b   Thumb Code     0  rt_memcpy_v6.o(.text)
    __aeabi_memclr                           0x0800044f   Thumb Code     0  rt_memclr.o(.text)
    __rt_memclr                              0x0800044f   Thumb Code    68  rt_memclr.o(.text)
    _memset                                  0x08000453   Thumb Code     0  rt_memclr.o(.text)
    __aeabi_memclr4                          0x08000493   Thumb Code     0  rt_memclr_w.o(.text)
    __aeabi_memclr8                          0x08000493   Thumb Code     0  rt_memclr_w.o(.text)
    __rt_memclr_w                            0x08000493   Thumb Code    78  rt_memclr_w.o(.text)
    _memset_w                                0x08000497   Thumb Code     0  rt_memclr_w.o(.text)
    __use_two_region_memory                  0x080004e1   Thumb Code     2  heapauxi.o(.text)
    __rt_heap_escrow$2region                 0x080004e3   Thumb Code     2  heapauxi.o(.text)
    __rt_heap_expand$2region                 0x080004e5   Thumb Code     2  heapauxi.o(.text)
    tolower                                  0x080004e7   Thumb Code    26  tolower.o(.text)
    _printf_pre_padding                      0x08000501   Thumb Code    46  _printf_pad.o(.text)
    _printf_post_padding                     0x0800052f   Thumb Code    36  _printf_pad.o(.text)
    _printf_truncate_signed                  0x08000553   Thumb Code    18  _printf_truncate.o(.text)
    _printf_truncate_unsigned                0x08000565   Thumb Code    18  _printf_truncate.o(.text)
    _printf_str                              0x08000577   Thumb Code    82  _printf_str.o(.text)
    _printf_int_dec                          0x080005c9   Thumb Code   102  _printf_dec.o(.text)
    _printf_charcount                        0x08000641   Thumb Code    42  _printf_charcount.o(.text)
    _printf_char_common                      0x08000677   Thumb Code    32  _printf_char_common.o(.text)
    _sputc                                   0x0800069d   Thumb Code    10  _sputc.o(.text)
    _snputc                                  0x080006a7   Thumb Code    16  _snputc.o(.text)
    _printf_wctomb                           0x080006b9   Thumb Code   182  _printf_wctomb.o(.text)
    _printf_longlong_dec                     0x08000775   Thumb Code   104  _printf_longlong_dec.o(.text)
    _printf_longlong_oct                     0x080007ed   Thumb Code    76  _printf_oct_int_ll.o(.text)
    _printf_int_oct                          0x08000839   Thumb Code    24  _printf_oct_int_ll.o(.text)
    _printf_ll_oct                           0x08000851   Thumb Code    12  _printf_oct_int_ll.o(.text)
    _printf_longlong_hex                     0x08000865   Thumb Code    92  _printf_hex_int_ll_ptr.o(.text)
    _printf_int_hex                          0x080008c1   Thumb Code    28  _printf_hex_int_ll_ptr.o(.text)
    _printf_ll_hex                           0x080008dd   Thumb Code    12  _printf_hex_int_ll_ptr.o(.text)
    _printf_hex_ptr                          0x080008e9   Thumb Code    18  _printf_hex_int_ll_ptr.o(.text)
    __printf                                 0x08000901   Thumb Code   390  __printf_flags_ss_wp.o(.text)
    __aeabi_memcpy4                          0x08000a8d   Thumb Code     0  rt_memcpy_w.o(.text)
    __aeabi_memcpy8                          0x08000a8d   Thumb Code     0  rt_memcpy_w.o(.text)
    __rt_memcpy_w                            0x08000a8d   Thumb Code   100  rt_memcpy_w.o(.text)
    _memcpy_lastbytes_aligned                0x08000ad5   Thumb Code     0  rt_memcpy_w.o(.text)
    __rt_ctype_table                         0x08000af1   Thumb Code    16  rt_ctype_table.o(.text)
    _ll_udiv10                               0x08000b01   Thumb Code   138  lludiv10.o(.text)
    _printf_int_common                       0x08000b8b   Thumb Code   184  _printf_intcommon.o(.text)
    __lib_sel_fp_printf                      0x08000c43   Thumb Code     2  _printf_fp_dec.o(.text)
    _printf_fp_dec_real                      0x08000def   Thumb Code   628  _printf_fp_dec.o(.text)
    _printf_cs_common                        0x08001063   Thumb Code    20  _printf_char.o(.text)
    _printf_char                             0x08001077   Thumb Code    16  _printf_char.o(.text)
    _printf_string                           0x08001087   Thumb Code     8  _printf_char.o(.text)
    _printf_lcs_common                       0x0800108f   Thumb Code    20  _printf_wchar.o(.text)
    _printf_wchar                            0x080010a3   Thumb Code    16  _printf_wchar.o(.text)
    _printf_wstring                          0x080010b3   Thumb Code     8  _printf_wchar.o(.text)
    _wcrtomb                                 0x080010bb   Thumb Code    64  _wcrtomb.o(.text)
    __user_setup_stackheap                   0x080010fb   Thumb Code    74  sys_stackheap_outer.o(.text)
    __rt_locale                              0x08001145   Thumb Code     8  rt_locale_intlibspace.o(.text)
    _printf_fp_infnan                        0x0800114d   Thumb Code   112  _printf_fp_infnan.o(.text)
    _btod_etento                             0x080011cd   Thumb Code   222  bigflt0.o(.text)
    exit                                     0x080012b1   Thumb Code    12  exit.o(.text)
    __user_libspace                          0x080012bd   Thumb Code     8  libspace.o(.text)
    __user_perproc_libspace                  0x080012bd   Thumb Code     0  libspace.o(.text)
    __user_perthread_libspace                0x080012bd   Thumb Code     0  libspace.o(.text)
    strcmp                                   0x080012c5   Thumb Code   128  strcmpv7m.o(.text)
    _sys_exit                                0x08001345   Thumb Code     8  sys_exit.o(.text)
    __I$use$semihosting                      0x08001351   Thumb Code     0  use_no_semi.o(.text)
    __use_no_semihosting_swi                 0x08001351   Thumb Code     2  use_no_semi.o(.text)
    __semihosting_library_function           0x08001353   Thumb Code     0  indicate_semi.o(.text)
    _btod_d2e                                0x08001353   Thumb Code    62  btod.o(CL$$btod_d2e)
    _d2e_denorm_low                          0x08001391   Thumb Code    70  btod.o(CL$$btod_d2e_denorm_low)
    _d2e_norm_op1                            0x080013d7   Thumb Code    96  btod.o(CL$$btod_d2e_norm_op1)
    __btod_div_common                        0x08001437   Thumb Code   696  btod.o(CL$$btod_div_common)
    _e2e                                     0x0800176f   Thumb Code   198  btod.o(CL$$btod_e2e)
    _btod_ediv                               0x08001835   Thumb Code    40  btod.o(CL$$btod_ediv)
    _btod_emul                               0x0800185d   Thumb Code    40  btod.o(CL$$btod_emul)
    __btod_mult_common                       0x08001885   Thumb Code   580  btod.o(CL$$btod_mult_common)
    ADC1_SAMPLING                            0x08001ac9   Thumb Code   170  main.o(i.ADC1_SAMPLING)
    ADC_ClearITPendingBit                    0x08001b85   Thumb Code    10  stm32f10x_adc.o(i.ADC_ClearITPendingBit)
    ADC_Cmd                                  0x08001b8f   Thumb Code    22  stm32f10x_adc.o(i.ADC_Cmd)
    ADC_Configuration                        0x08001ba5   Thumb Code   126  main.o(i.ADC_Configuration)
    ADC_GetCalibrationStatus                 0x08001c29   Thumb Code    20  stm32f10x_adc.o(i.ADC_GetCalibrationStatus)
    ADC_GetConversionValue                   0x08001c3d   Thumb Code     8  stm32f10x_adc.o(i.ADC_GetConversionValue)
    ADC_GetFlagStatus                        0x08001c45   Thumb Code    18  stm32f10x_adc.o(i.ADC_GetFlagStatus)
    ADC_GetResetCalibrationStatus            0x08001c57   Thumb Code    20  stm32f10x_adc.o(i.ADC_GetResetCalibrationStatus)
    ADC_Init                                 0x08001c6d   Thumb Code    70  stm32f10x_adc.o(i.ADC_Init)
    ADC_RegularChannelConfig                 0x08001cbd   Thumb Code   184  stm32f10x_adc.o(i.ADC_RegularChannelConfig)
    ADC_ResetCalibration                     0x08001d75   Thumb Code    10  stm32f10x_adc.o(i.ADC_ResetCalibration)
    ADC_SoftwareStartConvCmd                 0x08001d7f   Thumb Code    22  stm32f10x_adc.o(i.ADC_SoftwareStartConvCmd)
    ADC_StartCalibration                     0x08001d95   Thumb Code    10  stm32f10x_adc.o(i.ADC_StartCalibration)
    BSP_CPU_ClkFreq                          0x08001d9f   Thumb Code    16  bsp.o(i.BSP_CPU_ClkFreq)
    BSP_Init                                 0x08001daf   Thumb Code    22  bsp.o(i.BSP_Init)
    CAN1Init                                 0x08001dc5   Thumb Code   436  candrv.o(i.CAN1Init)
    CAN1_RX0_IRQHandler                      0x08001f95   Thumb Code   204  candrv.o(i.CAN1_RX0_IRQHandler)
    CAN1_RX1_IRQHandler                      0x08002079   Thumb Code   204  candrv.o(i.CAN1_RX1_IRQHandler)
    CAN1_SCE_IRQHandler                      0x0800215d   Thumb Code   282  candrv.o(i.CAN1_SCE_IRQHandler)
    CAN1_TX_IRQHandler                       0x0800234d   Thumb Code   246  candrv.o(i.CAN1_TX_IRQHandler)
    CAN2Init                                 0x080024ed   Thumb Code   426  candrv.o(i.CAN2Init)
    CAN2_RX0_IRQHandler                      0x080026b5   Thumb Code   204  candrv.o(i.CAN2_RX0_IRQHandler)
    CAN2_RX1_IRQHandler                      0x08002799   Thumb Code   204  candrv.o(i.CAN2_RX1_IRQHandler)
    CAN2_SCE_IRQHandler                      0x0800287d   Thumb Code   282  candrv.o(i.CAN2_SCE_IRQHandler)
    CAN2_TX_IRQHandler                       0x08002a6d   Thumb Code   246  candrv.o(i.CAN2_TX_IRQHandler)
    CANQUE_TO_CANTXMSG                       0x08002c0d   Thumb Code    76  candrv.o(i.CANQUE_TO_CANTXMSG)
    CANQueListGet                            0x08002c59   Thumb Code    88  candrv.o(i.CANQueListGet)
    CANQueListInit                           0x08002cb1   Thumb Code    24  candrv.o(i.CANQueListInit)
    CANQueListPost                           0x08002cc9   Thumb Code    98  candrv.o(i.CANQueListPost)
    CAN_ClearFlag                            0x08002d2d   Thumb Code    52  stm32f10x_can.o(i.CAN_ClearFlag)
    CAN_ClearITPendingBit                    0x08002d65   Thumb Code   162  stm32f10x_can.o(i.CAN_ClearITPendingBit)
    CAN_DeInit                               0x08002e0d   Thumb Code    50  stm32f10x_can.o(i.CAN_DeInit)
    CAN_FIFORelease                          0x08002e45   Thumb Code    22  stm32f10x_can.o(i.CAN_FIFORelease)
    CAN_FilterInit                           0x08002e5d   Thumb Code   258  stm32f10x_can.o(i.CAN_FilterInit)
    CAN_GetFlagStatus                        0x08002f65   Thumb Code   120  stm32f10x_can.o(i.CAN_GetFlagStatus)
    CAN_GetITStatus                          0x08002fdd   Thumb Code   282  stm32f10x_can.o(i.CAN_GetITStatus)
    CAN_GetLSBTransmitErrorCounter           0x080030fd   Thumb Code    12  stm32f10x_can.o(i.CAN_GetLSBTransmitErrorCounter)
    CAN_GetLastErrorCode                     0x08003109   Thumb Code    12  stm32f10x_can.o(i.CAN_GetLastErrorCode)
    CAN_GetReceiveErrorCounter               0x08003115   Thumb Code    10  stm32f10x_can.o(i.CAN_GetReceiveErrorCounter)
    CAN_ITConfig                             0x0800311f   Thumb Code    18  stm32f10x_can.o(i.CAN_ITConfig)
    CAN_Init                                 0x08003131   Thumb Code   276  stm32f10x_can.o(i.CAN_Init)
    CAN_MessagePending                       0x08003245   Thumb Code    30  stm32f10x_can.o(i.CAN_MessagePending)
    CAN_OperatingModeRequest                 0x08003263   Thumb Code   162  stm32f10x_can.o(i.CAN_OperatingModeRequest)
    CAN_StructInit                           0x08003305   Thumb Code    32  stm32f10x_can.o(i.CAN_StructInit)
    CAN_Transmit                             0x08003325   Thumb Code   294  stm32f10x_can.o(i.CAN_Transmit)
    CAN_TransmitStatus                       0x0800344d   Thumb Code   138  stm32f10x_can.o(i.CAN_TransmitStatus)
    CanReceive                               0x080034ed   Thumb Code    36  candrv.o(i.CanReceive)
    CanToUtcp                                0x08003511   Thumb Code   358  main.o(i.CanToUtcp)
    CanTransmit                              0x08003685   Thumb Code   116  candrv.o(i.CanTransmit)
    CheckReceive                             0x08003709   Thumb Code   188  main.o(i.CheckReceive)
    Com1Init                                 0x080037dd   Thumb Code   150  uart.o(i.Com1Init)
    Com3Init                                 0x0800388d   Thumb Code   220  uart.o(i.Com3Init)
    CompareName                              0x08003981   Thumb Code    32  main.o(i.CompareName)
    ComxConfig                               0x080039a1   Thumb Code   210  uart.o(i.ComxConfig)
    ComxGetChar                              0x08003a73   Thumb Code    36  uart.o(i.ComxGetChar)
    ComxPutChar                              0x08003a97   Thumb Code    70  uart.o(i.ComxPutChar)
    ComxPutData                              0x08003add   Thumb Code    42  uart.o(i.ComxPutData)
    ComxPutStr                               0x08003b07   Thumb Code    34  uart.o(i.ComxPutStr)
    DelayMS                                  0x08003b29   Thumb Code    24  main.o(i.DelayMS)
    FLASH_ClearFlag                          0x08003b41   Thumb Code     6  stm32f10x_flash.o(i.FLASH_ClearFlag)
    FLASH_ErasePage                          0x08003b4d   Thumb Code    72  stm32f10x_flash.o(i.FLASH_ErasePage)
    FLASH_GetBank1Status                     0x08003b99   Thumb Code    48  stm32f10x_flash.o(i.FLASH_GetBank1Status)
    FLASH_Lock                               0x08003bcd   Thumb Code    14  stm32f10x_flash.o(i.FLASH_Lock)
    FLASH_ProgramHalfWord                    0x08003be1   Thumb Code    60  stm32f10x_flash.o(i.FLASH_ProgramHalfWord)
    FLASH_Unlock                             0x08003c21   Thumb Code    12  stm32f10x_flash.o(i.FLASH_Unlock)
    FLASH_WaitForLastOperation               0x08003c39   Thumb Code    38  stm32f10x_flash.o(i.FLASH_WaitForLastOperation)
    GPIO_Configuration                       0x08003c61   Thumb Code   282  main.o(i.GPIO_Configuration)
    GPIO_Init                                0x08003d85   Thumb Code   274  stm32f10x_gpio.o(i.GPIO_Init)
    GPIO_PinRemapConfig                      0x08003e99   Thumb Code   138  stm32f10x_gpio.o(i.GPIO_PinRemapConfig)
    GPIO_ReadOutputDataBit                   0x08003f29   Thumb Code    18  stm32f10x_gpio.o(i.GPIO_ReadOutputDataBit)
    GPIO_ResetBits                           0x08003f3b   Thumb Code     4  stm32f10x_gpio.o(i.GPIO_ResetBits)
    GPIO_SetBits                             0x08003f3f   Thumb Code     4  stm32f10x_gpio.o(i.GPIO_SetBits)
    GetNameInfo                              0x08003f45   Thumb Code    36  main.o(i.GetNameInfo)
    GpioInit                                 0x08003f6d   Thumb Code   182  gpio.o(i.GpioInit)
    MemReadData                              0x08004029   Thumb Code    34  main.o(i.MemReadData)
    MemWriteData                             0x08004051   Thumb Code    90  main.o(i.MemWriteData)
    NVIC_Init                                0x080040b1   Thumb Code   102  misc.o(i.NVIC_Init)
    NVIC_PriorityGroupConfig                 0x08004125   Thumb Code    10  misc.o(i.NVIC_PriorityGroupConfig)
    NVIC_SetVectorTable                      0x08004139   Thumb Code    12  misc.o(i.NVIC_SetVectorTable)
    QueListGet                               0x08004285   Thumb Code    58  uart.o(i.QueListGet)
    QueListInit                              0x080042bf   Thumb Code    24  uart.o(i.QueListInit)
    QueListPost                              0x080042d7   Thumb Code    58  uart.o(i.QueListPost)
    RCC_ADCCLKConfig                         0x08004311   Thumb Code    18  stm32f10x_rcc.o(i.RCC_ADCCLKConfig)
    RCC_APB1PeriphClockCmd                   0x08004329   Thumb Code    26  stm32f10x_rcc.o(i.RCC_APB1PeriphClockCmd)
    RCC_APB1PeriphResetCmd                   0x08004349   Thumb Code    26  stm32f10x_rcc.o(i.RCC_APB1PeriphResetCmd)
    RCC_APB2PeriphClockCmd                   0x08004369   Thumb Code    26  stm32f10x_rcc.o(i.RCC_APB2PeriphClockCmd)
    RCC_APB2PeriphResetCmd                   0x08004389   Thumb Code    26  stm32f10x_rcc.o(i.RCC_APB2PeriphResetCmd)
    RCC_GetClocksFreq                        0x080043a9   Thumb Code   374  stm32f10x_rcc.o(i.RCC_GetClocksFreq)
    RequestAddressClaim                      0x08004535   Thumb Code    48  main.o(i.RequestAddressClaim)
    SelectAddress                            0x08004571   Thumb Code    46  main.o(i.SelectAddress)
    SendAddressClaim                         0x080045a5   Thumb Code    80  main.o(i.SendAddressClaim)
    ShellHelp                                0x08004721   Thumb Code   112  shell.o(i.ShellHelp)
    ShellInit                                0x0800489d   Thumb Code    28  shell.o(i.ShellInit)
    ShellMain                                0x080048c5   Thumb Code   142  shell.o(i.ShellMain)
    ShellPrintf                              0x0800495d   Thumb Code    42  shell.o(i.ShellPrintf)
    ShellRtu                                 0x0800498d   Thumb Code   160  shell.o(i.ShellRtu)
    ShellUpdate                              0x08004aad   Thumb Code    16  shell.o(i.ShellUpdate)
    SysTick_Handler                          0x08004abd   Thumb Code    66  systick.o(i.SysTick_Handler)
    SystemInit                               0x08004b09   Thumb Code    92  system_stm32f10x.o(i.SystemInit)
    TIM2_IRQHandler                          0x08004b75   Thumb Code   216  main.o(i.TIM2_IRQHandler)
    TIMER_Configuration                      0x08004cb5   Thumb Code   130  main.o(i.TIMER_Configuration)
    TIM_ClearFlag                            0x08004d3d   Thumb Code     6  stm32f10x_tim.o(i.TIM_ClearFlag)
    TIM_ClearITPendingBit                    0x08004d43   Thumb Code     6  stm32f10x_tim.o(i.TIM_ClearITPendingBit)
    TIM_Cmd                                  0x08004d49   Thumb Code    24  stm32f10x_tim.o(i.TIM_Cmd)
    TIM_DeInit                               0x08004d61   Thumb Code   424  stm32f10x_tim.o(i.TIM_DeInit)
    TIM_GetITStatus                          0x08004f49   Thumb Code    34  stm32f10x_tim.o(i.TIM_GetITStatus)
    TIM_ITConfig                             0x08004f6b   Thumb Code    18  stm32f10x_tim.o(i.TIM_ITConfig)
    TIM_TimeBaseInit                         0x08004f7d   Thumb Code   122  stm32f10x_tim.o(i.TIM_TimeBaseInit)
    UART4_IRQHandler                         0x08005021   Thumb Code    46  uart.o(i.UART4_IRQHandler)
    UART5_IRQHandler                         0x08005055   Thumb Code    46  uart.o(i.UART5_IRQHandler)
    USART1_IRQHandler                        0x08005089   Thumb Code   112  uart.o(i.USART1_IRQHandler)
    USART2_IRQHandler                        0x08005105   Thumb Code    46  uart.o(i.USART2_IRQHandler)
    USART3_IRQHandler                        0x08005139   Thumb Code   112  uart.o(i.USART3_IRQHandler)
    USART_Cmd                                0x080051b5   Thumb Code    24  stm32f10x_usart.o(i.USART_Cmd)
    USART_DeInit                             0x080051cd   Thumb Code   134  stm32f10x_usart.o(i.USART_DeInit)
    USART_GetFlagStatus                      0x08005269   Thumb Code    26  stm32f10x_usart.o(i.USART_GetFlagStatus)
    USART_GetITStatus                        0x08005283   Thumb Code    84  stm32f10x_usart.o(i.USART_GetITStatus)
    USART_ITConfig                           0x080052d7   Thumb Code    74  stm32f10x_usart.o(i.USART_ITConfig)
    USART_Init                               0x08005321   Thumb Code   210  stm32f10x_usart.o(i.USART_Init)
    USART_ReceiveData                        0x080053f9   Thumb Code    10  stm32f10x_usart.o(i.USART_ReceiveData)
    USART_SendData                           0x08005403   Thumb Code     8  stm32f10x_usart.o(i.USART_SendData)
    USART_StructInit                         0x0800540b   Thumb Code    24  stm32f10x_usart.o(i.USART_StructInit)
    UartDataToCanData                        0x08005425   Thumb Code   110  main.o(i.UartDataToCanData)
    WinceCmdEntry                            0x0800549d   Thumb Code   612  main.o(i.WinceCmdEntry)
    WinceCmdInit                             0x0800573d   Thumb Code    14  main.o(i.WinceCmdInit)
    __ARM_fpclassify                         0x08005751   Thumb Code    40  fpclassify.o(i.__ARM_fpclassify)
    _is_digit                                0x08005779   Thumb Code    14  __printf_wp.o(i._is_digit)
    main                                     0x08005789   Thumb Code   390  main.o(i.main)
    sys_hour_tick                            0x08005985   Thumb Code     6  systick.o(i.sys_hour_tick)
    sys_msec_tick                            0x08005991   Thumb Code     6  systick.o(i.sys_msec_tick)
    systick_add                              0x0800599d   Thumb Code    22  systick.o(i.systick_add)
    systick_getcnt                           0x080059b9   Thumb Code     6  systick.o(i.systick_getcnt)
    systick_init                             0x080059c5   Thumb Code    78  systick.o(i.systick_init)
    _get_lc_ctype                            0x08005a1d   Thumb Code    44  lc_ctype_c.o(locale$$code)
    _get_lc_numeric                          0x08005a49   Thumb Code    44  lc_numeric_c.o(locale$$code)
    _printf_fp_dec                           0x08005a75   Thumb Code     4  printf1.o(x$fpl$printf1)
    __I$use$fp                               0x08005a78   Number         0  usenofp.o(x$fpl$usenofp)
    CMD_INNER                                0x08005ad4   Data          32  shell.o(.constdata)
    GpioCtrlList                             0x08005af4   Data          80  gpio.o(.constdata)
    Region$$Table$$Base                      0x08005c2c   Number         0  anon$$obj.o(Region$$Table)
    Region$$Table$$Limit                     0x08005c4c   Number         0  anon$$obj.o(Region$$Table)
    __ctype                                  0x08005c59   Data           0  lc_ctype_c.o(locale$$data)
    acconoff                                 0x20000000   Data           1  main.o(.data)
    Counter                                  0x20000002   Data           2  main.o(.data)
    ad_value                                 0x20000010   Data           2  main.o(.data)
    AsciiBuff                                0x20000012   Data           5  main.o(.data)
    batt_lvl_in_milli_volts                  0x20000018   Data           2  main.o(.data)
    ChNum                                    0x20000024   Data           2  shell.o(.data)
    DebugMode                                0x20000026   Data           2  shell.o(.data)
    SystemCoreClock                          0x20000028   Data           4  system_stm32f10x.o(.data)
    AHBPrescTable                            0x2000002c   Data          16  system_stm32f10x.o(.data)
    WinceCmdDec                              0x20000068   Data        2060  main.o(.bss)
    CmdChar                                  0x20000974   Data          80  shell.o(.bss)
    l_print_buffer                           0x200009c4   Data         256  shell.o(.bss)
    Can1                                     0x20000adc   Data          12  candrv.o(.bss)
    Can2                                     0x20000ae8   Data          12  candrv.o(.bss)
    COM1                                     0x20002b24   Data          12  uart.o(.bss)
    COM2                                     0x20002b30   Data          12  uart.o(.bss)
    COM3                                     0x20002b3c   Data          12  uart.o(.bss)
    COM4                                     0x20002b48   Data          12  uart.o(.bss)
    COM5                                     0x20002b54   Data          12  uart.o(.bss)
    COM6                                     0x20002b60   Data          12  uart.o(.bss)
    __libspace_start                         0x2000359c   Data          96  libspace.o(.bss)
    __temporary_stack_top$libspace           0x200035fc   Data           0  libspace.o(.bss)



==============================================================================

Memory Map of the image

  Image Entry point : 0x08000181

  Load Region LR_IROM1 (Base: 0x08000000, Size: 0x00005dc8, Max: 0x00040000, ABSOLUTE)

    Execution Region ER_IROM1 (Base: 0x08000000, Size: 0x00005d78, Max: 0x00040000, ABSOLUTE)

    Base Addr    Size         Type   Attr      Idx    E Section Name        Object

    0x08000000   0x00000180   Data   RO         3944    RESET               startup_stm32f10x_cl.o
    0x08000180   0x00000008   Code   RO         3965  * !!!main             c_w.l(__main.o)
    0x08000188   0x00000034   Code   RO         4322    !!!scatter          c_w.l(__scatter.o)
    0x080001bc   0x0000001a   Code   RO         4324    !!handler_copy      c_w.l(__scatter_copy.o)
    0x080001d6   0x00000002   PAD
    0x080001d8   0x0000001c   Code   RO         4326    !!handler_zi        c_w.l(__scatter_zi.o)
    0x080001f4   0x00000000   Code   RO         4081    .ARM.Collect$$_printf_percent$$00000000  c_w.l(_printf_percent.o)
    0x080001f4   0x00000006   Code   RO         4070    .ARM.Collect$$_printf_percent$$00000001  c_w.l(_printf_n.o)
    0x080001fa   0x00000006   Code   RO         4072    .ARM.Collect$$_printf_percent$$00000002  c_w.l(_printf_p.o)
    0x08000200   0x00000006   Code   RO         4077    .ARM.Collect$$_printf_percent$$00000003  c_w.l(_printf_f.o)
    0x08000206   0x00000006   Code   RO         4078    .ARM.Collect$$_printf_percent$$00000004  c_w.l(_printf_e.o)
    0x0800020c   0x00000006   Code   RO         4079    .ARM.Collect$$_printf_percent$$00000005  c_w.l(_printf_g.o)
    0x08000212   0x00000006   Code   RO         4080    .ARM.Collect$$_printf_percent$$00000006  c_w.l(_printf_a.o)
    0x08000218   0x0000000a   Code   RO         4085    .ARM.Collect$$_printf_percent$$00000007  c_w.l(_printf_ll.o)
    0x08000222   0x00000006   Code   RO         4074    .ARM.Collect$$_printf_percent$$00000008  c_w.l(_printf_i.o)
    0x08000228   0x00000006   Code   RO         4075    .ARM.Collect$$_printf_percent$$00000009  c_w.l(_printf_d.o)
    0x0800022e   0x00000006   Code   RO         4076    .ARM.Collect$$_printf_percent$$0000000A  c_w.l(_printf_u.o)
    0x08000234   0x00000006   Code   RO         4073    .ARM.Collect$$_printf_percent$$0000000B  c_w.l(_printf_o.o)
    0x0800023a   0x00000006   Code   RO         4071    .ARM.Collect$$_printf_percent$$0000000C  c_w.l(_printf_x.o)
    0x08000240   0x00000006   Code   RO         4082    .ARM.Collect$$_printf_percent$$0000000D  c_w.l(_printf_lli.o)
    0x08000246   0x00000006   Code   RO         4083    .ARM.Collect$$_printf_percent$$0000000E  c_w.l(_printf_lld.o)
    0x0800024c   0x00000006   Code   RO         4084    .ARM.Collect$$_printf_percent$$0000000F  c_w.l(_printf_llu.o)
    0x08000252   0x00000006   Code   RO         4089    .ARM.Collect$$_printf_percent$$00000010  c_w.l(_printf_llo.o)
    0x08000258   0x00000006   Code   RO         4090    .ARM.Collect$$_printf_percent$$00000011  c_w.l(_printf_llx.o)
    0x0800025e   0x0000000a   Code   RO         4086    .ARM.Collect$$_printf_percent$$00000012  c_w.l(_printf_l.o)
    0x08000268   0x00000006   Code   RO         4068    .ARM.Collect$$_printf_percent$$00000013  c_w.l(_printf_c.o)
    0x0800026e   0x00000006   Code   RO         4069    .ARM.Collect$$_printf_percent$$00000014  c_w.l(_printf_s.o)
    0x08000274   0x00000006   Code   RO         4087    .ARM.Collect$$_printf_percent$$00000015  c_w.l(_printf_lc.o)
    0x0800027a   0x00000006   Code   RO         4088    .ARM.Collect$$_printf_percent$$00000016  c_w.l(_printf_ls.o)
    0x08000280   0x00000004   Code   RO         4133    .ARM.Collect$$_printf_percent$$00000017  c_w.l(_printf_percent_end.o)
    0x08000284   0x00000002   Code   RO         4185    .ARM.Collect$$libinit$$00000000  c_w.l(libinit.o)
    0x08000286   0x00000000   Code   RO         4200    .ARM.Collect$$libinit$$00000002  c_w.l(libinit2.o)
    0x08000286   0x00000000   Code   RO         4203    .ARM.Collect$$libinit$$00000008  c_w.l(libinit2.o)
    0x08000286   0x00000000   Code   RO         4205    .ARM.Collect$$libinit$$0000000A  c_w.l(libinit2.o)
    0x08000286   0x00000000   Code   RO         4207    .ARM.Collect$$libinit$$0000000C  c_w.l(libinit2.o)
    0x08000286   0x00000006   Code   RO         4208    .ARM.Collect$$libinit$$0000000D  c_w.l(libinit2.o)
    0x0800028c   0x00000000   Code   RO         4210    .ARM.Collect$$libinit$$0000000F  c_w.l(libinit2.o)
    0x0800028c   0x0000000c   Code   RO         4211    .ARM.Collect$$libinit$$00000010  c_w.l(libinit2.o)
    0x08000298   0x00000000   Code   RO         4212    .ARM.Collect$$libinit$$00000011  c_w.l(libinit2.o)
    0x08000298   0x00000000   Code   RO         4214    .ARM.Collect$$libinit$$00000013  c_w.l(libinit2.o)
    0x08000298   0x0000000a   Code   RO         4215    .ARM.Collect$$libinit$$00000014  c_w.l(libinit2.o)
    0x080002a2   0x00000000   Code   RO         4216    .ARM.Collect$$libinit$$00000015  c_w.l(libinit2.o)
    0x080002a2   0x00000000   Code   RO         4218    .ARM.Collect$$libinit$$00000017  c_w.l(libinit2.o)
    0x080002a2   0x00000000   Code   RO         4220    .ARM.Collect$$libinit$$00000019  c_w.l(libinit2.o)
    0x080002a2   0x00000000   Code   RO         4222    .ARM.Collect$$libinit$$0000001B  c_w.l(libinit2.o)
    0x080002a2   0x00000000   Code   RO         4224    .ARM.Collect$$libinit$$0000001D  c_w.l(libinit2.o)
    0x080002a2   0x00000000   Code   RO         4226    .ARM.Collect$$libinit$$0000001F  c_w.l(libinit2.o)
    0x080002a2   0x00000000   Code   RO         4228    .ARM.Collect$$libinit$$00000021  c_w.l(libinit2.o)
    0x080002a2   0x00000000   Code   RO         4230    .ARM.Collect$$libinit$$00000023  c_w.l(libinit2.o)
    0x080002a2   0x00000000   Code   RO         4234    .ARM.Collect$$libinit$$0000002A  c_w.l(libinit2.o)
    0x080002a2   0x00000000   Code   RO         4236    .ARM.Collect$$libinit$$0000002C  c_w.l(libinit2.o)
    0x080002a2   0x00000000   Code   RO         4238    .ARM.Collect$$libinit$$0000002E  c_w.l(libinit2.o)
    0x080002a2   0x00000000   Code   RO         4240    .ARM.Collect$$libinit$$00000030  c_w.l(libinit2.o)
    0x080002a2   0x00000002   Code   RO         4241    .ARM.Collect$$libinit$$00000031  c_w.l(libinit2.o)
    0x080002a4   0x00000002   Code   RO         4263    .ARM.Collect$$libshutdown$$00000000  c_w.l(libshutdown.o)
    0x080002a6   0x00000000   Code   RO         4277    .ARM.Collect$$libshutdown$$00000003  c_w.l(libshutdown2.o)
    0x080002a6   0x00000000   Code   RO         4280    .ARM.Collect$$libshutdown$$00000006  c_w.l(libshutdown2.o)
    0x080002a6   0x00000000   Code   RO         4283    .ARM.Collect$$libshutdown$$00000009  c_w.l(libshutdown2.o)
    0x080002a6   0x00000000   Code   RO         4285    .ARM.Collect$$libshutdown$$0000000B  c_w.l(libshutdown2.o)
    0x080002a6   0x00000000   Code   RO         4288    .ARM.Collect$$libshutdown$$0000000E  c_w.l(libshutdown2.o)
    0x080002a6   0x00000002   Code   RO         4289    .ARM.Collect$$libshutdown$$0000000F  c_w.l(libshutdown2.o)
    0x080002a8   0x00000000   Code   RO         3995    .ARM.Collect$$rtentry$$00000000  c_w.l(rtentry.o)
    0x080002a8   0x00000000   Code   RO         4105    .ARM.Collect$$rtentry$$00000002  c_w.l(rtentry2.o)
    0x080002a8   0x00000006   Code   RO         4117    .ARM.Collect$$rtentry$$00000004  c_w.l(rtentry4.o)
    0x080002ae   0x00000000   Code   RO         4107    .ARM.Collect$$rtentry$$00000009  c_w.l(rtentry2.o)
    0x080002ae   0x00000004   Code   RO         4108    .ARM.Collect$$rtentry$$0000000A  c_w.l(rtentry2.o)
    0x080002b2   0x00000000   Code   RO         4110    .ARM.Collect$$rtentry$$0000000C  c_w.l(rtentry2.o)
    0x080002b2   0x00000008   Code   RO         4111    .ARM.Collect$$rtentry$$0000000D  c_w.l(rtentry2.o)
    0x080002ba   0x00000002   Code   RO         4195    .ARM.Collect$$rtexit$$00000000  c_w.l(rtexit.o)
    0x080002bc   0x00000000   Code   RO         4245    .ARM.Collect$$rtexit$$00000002  c_w.l(rtexit2.o)
    0x080002bc   0x00000004   Code   RO         4246    .ARM.Collect$$rtexit$$00000003  c_w.l(rtexit2.o)
    0x080002c0   0x00000006   Code   RO         4247    .ARM.Collect$$rtexit$$00000004  c_w.l(rtexit2.o)
    0x080002c6   0x00000002   PAD
    0x080002c8   0x00000020   Code   RO          851    .emb_text           bsp.o
    0x080002e8   0x00000040   Code   RO         3945    .text               startup_stm32f10x_cl.o
    0x08000328   0x00000034   Code   RO         3951    .text               c_w.l(c89vsnprintf.o)
    0x0800035c   0x0000002a   Code   RO         3953    .text               c_w.l(strcasecmp.o)
    0x08000386   0x0000003e   Code   RO         3955    .text               c_w.l(strlen.o)
    0x080003c4   0x0000008a   Code   RO         3957    .text               c_w.l(rt_memcpy_v6.o)
    0x0800044e   0x00000044   Code   RO         3959    .text               c_w.l(rt_memclr.o)
    0x08000492   0x0000004e   Code   RO         3961    .text               c_w.l(rt_memclr_w.o)
    0x080004e0   0x00000006   Code   RO         3963    .text               c_w.l(heapauxi.o)
    0x080004e6   0x0000001a   Code   RO         3996    .text               c_w.l(tolower.o)
    0x08000500   0x00000052   Code   RO         4000    .text               c_w.l(_printf_pad.o)
    0x08000552   0x00000024   Code   RO         4002    .text               c_w.l(_printf_truncate.o)
    0x08000576   0x00000052   Code   RO         4004    .text               c_w.l(_printf_str.o)
    0x080005c8   0x00000078   Code   RO         4006    .text               c_w.l(_printf_dec.o)
    0x08000640   0x0000002a   Code   RO         4008    .text               c_w.l(_printf_charcount.o)
    0x0800066a   0x00000002   PAD
    0x0800066c   0x00000030   Code   RO         4010    .text               c_w.l(_printf_char_common.o)
    0x0800069c   0x0000000a   Code   RO         4012    .text               c_w.l(_sputc.o)
    0x080006a6   0x00000010   Code   RO         4014    .text               c_w.l(_snputc.o)
    0x080006b6   0x00000002   PAD
    0x080006b8   0x000000bc   Code   RO         4016    .text               c_w.l(_printf_wctomb.o)
    0x08000774   0x00000078   Code   RO         4019    .text               c_w.l(_printf_longlong_dec.o)
    0x080007ec   0x00000078   Code   RO         4025    .text               c_w.l(_printf_oct_int_ll.o)
    0x08000864   0x0000009c   Code   RO         4045    .text               c_w.l(_printf_hex_int_ll_ptr.o)
    0x08000900   0x0000018c   Code   RO         4065    .text               c_w.l(__printf_flags_ss_wp.o)
    0x08000a8c   0x00000064   Code   RO         4091    .text               c_w.l(rt_memcpy_w.o)
    0x08000af0   0x00000010   Code   RO         4119    .text               c_w.l(rt_ctype_table.o)
    0x08000b00   0x0000008a   Code   RO         4121    .text               c_w.l(lludiv10.o)
    0x08000b8a   0x000000b8   Code   RO         4123    .text               c_w.l(_printf_intcommon.o)
    0x08000c42   0x00000420   Code   RO         4125    .text               c_w.l(_printf_fp_dec.o)
    0x08001062   0x0000002c   Code   RO         4129    .text               c_w.l(_printf_char.o)
    0x0800108e   0x0000002c   Code   RO         4131    .text               c_w.l(_printf_wchar.o)
    0x080010ba   0x00000040   Code   RO         4134    .text               c_w.l(_wcrtomb.o)
    0x080010fa   0x0000004a   Code   RO         4138    .text               c_w.l(sys_stackheap_outer.o)
    0x08001144   0x00000008   Code   RO         4143    .text               c_w.l(rt_locale_intlibspace.o)
    0x0800114c   0x00000080   Code   RO         4145    .text               c_w.l(_printf_fp_infnan.o)
    0x080011cc   0x000000e4   Code   RO         4147    .text               c_w.l(bigflt0.o)
    0x080012b0   0x0000000c   Code   RO         4178    .text               c_w.l(exit.o)
    0x080012bc   0x00000008   Code   RO         4192    .text               c_w.l(libspace.o)
    0x080012c4   0x00000080   Code   RO         4197    .text               c_w.l(strcmpv7m.o)
    0x08001344   0x0000000c   Code   RO         4255    .text               c_w.l(sys_exit.o)
    0x08001350   0x00000002   Code   RO         4266    .text               c_w.l(use_no_semi.o)
    0x08001352   0x00000000   Code   RO         4268    .text               c_w.l(indicate_semi.o)
    0x08001352   0x0000003e   Code   RO         4150    CL$$btod_d2e        c_w.l(btod.o)
    0x08001390   0x00000046   Code   RO         4152    CL$$btod_d2e_denorm_low  c_w.l(btod.o)
    0x080013d6   0x00000060   Code   RO         4151    CL$$btod_d2e_norm_op1  c_w.l(btod.o)
    0x08001436   0x00000338   Code   RO         4160    CL$$btod_div_common  c_w.l(btod.o)
    0x0800176e   0x000000c6   Code   RO         4157    CL$$btod_e2e        c_w.l(btod.o)
    0x08001834   0x00000028   Code   RO         4154    CL$$btod_ediv       c_w.l(btod.o)
    0x0800185c   0x00000028   Code   RO         4153    CL$$btod_emul       c_w.l(btod.o)
    0x08001884   0x00000244   Code   RO         4159    CL$$btod_mult_common  c_w.l(btod.o)
    0x08001ac8   0x000000bc   Code   RO           61    i.ADC1_SAMPLING     main.o
    0x08001b84   0x0000000a   Code   RO          962    i.ADC_ClearITPendingBit  stm32f10x_adc.o
    0x08001b8e   0x00000016   Code   RO          963    i.ADC_Cmd           stm32f10x_adc.o
    0x08001ba4   0x00000084   Code   RO           62    i.ADC_Configuration  main.o
    0x08001c28   0x00000014   Code   RO          971    i.ADC_GetCalibrationStatus  stm32f10x_adc.o
    0x08001c3c   0x00000008   Code   RO          972    i.ADC_GetConversionValue  stm32f10x_adc.o
    0x08001c44   0x00000012   Code   RO          974    i.ADC_GetFlagStatus  stm32f10x_adc.o
    0x08001c56   0x00000014   Code   RO          977    i.ADC_GetResetCalibrationStatus  stm32f10x_adc.o
    0x08001c6a   0x00000002   PAD
    0x08001c6c   0x00000050   Code   RO          981    i.ADC_Init          stm32f10x_adc.o
    0x08001cbc   0x000000b8   Code   RO          985    i.ADC_RegularChannelConfig  stm32f10x_adc.o
    0x08001d74   0x0000000a   Code   RO          986    i.ADC_ResetCalibration  stm32f10x_adc.o
    0x08001d7e   0x00000016   Code   RO          988    i.ADC_SoftwareStartConvCmd  stm32f10x_adc.o
    0x08001d94   0x0000000a   Code   RO          990    i.ADC_StartCalibration  stm32f10x_adc.o
    0x08001d9e   0x00000010   Code   RO          852    i.BSP_CPU_ClkFreq   bsp.o
    0x08001dae   0x00000016   Code   RO          853    i.BSP_Init          bsp.o
    0x08001dc4   0x000001d0   Code   RO          569    i.CAN1Init          candrv.o
    0x08001f94   0x000000e4   Code   RO          570    i.CAN1_RX0_IRQHandler  candrv.o
    0x08002078   0x000000e4   Code   RO          571    i.CAN1_RX1_IRQHandler  candrv.o
    0x0800215c   0x000001f0   Code   RO          572    i.CAN1_SCE_IRQHandler  candrv.o
    0x0800234c   0x000001a0   Code   RO          573    i.CAN1_TX_IRQHandler  candrv.o
    0x080024ec   0x000001c8   Code   RO          574    i.CAN2Init          candrv.o
    0x080026b4   0x000000e4   Code   RO          575    i.CAN2_RX0_IRQHandler  candrv.o
    0x08002798   0x000000e4   Code   RO          576    i.CAN2_RX1_IRQHandler  candrv.o
    0x0800287c   0x000001f0   Code   RO          577    i.CAN2_SCE_IRQHandler  candrv.o
    0x08002a6c   0x000001a0   Code   RO          578    i.CAN2_TX_IRQHandler  candrv.o
    0x08002c0c   0x0000004c   Code   RO          579    i.CANQUE_TO_CANTXMSG  candrv.o
    0x08002c58   0x00000058   Code   RO          580    i.CANQueListGet     candrv.o
    0x08002cb0   0x00000018   Code   RO          581    i.CANQueListInit    candrv.o
    0x08002cc8   0x00000062   Code   RO          582    i.CANQueListPost    candrv.o
    0x08002d2a   0x00000002   PAD
    0x08002d2c   0x00000038   Code   RO         1258    i.CAN_ClearFlag     stm32f10x_can.o
    0x08002d64   0x000000a8   Code   RO         1259    i.CAN_ClearITPendingBit  stm32f10x_can.o
    0x08002e0c   0x00000038   Code   RO         1261    i.CAN_DeInit        stm32f10x_can.o
    0x08002e44   0x00000016   Code   RO         1262    i.CAN_FIFORelease   stm32f10x_can.o
    0x08002e5a   0x00000002   PAD
    0x08002e5c   0x00000108   Code   RO         1263    i.CAN_FilterInit    stm32f10x_can.o
    0x08002f64   0x00000078   Code   RO         1264    i.CAN_GetFlagStatus  stm32f10x_can.o
    0x08002fdc   0x00000120   Code   RO         1265    i.CAN_GetITStatus   stm32f10x_can.o
    0x080030fc   0x0000000c   Code   RO         1266    i.CAN_GetLSBTransmitErrorCounter  stm32f10x_can.o
    0x08003108   0x0000000c   Code   RO         1267    i.CAN_GetLastErrorCode  stm32f10x_can.o
    0x08003114   0x0000000a   Code   RO         1268    i.CAN_GetReceiveErrorCounter  stm32f10x_can.o
    0x0800311e   0x00000012   Code   RO         1269    i.CAN_ITConfig      stm32f10x_can.o
    0x08003130   0x00000114   Code   RO         1270    i.CAN_Init          stm32f10x_can.o
    0x08003244   0x0000001e   Code   RO         1271    i.CAN_MessagePending  stm32f10x_can.o
    0x08003262   0x000000a2   Code   RO         1272    i.CAN_OperatingModeRequest  stm32f10x_can.o
    0x08003304   0x00000020   Code   RO         1276    i.CAN_StructInit    stm32f10x_can.o
    0x08003324   0x00000126   Code   RO         1278    i.CAN_Transmit      stm32f10x_can.o
    0x0800344a   0x00000002   PAD
    0x0800344c   0x000000a0   Code   RO         1279    i.CAN_TransmitStatus  stm32f10x_can.o
    0x080034ec   0x00000024   Code   RO          583    i.CanReceive        candrv.o
    0x08003510   0x00000174   Code   RO           63    i.CanToUtcp         main.o
    0x08003684   0x00000074   Code   RO          584    i.CanTransmit       candrv.o
    0x080036f8   0x00000010   Code   RO         1281    i.CheckITStatus     stm32f10x_can.o
    0x08003708   0x000000d4   Code   RO           64    i.CheckReceive      main.o
    0x080037dc   0x000000b0   Code   RO          707    i.Com1Init          uart.o
    0x0800388c   0x000000f4   Code   RO          708    i.Com3Init          uart.o
    0x08003980   0x00000020   Code   RO           65    i.CompareName       main.o
    0x080039a0   0x000000d2   Code   RO          710    i.ComxConfig        uart.o
    0x08003a72   0x00000024   Code   RO          712    i.ComxGetChar       uart.o
    0x08003a96   0x00000046   Code   RO          714    i.ComxPutChar       uart.o
    0x08003adc   0x0000002a   Code   RO          715    i.ComxPutData       uart.o
    0x08003b06   0x00000022   Code   RO          716    i.ComxPutStr        uart.o
    0x08003b28   0x00000018   Code   RO           66    i.DelayMS           main.o
    0x08003b40   0x0000000c   Code   RO         1772    i.FLASH_ClearFlag   stm32f10x_flash.o
    0x08003b4c   0x0000004c   Code   RO         1777    i.FLASH_ErasePage   stm32f10x_flash.o
    0x08003b98   0x00000034   Code   RO         1778    i.FLASH_GetBank1Status  stm32f10x_flash.o
    0x08003bcc   0x00000014   Code   RO         1787    i.FLASH_Lock        stm32f10x_flash.o
    0x08003be0   0x00000040   Code   RO         1790    i.FLASH_ProgramHalfWord  stm32f10x_flash.o
    0x08003c20   0x00000018   Code   RO         1795    i.FLASH_Unlock      stm32f10x_flash.o
    0x08003c38   0x00000026   Code   RO         1799    i.FLASH_WaitForLastOperation  stm32f10x_flash.o
    0x08003c5e   0x00000002   PAD
    0x08003c60   0x00000124   Code   RO           69    i.GPIO_Configuration  main.o
    0x08003d84   0x00000112   Code   RO         2072    i.GPIO_Init         stm32f10x_gpio.o
    0x08003e96   0x00000002   PAD
    0x08003e98   0x00000090   Code   RO         2074    i.GPIO_PinRemapConfig  stm32f10x_gpio.o
    0x08003f28   0x00000012   Code   RO         2078    i.GPIO_ReadOutputDataBit  stm32f10x_gpio.o
    0x08003f3a   0x00000004   Code   RO         2079    i.GPIO_ResetBits    stm32f10x_gpio.o
    0x08003f3e   0x00000004   Code   RO         2080    i.GPIO_SetBits      stm32f10x_gpio.o
    0x08003f42   0x00000002   PAD
    0x08003f44   0x00000028   Code   RO           70    i.GetNameInfo       main.o
    0x08003f6c   0x000000bc   Code   RO          678    i.GpioInit          gpio.o
    0x08004028   0x00000028   Code   RO           71    i.MemReadData       main.o
    0x08004050   0x00000060   Code   RO           72    i.MemWriteData      main.o
    0x080040b0   0x00000074   Code   RO          921    i.NVIC_Init         misc.o
    0x08004124   0x00000014   Code   RO          922    i.NVIC_PriorityGroupConfig  misc.o
    0x08004138   0x00000014   Code   RO          923    i.NVIC_SetVectorTable  misc.o
    0x0800414c   0x00000138   Code   RO          323    i.ParseCmd          shell.o
    0x08004284   0x0000003a   Code   RO          718    i.QueListGet        uart.o
    0x080042be   0x00000018   Code   RO          720    i.QueListInit       uart.o
    0x080042d6   0x0000003a   Code   RO          723    i.QueListPost       uart.o
    0x08004310   0x00000018   Code   RO         2486    i.RCC_ADCCLKConfig  stm32f10x_rcc.o
    0x08004328   0x00000020   Code   RO         2489    i.RCC_APB1PeriphClockCmd  stm32f10x_rcc.o
    0x08004348   0x00000020   Code   RO         2490    i.RCC_APB1PeriphResetCmd  stm32f10x_rcc.o
    0x08004368   0x00000020   Code   RO         2491    i.RCC_APB2PeriphClockCmd  stm32f10x_rcc.o
    0x08004388   0x00000020   Code   RO         2492    i.RCC_APB2PeriphResetCmd  stm32f10x_rcc.o
    0x080043a8   0x0000018c   Code   RO         2499    i.RCC_GetClocksFreq  stm32f10x_rcc.o
    0x08004534   0x0000003c   Code   RO           73    i.RequestAddressClaim  main.o
    0x08004570   0x00000034   Code   RO           74    i.SelectAddress     main.o
    0x080045a4   0x00000064   Code   RO           75    i.SendAddressClaim  main.o
    0x08004608   0x00000008   Code   RO          877    i.SetSysClock       system_stm32f10x.o
    0x08004610   0x00000110   Code   RO          878    i.SetSysClockTo72   system_stm32f10x.o
    0x08004720   0x0000017c   Code   RO          324    i.ShellHelp         shell.o
    0x0800489c   0x00000028   Code   RO          325    i.ShellInit         shell.o
    0x080048c4   0x00000098   Code   RO          326    i.ShellMain         shell.o
    0x0800495c   0x00000030   Code   RO          327    i.ShellPrintf       shell.o
    0x0800498c   0x00000120   Code   RO          328    i.ShellRtu          shell.o
    0x08004aac   0x00000010   Code   RO          329    i.ShellUpdate       shell.o
    0x08004abc   0x0000004c   Code   RO          401    i.SysTick_Handler   systick.o
    0x08004b08   0x0000006c   Code   RO          880    i.SystemInit        system_stm32f10x.o
    0x08004b74   0x00000140   Code   RO           76    i.TIM2_IRQHandler   main.o
    0x08004cb4   0x00000088   Code   RO           77    i.TIMER_Configuration  main.o
    0x08004d3c   0x00000006   Code   RO         3170    i.TIM_ClearFlag     stm32f10x_tim.o
    0x08004d42   0x00000006   Code   RO         3171    i.TIM_ClearITPendingBit  stm32f10x_tim.o
    0x08004d48   0x00000018   Code   RO         3176    i.TIM_Cmd           stm32f10x_tim.o
    0x08004d60   0x000001e8   Code   RO         3181    i.TIM_DeInit        stm32f10x_tim.o
    0x08004f48   0x00000022   Code   RO         3197    i.TIM_GetITStatus   stm32f10x_tim.o
    0x08004f6a   0x00000012   Code   RO         3201    i.TIM_ITConfig      stm32f10x_tim.o
    0x08004f7c   0x000000a4   Code   RO         3247    i.TIM_TimeBaseInit  stm32f10x_tim.o
    0x08005020   0x00000034   Code   RO          724    i.UART4_IRQHandler  uart.o
    0x08005054   0x00000034   Code   RO          725    i.UART5_IRQHandler  uart.o
    0x08005088   0x0000007c   Code   RO          726    i.USART1_IRQHandler  uart.o
    0x08005104   0x00000034   Code   RO          727    i.USART2_IRQHandler  uart.o
    0x08005138   0x0000007c   Code   RO          728    i.USART3_IRQHandler  uart.o
    0x080051b4   0x00000018   Code   RO         3712    i.USART_Cmd         stm32f10x_usart.o
    0x080051cc   0x0000009c   Code   RO         3714    i.USART_DeInit      stm32f10x_usart.o
    0x08005268   0x0000001a   Code   RO         3715    i.USART_GetFlagStatus  stm32f10x_usart.o
    0x08005282   0x00000054   Code   RO         3716    i.USART_GetITStatus  stm32f10x_usart.o
    0x080052d6   0x0000004a   Code   RO         3718    i.USART_ITConfig    stm32f10x_usart.o
    0x08005320   0x000000d8   Code   RO         3719    i.USART_Init        stm32f10x_usart.o
    0x080053f8   0x0000000a   Code   RO         3726    i.USART_ReceiveData  stm32f10x_usart.o
    0x08005402   0x00000008   Code   RO         3729    i.USART_SendData    stm32f10x_usart.o
    0x0800540a   0x00000018   Code   RO         3735    i.USART_StructInit  stm32f10x_usart.o
    0x08005422   0x00000002   PAD
    0x08005424   0x00000078   Code   RO           78    i.UartDataToCanData  main.o
    0x0800549c   0x000002a0   Code   RO           80    i.WinceCmdEntry     main.o
    0x0800573c   0x00000014   Code   RO           81    i.WinceCmdInit      main.o
    0x08005750   0x00000028   Code   RO         4190    i.__ARM_fpclassify  m_ws.l(fpclassify.o)
    0x08005778   0x0000000e   Code   RO         4058    i._is_digit         c_w.l(__printf_wp.o)
    0x08005786   0x00000002   PAD
    0x08005788   0x000001fc   Code   RO           82    i.main              main.o
    0x08005984   0x0000000c   Code   RO          402    i.sys_hour_tick     systick.o
    0x08005990   0x0000000c   Code   RO          403    i.sys_msec_tick     systick.o
    0x0800599c   0x0000001c   Code   RO          404    i.systick_add       systick.o
    0x080059b8   0x0000000c   Code   RO          406    i.systick_getcnt    systick.o
    0x080059c4   0x00000058   Code   RO          407    i.systick_init      systick.o
    0x08005a1c   0x0000002c   Code   RO         4173    locale$$code        c_w.l(lc_ctype_c.o)
    0x08005a48   0x0000002c   Code   RO         4176    locale$$code        c_w.l(lc_numeric_c.o)
    0x08005a74   0x00000004   Code   RO         4099    x$fpl$printf1       fz_ws.l(printf1.o)
    0x08005a78   0x00000000   Code   RO         4103    x$fpl$usenofp       fz_ws.l(usenofp.o)
    0x08005a78   0x00000059   Data   RO           84    .constdata          main.o
    0x08005ad1   0x00000003   PAD
    0x08005ad4   0x00000020   Data   RO          333    .constdata          shell.o
    0x08005af4   0x00000050   Data   RO          680    .constdata          gpio.o
    0x08005b44   0x00000008   Data   RO         4017    .constdata          c_w.l(_printf_wctomb.o)
    0x08005b4c   0x00000028   Data   RO         4046    .constdata          c_w.l(_printf_hex_int_ll_ptr.o)
    0x08005b74   0x00000011   Data   RO         4066    .constdata          c_w.l(__printf_flags_ss_wp.o)
    0x08005b85   0x00000003   PAD
    0x08005b88   0x00000094   Data   RO         4148    .constdata          c_w.l(bigflt0.o)
    0x08005c1c   0x00000010   Data   RO          334    .conststring        shell.o
    0x08005c2c   0x00000020   Data   RO         4320    Region$$Table       anon$$obj.o
    0x08005c4c   0x00000110   Data   RO         4172    locale$$data        c_w.l(lc_ctype_c.o)
    0x08005d5c   0x0000001c   Data   RO         4175    locale$$data        c_w.l(lc_numeric_c.o)


    Execution Region RW_IRAM1 (Base: 0x20000000, Size: 0x00003c00, Max: 0x00010000, ABSOLUTE)

    Base Addr    Size         Type   Attr      Idx    E Section Name        Object

    0x20000000   0x00000023   Data   RW           85    .data               main.o
    0x20000023   0x00000001   PAD
    0x20000024   0x00000004   Data   RW          335    .data               shell.o
    0x20000028   0x00000014   Data   RW          881    .data               system_stm32f10x.o
    0x2000003c   0x00000014   Data   RW         2527    .data               stm32f10x_rcc.o
    0x20000050   0x00000924   Zero   RW           83    .bss                main.o
    0x20000974   0x00000150   Zero   RW          332    .bss                shell.o
    0x20000ac4   0x00000018   Zero   RW          410    .bss                systick.o
    0x20000adc   0x00002048   Zero   RW          585    .bss                candrv.o
    0x20002b24   0x00000a78   Zero   RW          729    .bss                uart.o
    0x2000359c   0x00000060   Zero   RW         4193    .bss                c_w.l(libspace.o)
    0x200035fc   0x00000004   PAD
    0x20003600   0x00000200   Zero   RW         3943    HEAP                startup_stm32f10x_cl.o
    0x20003800   0x00000400   Zero   RW         3942    STACK               startup_stm32f10x_cl.o


==============================================================================

Image component sizes


      Code (inc. data)   RO Data    RW Data    ZI Data      Debug   Object Name

         0          0          0          0          0       1964   appprintf.o
        70          8          0          0          0       1245   bsp.o
      4094        922          0          0       8264      11170   candrv.o
       188          6         80          0          0       1426   gpio.o
      3416        430         89         35       2340     302768   main.o
       156         32          0          0          0       1813   misc.o
      1236        460         48          4        336       5930   shell.o
        64         26        384          0       1536        724   startup_stm32f10x_cl.o
       404         10          0          0          0       7765   stm32f10x_adc.o
      1996         50          0          0          0      11230   stm32f10x_can.o
       286         36          0          0          0       3456   stm32f10x_flash.o
       444          6          0          0          0       4075   stm32f10x_gpio.o
       548         52          0         20          0       6395   stm32f10x_rcc.o
       740        106          0          0          0       4351   stm32f10x_tim.o
       622         28          0          0          0       6615   stm32f10x_usart.o
       388         30          0         20          0       1921   system_stm32f10x.o
       228         44          0          0         24       3168   systick.o
         0          0          0          0          0     238348   template.o
      1356         92          0          0       2680      10329   uart.o

    ----------------------------------------------------------------------
     16252       2338        636         80      15180     624693   Object Totals
         0          0         32          0          0          0   (incl. Generated)
        16          0          3          1          0          0   (incl. Padding)

    ----------------------------------------------------------------------

      Code (inc. data)   RO Data    RW Data    ZI Data      Debug   Library Member Name

         8          0          0          0          0         68   __main.o
       396          6         17          0          0         92   __printf_flags_ss_wp.o
        14          0          0          0          0         68   __printf_wp.o
        52          8          0          0          0          0   __scatter.o
        26          0          0          0          0          0   __scatter_copy.o
        28          0          0          0          0          0   __scatter_zi.o
         6          0          0          0          0          0   _printf_a.o
         6          0          0          0          0          0   _printf_c.o
        44          0          0          0          0        108   _printf_char.o
        48          6          0          0          0         96   _printf_char_common.o
        42          0          0          0          0         68   _printf_charcount.o
         6          0          0          0          0          0   _printf_d.o
       120         18          0          0          0         92   _printf_dec.o
         6          0          0          0          0          0   _printf_e.o
         6          0          0          0          0          0   _printf_f.o
      1056          0          0          0          0        216   _printf_fp_dec.o
       128         16          0          0          0         84   _printf_fp_infnan.o
         6          0          0          0          0          0   _printf_g.o
       156          6         40          0          0        160   _printf_hex_int_ll_ptr.o
         6          0          0          0          0          0   _printf_i.o
       184          0          0          0          0         88   _printf_intcommon.o
        10          0          0          0          0          0   _printf_l.o
         6          0          0          0          0          0   _printf_lc.o
        10          0          0          0          0          0   _printf_ll.o
         6          0          0          0          0          0   _printf_lld.o
         6          0          0          0          0          0   _printf_lli.o
         6          0          0          0          0          0   _printf_llo.o
         6          0          0          0          0          0   _printf_llu.o
         6          0          0          0          0          0   _printf_llx.o
       120         16          0          0          0         92   _printf_longlong_dec.o
         6          0          0          0          0          0   _printf_ls.o
         6          0          0          0          0          0   _printf_n.o
         6          0          0          0          0          0   _printf_o.o
       120          8          0          0          0        124   _printf_oct_int_ll.o
         6          0          0          0          0          0   _printf_p.o
        82          0          0          0          0        108   _printf_pad.o
         0          0          0          0          0          0   _printf_percent.o
         4          0          0          0          0          0   _printf_percent_end.o
         6          0          0          0          0          0   _printf_s.o
        82          0          0          0          0         80   _printf_str.o
        36          0          0          0          0         84   _printf_truncate.o
         6          0          0          0          0          0   _printf_u.o
        44          0          0          0          0        108   _printf_wchar.o
       188          6          8          0          0         92   _printf_wctomb.o
         6          0          0          0          0          0   _printf_x.o
        16          0          0          0          0         68   _snputc.o
        10          0          0          0          0         68   _sputc.o
        64          0          0          0          0         92   _wcrtomb.o
       228          6        148          0          0         96   bigflt0.o
      1910        128          0          0          0        672   btod.o
        52          4          0          0          0         80   c89vsnprintf.o
        12          0          0          0          0         72   exit.o
         6          0          0          0          0        152   heapauxi.o
         0          0          0          0          0          0   indicate_semi.o
        44         10        272          0          0         76   lc_ctype_c.o
        44         10         28          0          0         76   lc_numeric_c.o
         2          0          0          0          0          0   libinit.o
        30          0          0          0          0          0   libinit2.o
         2          0          0          0          0          0   libshutdown.o
         2          0          0          0          0          0   libshutdown2.o
         8          4          0          0         96         68   libspace.o
       138          0          0          0          0         80   lludiv10.o
        16          4          0          0          0         76   rt_ctype_table.o
         8          4          0          0          0         68   rt_locale_intlibspace.o
        68          0          0          0          0         68   rt_memclr.o
        78          0          0          0          0         80   rt_memclr_w.o
       138          0          0          0          0         68   rt_memcpy_v6.o
       100          0          0          0          0         80   rt_memcpy_w.o
         0          0          0          0          0          0   rtentry.o
        12          0          0          0          0          0   rtentry2.o
         6          0          0          0          0          0   rtentry4.o
         2          0          0          0          0          0   rtexit.o
        10          0          0          0          0          0   rtexit2.o
        42          0          0          0          0         84   strcasecmp.o
       128          0          0          0          0         68   strcmpv7m.o
        62          0          0          0          0         76   strlen.o
        12          4          0          0          0         68   sys_exit.o
        74          0          0          0          0         80   sys_stackheap_outer.o
        26          0          0          0          0         76   tolower.o
         2          0          0          0          0         68   use_no_semi.o
         4          0          0          0          0         68   printf1.o
         0          0          0          0          0          0   usenofp.o
        40          0          0          0          0         68   fpclassify.o

    ----------------------------------------------------------------------
      6524        264        516          0        100       4524   Library Totals
        10          0          3          0          4          0   (incl. Padding)

    ----------------------------------------------------------------------

      Code (inc. data)   RO Data    RW Data    ZI Data      Debug   Library Name

      6470        264        513          0         96       4388   c_w.l
         4          0          0          0          0         68   fz_ws.l
        40          0          0          0          0         68   m_ws.l

    ----------------------------------------------------------------------
      6524        264        516          0        100       4524   Library Totals

    ----------------------------------------------------------------------

==============================================================================


      Code (inc. data)   RO Data    RW Data    ZI Data      Debug   

     22776       2602       1152         80      15280     619597   Grand Totals
     22776       2602       1152         80      15280     619597   ELF Image Totals
     22776       2602       1152         80          0          0   ROM Totals

==============================================================================

    Total RO  Size (Code + RO Data)                23928 (  23.37kB)
    Total RW  Size (RW Data + ZI Data)             15360 (  15.00kB)
    Total ROM Size (Code + RO Data + RW Data)      24008 (  23.45kB)

==============================================================================

