ARM Linker, 5.03 [Build 76] [MDK-ARM Standard]

==============================================================================

Section Cross References

    main.o(i.AppInit) refers to bsp.o(i.BSP_Init) for BSP_Init
    main.o(i.AppInit) refers to gpio.o(i.GpioInit) for GpioInit
    main.o(i.AppInit) refers to shell.o(i.ShellInit) for ShellInit
    main.o(i.AppInit) refers to gpiodrv.o(i.GPIO_Configuration) for GPIO_Configuration
    main.o(i.AppInit) refers to exti.o(i.EXTI0_Configuration) for EXTI0_Configuration
    main.o(i.AppInit) refers to adc.o(i.ADC_Configuration) for ADC_Configuration
    main.o(i.AppInit) refers to timer.o(i.TIMER3_Configuration) for TIMER3_Configuration
    main.o(i.AppInit) refers to timer.o(i.TIMER5_Configuration) for TIMER5_Configuration
    main.o(i.AppInit) refers to timer.o(i.TIMER6_Configuration) for TIMER6_Configuration
    main.o(i.AppInit) refers to systick.o(i.systick_init) for systick_init
    main.o(i.AppInit) refers to main.o(i.bandrateinit) for bandrateinit
    main.o(i.AppInit) refers to uartprocess.o(i.StructInit) for StructInit
    main.o(i.AppInit) refers to bsp_iwdg.o(i.IWDG_Config) for IWDG_Config
    main.o(i.AppInit) refers to stm32f10x_tim.o(i.TIM_Cmd) for TIM_Cmd
    main.o(i.bandrateinit) refers to flash.o(i.MemReadData) for MemReadData
    main.o(i.bandrateinit) refers to uart.o(i.Com1Init) for Com1Init
    main.o(i.bandrateinit) refers to uart.o(i.Com3Init) for Com3Init
    main.o(i.bandrateinit) refers to candrv.o(i.CAN1Init) for CAN1Init
    main.o(i.bandrateinit) refers to uart.o(.bss) for COM1
    main.o(i.bandrateinit) refers to candrv.o(.bss) for Can1
    main.o(i.main) refers to main.o(i.AppInit) for AppInit
    main.o(i.main) refers to shell.o(i.ShellPrintf) for ShellPrintf
    main.o(i.main) refers to stm32f10x_gpio.o(i.GPIO_ReadInputDataBit) for GPIO_ReadInputDataBit
    main.o(i.main) refers to stm32f10x_gpio.o(i.GPIO_SetBits) for GPIO_SetBits
    main.o(i.main) refers to uartprocess.o(i.UART3_Data_Pro) for UART3_Data_Pro
    main.o(i.main) refers to uart.o(i.ComxGetChar) for ComxGetChar
    main.o(i.main) refers to can.o(i.CanToUtcp) for CanToUtcp
    main.o(i.main) refers to bsp_iwdg.o(i.IWDG_Feed) for IWDG_Feed
    main.o(i.main) refers to shell.o(.data) for DebugMode
    main.o(i.main) refers to uart.o(.bss) for COM1
    main.o(i.main) refers to exti.o(.data) for acconoff
    main.o(i.main) refers to candrv.o(.bss) for Can1
    shell.o(i.ParseCmd) refers to strlen.o(.text) for strlen
    shell.o(i.ParseCmd) refers to strcasecmp.o(.text) for strcasecmp
    shell.o(i.ParseCmd) refers to shell.o(i.ShellPrintf) for ShellPrintf
    shell.o(i.ParseCmd) refers to shell.o(.constdata) for CMD_INNER
    shell.o(i.ShellHelp) refers to shell.o(i.ShellPrintf) for ShellPrintf
    shell.o(i.ShellHelp) refers to systick.o(i.sys_msec_tick) for sys_msec_tick
    shell.o(i.ShellHelp) refers to systick.o(i.sys_hour_tick) for sys_hour_tick
    shell.o(i.ShellInit) refers to shell.o(.data) for ChNum
    shell.o(i.ShellMain) refers to shell.o(i.ParseCmd) for ParseCmd
    shell.o(i.ShellMain) refers to shell.o(.data) for ChNum
    shell.o(i.ShellMain) refers to shell.o(.bss) for CmdChar
    shell.o(i.ShellPrintf) refers to c89vsnprintf.o(.text) for __c89vsnprintf
    shell.o(i.ShellPrintf) refers to uart.o(i.ComxPutStr) for ComxPutStr
    shell.o(i.ShellPrintf) refers to shell.o(.bss) for l_print_buffer
    shell.o(i.ShellRtu) refers to strcasecmp.o(.text) for strcasecmp
    shell.o(i.ShellRtu) refers to bsp.o(.emb_text) for SysSoftRst
    shell.o(i.ShellRtu) refers to shell.o(i.ShellPrintf) for ShellPrintf
    shell.o(i.ShellRtu) refers to shell.o(.data) for DebugMode
    shell.o(i.ShellUpdate) refers to bsp.o(.emb_text) for SysSoftRst
    shell.o(i.uartputc) refers to uart.o(i.ComxPutChar) for ComxPutChar
    shell.o(.constdata) refers to shell.o(.conststring) for .conststring
    shell.o(.constdata) refers to shell.o(i.ShellHelp) for ShellHelp
    shell.o(.constdata) refers to shell.o(i.ShellUpdate) for ShellUpdate
    shell.o(.constdata) refers to shell.o(i.ShellRtu) for ShellRtu
    systick.o(i.SysTick_Handler) refers to systick.o(.bss) for systick_ctrlvar
    systick.o(i.sys_hour_tick) refers to systick.o(.bss) for systick_ctrlvar
    systick.o(i.sys_msec_tick) refers to systick.o(.bss) for systick_ctrlvar
    systick.o(i.systick_add) refers to systick.o(.bss) for systick_ctrlvar
    systick.o(i.systick_dly) refers to systick.o(i.systick_reload) for systick_reload
    systick.o(i.systick_dly) refers to systick.o(i.systick_isov) for systick_isov
    systick.o(i.systick_dly) refers to systick.o(.bss) for systick_ctrlvar
    systick.o(i.systick_getcnt) refers to systick.o(.bss) for systick_ctrlvar
    systick.o(i.systick_init) refers to bsp.o(i.BSP_CPU_ClkFreq) for BSP_CPU_ClkFreq
    systick.o(i.systick_init) refers to systick.o(i.systick_add) for systick_add
    systick.o(i.systick_init) refers to systick.o(.bss) for systick_ctrlvar
[...]
    __rt_lib_shutdown_user_alloc_1           0x0800f2af   Thumb Code     0  libshutdown2.o(.ARM.Collect$$libshutdown$$0000000B)
    __rt_entry                               0x0800f2b1   Thumb Code     0  rtentry.o(.ARM.Collect$$rtentry$$00000000)
    __rt_entry_presh_1                       0x0800f2b1   Thumb Code     0  rtentry2.o(.ARM.Collect$$rtentry$$00000002)
    __rt_entry_sh                            0x0800f2b1   Thumb Code     0  rtentry4.o(.ARM.Collect$$rtentry$$00000004)
    __rt_entry_li                            0x0800f2b7   Thumb Code     0  rtentry2.o(.ARM.Collect$$rtentry$$0000000A)
    __rt_entry_postsh_1                      0x0800f2b7   Thumb Code     0  rtentry2.o(.ARM.Collect$$rtentry$$00000009)
    __rt_entry_main                          0x0800f2bb   Thumb Code     0  rtentry2.o(.ARM.Collect$$rtentry$$0000000D)
    __rt_entry_postli_1                      0x0800f2bb   Thumb Code     0  rtentry2.o(.ARM.Collect$$rtentry$$0000000C)
    __rt_exit                                0x0800f2c3   Thumb Code     0  rtexit.o(.ARM.Collect$$rtexit$$00000000)
    __rt_exit_ls                             0x0800f2c5   Thumb Code     0  rtexit2.o(.ARM.Collect$$rtexit$$00000003)
    __rt_exit_prels_1                        0x0800f2c5   Thumb Code     0  rtexit2.o(.ARM.Collect$$rtexit$$00000002)
    __rt_exit_exit                           0x0800f2c9   Thumb Code     0  rtexit2.o(.ARM.Collect$$rtexit$$00000004)
    Reset_Handler                            0x0800f2d1   Thumb Code     8  startup_stm32f10x_cl.o(.text)
    _maybe_terminate_alloc                   0x0800f2d1   Thumb Code     0  maybetermalloc1.o(.emb_text)
    ADC1_2_IRQHandler                        0x0800f2eb   Thumb Code     0  startup_stm32f10x_cl.o(.text)
    DMA1_Channel1_IRQHandler                 0x0800f2eb   Thumb Code     0  startup_stm32f10x_cl.o(.text)
    DMA1_Channel2_IRQHandler                 0x0800f2eb   Thumb Code     0  startup_stm32f10x_cl.o(.text)
    DMA1_Channel3_IRQHandler                 0x0800f2eb   Thumb Code     0  startup_stm32f10x_cl.o(.text)
    DMA1_Channel4_IRQHandler                 0x0800f2eb   Thumb Code     0  startup_stm32f10x_cl.o(.text)
    DMA1_Channel5_IRQHandler                 0x0800f2eb   Thumb Code     0  startup_stm32f10x_cl.o(.text)
    DMA1_Channel6_IRQHandler                 0x0800f2eb   Thumb Code     0  startup_stm32f10x_cl.o(.text)
    DMA1_Channel7_IRQHandler                 0x0800f2eb   Thumb Code     0  startup_stm32f10x_cl.o(.text)
    DMA2_Channel1_IRQHandler                 0x0800f2eb   Thumb Code     0  startup_stm32f10x_cl.o(.text)
    DMA2_Channel2_IRQHandler                 0x0800f2eb   Thumb Code     0  startup_stm32f10x_cl.o(.text)
    DMA2_Channel3_IRQHandler                 0x0800f2eb   Thumb Code     0  startup_stm32f10x_cl.o(.text)
    DMA2_Channel4_IRQHandler                 0x0800f2eb   Thumb Code     0  startup_stm32f10x_cl.o(.text)
    DMA2_Channel5_IRQHandler                 0x0800f2eb   Thumb Code     0  startup_stm32f10x_cl.o(.text)
    ETH_IRQHandler                           0x0800f2eb   Thumb Code     0  startup_stm32f10x_cl.o(.text)
    ETH_WKUP_IRQHandler                      0x0800f2eb   Thumb Code     0  startup_stm32f10x_cl.o(.text)
    EXTI15_10_IRQHandler                     0x0800f2eb   Thumb Code     0  startup_stm32f10x_cl.o(.text)
    EXTI1_IRQHandler                         0x0800f2eb   Thumb Code     0  startup_stm32f10x_cl.o(.text)
    EXTI2_IRQHandler                         0x0800f2eb   Thumb Code     0  startup_stm32f10x_cl.o(.text)
    EXTI3_IRQHandler                         0x0800f2eb   Thumb Code     0  startup_stm32f10x_cl.o(.text)
    EXTI4_IRQHandler                         0x0800f2eb   Thumb Code     0  startup_stm32f10x_cl.o(.text)
    EXTI9_5_IRQHandler                       0x0800f2eb   Thumb Code     0  startup_stm32f10x_cl.o(.text)
    FLASH_IRQHandler                         0x0800f2eb   Thumb Code     0  startup_stm32f10x_cl.o(.text)
    I2C1_ER_IRQHandler                       0x0800f2eb   Thumb Code     0  startup_stm32f10x_cl.o(.text)
    I2C1_EV_IRQHandler                       0x0800f2eb   Thumb Code     0  startup_stm32f10x_cl.o(.text)
    I2C2_ER_IRQHandler                       0x0800f2eb   Thumb Code     0  startup_stm32f10x_cl.o(.text)
    I2C2_EV_IRQHandler                       0x0800f2eb   Thumb Code     0  startup_stm32f10x_cl.o(.text)
    OTG_FS_IRQHandler                        0x0800f2eb   Thumb Code     0  startup_stm32f10x_cl.o(.text)
    OTG_FS_WKUP_IRQHandler                   0x0800f2eb   Thumb Code     0  startup_stm32f10x_cl.o(.text)
    PVD_IRQHandler                           0x0800f2eb   Thumb Code     0  startup_stm32f10x_cl.o(.text)
    RCC_IRQHandler                           0x0800f2eb   Thumb Code     0  startup_stm32f10x_cl.o(.text)
    RTCAlarm_IRQHandler                      0x0800f2eb   Thumb Code     0  startup_stm32f10x_cl.o(.text)
    RTC_IRQHandler                           0x0800f2eb   Thumb Code     0  startup_stm32f10x_cl.o(.text)
    SPI1_IRQHandler                          0x0800f2eb   Thumb Code     0  startup_stm32f10x_cl.o(.text)
    SPI2_IRQHandler                          0x0800f2eb   Thumb Code     0  startup_stm32f10x_cl.o(.text)
    SPI3_IRQHandler                          0x0800f2eb   Thumb Code     0  startup_stm32f10x_cl.o(.text)
    TAMPER_IRQHandler                        0x0800f2eb   Thumb Code     0  startup_stm32f10x_cl.o(.text)
    TIM1_BRK_IRQHandler                      0x0800f2eb   Thumb Code     0  startup_stm32f10x_cl.o(.text)
    TIM1_CC_IRQHandler                       0x0800f2eb   Thumb Code     0  startup_stm32f10x_cl.o(.text)
    TIM1_TRG_COM_IRQHandler                  0x0800f2eb   Thumb Code     0  startup_stm32f10x_cl.o(.text)
    TIM1_UP_IRQHandler                       0x0800f2eb   Thumb Code     0  startup_stm32f10x_cl.o(.text)
    TIM2_IRQHandler                          0x0800f2eb   Thumb Code     0  startup_stm32f10x_cl.o(.text)
    TIM4_IRQHandler                          0x0800f2eb   Thumb Code     0  startup_stm32f10x_cl.o(.text)
    TIM7_IRQHandler                          0x0800f2eb   Thumb Code     0  startup_stm32f10x_cl.o(.text)
    WWDG_IRQHandler                          0x0800f2eb   Thumb Code     0  startup_stm32f10x_cl.o(.text)
    __user_initial_stackheap                 0x0800f2ed   Thumb Code     0  startup_stm32f10x_cl.o(.text)
    malloc                                   0x0800f311   Thumb Code    94  h1_alloc.o(.text)
    free                                     0x0800f36f   Thumb Code    78  h1_free.o(.text)
    __c89vsnprintf                           0x0800f3bd   Thumb Code    48  c89vsnprintf.o(.text)
    __aeabi_memcpy                           0x0800f3f1   Thumb Code     0  rt_memcpy_v6.o(.text)
    __rt_memcpy                              0x0800f3f1   Thumb Code   138  rt_memcpy_v6.o(.text)
    _memcpy_lastbytes                        0x0800f457   Thumb Code     0  rt_memcpy_v6.o(.text)
    __aeabi_memclr                           0x0800f47b   Thumb Code     0  rt_memclr.o(.text)
    __rt_memclr                              0x0800f47b   Thumb Code    68  rt_memclr.o(.text)
    _memset                                  0x0800f47f   Thumb Code     0  rt_memclr.o(.text)
    __aeabi_memclr4                          0x0800f4bf   Thumb Code     0  rt_memclr_w.o(.text)
    __aeabi_memclr8                          0x0800f4bf   Thumb Code     0  rt_memclr_w.o(.text)
    __rt_memclr_w                            0x0800f4bf   Thumb Code    78  rt_memclr_w.o(.text)
    _memset_w                                0x0800f4c3   Thumb Code     0  rt_memclr_w.o(.text)
    __use_two_region_memory                  0x0800f50d   Thumb Code     2  heapauxi.o(.text)
    __rt_heap_escrow                         0x0800f50f   Thumb Code     2  heapauxi.o(.text)
    __rt_heap_expand                         0x0800f511   Thumb Code     2  heapauxi.o(.text)
    __rt_heap_descriptor                     0x0800f515   Thumb Code     8  rt_heap_descriptor_intlibspace.o(.text)
    __use_no_heap                            0x0800f51d   Thumb Code     2  hguard.o(.text)
    __heap$guard                             0x0800f51f   Thumb Code     2  hguard.o(.text)
    _terminate_user_alloc                    0x0800f521   Thumb Code     2  init_alloc.o(.text)
    _init_user_alloc                         0x0800f523   Thumb Code     2  init_alloc.o(.text)
    __Heap_Full                              0x0800f525   Thumb Code    34  init_alloc.o(.text)
    __Heap_Broken                            0x0800f547   Thumb Code     6  init_alloc.o(.text)
    _init_alloc                              0x0800f54d   Thumb Code    94  init_alloc.o(.text)
    __Heap_Initialize                        0x0800f5ab   Thumb Code    10  h1_init.o(.text)
    __Heap_DescSize                          0x0800f5b5   Thumb Code     4  h1_init.o(.text)
    _printf_pre_padding                      0x0800f5b9   Thumb Code    46  _printf_pad.o(.text)
    _printf_post_padding                     0x0800f5e7   Thumb Code    36  _printf_pad.o(.text)
    _printf_truncate_signed                  0x0800f60b   Thumb Code    18  _printf_truncate.o(.text)
    _printf_truncate_unsigned                0x0800f61d   Thumb Code    18  _printf_truncate.o(.text)
    _printf_str                              0x0800f62f   Thumb Code    82  _printf_str.o(.text)
    _printf_int_dec                          0x0800f681   Thumb Code   102  _printf_dec.o(.text)
    _printf_charcount                        0x0800f6f9   Thumb Code    42  _printf_charcount.o(.text)
    _printf_char_common                      0x0800f72f   Thumb Code    32  _printf_char_common.o(.text)
    _sputc                                   0x0800f755   Thumb Code    10  _sputc.o(.text)
    _snputc                                  0x0800f75f   Thumb Code    16  _snputc.o(.text)
    _printf_wctomb                           0x0800f771   Thumb Code   182  _printf_wctomb.o(.text)
    _printf_longlong_dec                     0x0800f82d   Thumb Code   104  _printf_longlong_dec.o(.text)
    _printf_longlong_oct                     0x0800f8a5   Thumb Code    76  _printf_oct_int_ll.o(.text)
    _printf_int_oct                          0x0800f8f1   Thumb Code    24  _printf_oct_int_ll.o(.text)
    _printf_ll_oct                           0x0800f909   Thumb Code    12  _printf_oct_int_ll.o(.text)
    _printf_longlong_hex                     0x0800f91d   Thumb Code    92  _printf_hex_int_ll_ptr.o(.text)
    _printf_int_hex                          0x0800f979   Thumb Code    28  _printf_hex_int_ll_ptr.o(.text)
    _printf_ll_hex                           0x0800f995   Thumb Code    12  _printf_hex_int_ll_ptr.o(.text)
    _printf_hex_ptr                          0x0800f9a1   Thumb Code    18  _printf_hex_int_ll_ptr.o(.text)
    __printf                                 0x0800f9b9   Thumb Code   390  __printf_flags_ss_wp.o(.text)
    __aeabi_memcpy4                          0x0800fb45   Thumb Code     0  rt_memcpy_w.o(.text)
    __aeabi_memcpy8                          0x0800fb45   Thumb Code     0  rt_memcpy_w.o(.text)
    __rt_memcpy_w                            0x0800fb45   Thumb Code   100  rt_memcpy_w.o(.text)
    _memcpy_lastbytes_aligned                0x0800fb8d   Thumb Code     0  rt_memcpy_w.o(.text)
    __user_libspace                          0x0800fba9   Thumb Code     8  libspace.o(.text)
    __user_perproc_libspace                  0x0800fba9   Thumb Code     0  libspace.o(.text)
    __user_perthread_libspace                0x0800fba9   Thumb Code     0  libspace.o(.text)
    __rt_ctype_table                         0x0800fbb1   Thumb Code    16  rt_ctype_table.o(.text)
    __Heap_ProvideMemory                     0x0800fbc1   Thumb Code    52  h1_extend.o(.text)
    _ll_udiv10                               0x0800fbf5   Thumb Code   138  lludiv10.o(.text)
    _printf_int_common                       0x0800fc7f   Thumb Code   184  _printf_intcommon.o(.text)
    __lib_sel_fp_printf                      0x0800fd37   Thumb Code     2  _printf_fp_dec.o(.text)
    _printf_fp_dec_real                      0x0800fee3   Thumb Code   628  _printf_fp_dec.o(.text)
    _printf_cs_common                        0x08010157   Thumb Code    20  _printf_char.o(.text)
    _printf_char                             0x0801016b   Thumb Code    16  _printf_char.o(.text)
    _printf_string                           0x0801017b   Thumb Code     8  _printf_char.o(.text)
    _printf_lcs_common                       0x08010183   Thumb Code    20  _printf_wchar.o(.text)
    _printf_wchar                            0x08010197   Thumb Code    16  _printf_wchar.o(.text)
    _printf_wstring                          0x080101a7   Thumb Code     8  _printf_wchar.o(.text)
    _wcrtomb                                 0x080101af   Thumb Code    64  _wcrtomb.o(.text)
    __rt_SIGRTMEM                            0x080101ef   Thumb Code    14  defsig_rtmem_outer.o(.text)
    __I$use$semihosting                      0x080101fd   Thumb Code     0  use_no_semi.o(.text)
    __use_no_semihosting_swi                 0x080101fd   Thumb Code     2  use_no_semi.o(.text)
    __semihosting_library_function           0x080101ff   Thumb Code     0  indicate_semi.o(.text)
    __user_setup_stackheap                   0x080101ff   Thumb Code    74  sys_stackheap_outer.o(.text)
    __rt_locale                              0x08010249   Thumb Code     8  rt_locale_intlibspace.o(.text)
    _printf_fp_infnan                        0x08010251   Thumb Code   112  _printf_fp_infnan.o(.text)
    _btod_etento                             0x080102d1   Thumb Code   222  bigflt0.o(.text)
    exit                                     0x080103b5   Thumb Code    12  exit.o(.text)
    __sig_exit                               0x080103c1   Thumb Code    10  defsig_exit.o(.text)
    __rt_SIGRTMEM_inner                      0x080103cd   Thumb Code    22  defsig_rtmem_inner.o(.text)
    _sys_exit                                0x0801041d   Thumb Code     8  sys_exit.o(.text)
    __default_signal_display                 0x08010429   Thumb Code    50  defsig_general.o(.text)
    strcmp                                   0x0801045d   Thumb Code   128  strcmpv7m.o(.text)
    _ttywrch                                 0x080104dd   Thumb Code    14  sys_wrch.o(.text)
    _btod_d2e                                0x080104eb   Thumb Code    62  btod.o(CL$$btod_d2e)
    _d2e_denorm_low                          0x08010529   Thumb Code    70  btod.o(CL$$btod_d2e_denorm_low)
    _d2e_norm_op1                            0x0801056f   Thumb Code    96  btod.o(CL$$btod_d2e_norm_op1)
    __btod_div_common                        0x080105cf   Thumb Code   696  btod.o(CL$$btod_div_common)
    _e2e                                     0x08010907   Thumb Code   198  btod.o(CL$$btod_e2e)
    _btod_ediv                               0x080109cd   Thumb Code    40  btod.o(CL$$btod_ediv)
    _btod_emul                               0x080109f5   Thumb Code    40  btod.o(CL$$btod_emul)
    __btod_mult_common                       0x08010a1d   Thumb Code   580  btod.o(CL$$btod_mult_common)
    ADC1_SAMPLING                            0x08010c61   Thumb Code   476  adc.o(i.ADC1_SAMPLING)
    ADC_ClearITPendingBit                    0x08010e9d   Thumb Code    10  stm32f10x_adc.o(i.ADC_ClearITPendingBit)
    ADC_Cmd                                  0x08010ea7   Thumb Code    22  stm32f10x_adc.o(i.ADC_Cmd)
    ADC_Configuration                        0x08010ebd   Thumb Code   126  adc.o(i.ADC_Configuration)
    ADC_GetCalibrationStatus                 0x08010f41   Thumb Code    20  stm32f10x_adc.o(i.ADC_GetCalibrationStatus)
    ADC_GetConversionValue                   0x08010f55   Thumb Code     8  stm32f10x_adc.o(i.ADC_GetConversionValue)
    ADC_GetFlagStatus                        0x08010f5d   Thumb Code    18  stm32f10x_adc.o(i.ADC_GetFlagStatus)
    ADC_GetResetCalibrationStatus            0x08010f6f   Thumb Code    20  stm32f10x_adc.o(i.ADC_GetResetCalibrationStatus)
    ADC_Init                                 0x08010f85   Thumb Code    70  stm32f10x_adc.o(i.ADC_Init)
    ADC_RegularChannelConfig                 0x08010fd5   Thumb Code   184  stm32f10x_adc.o(i.ADC_RegularChannelConfig)
    ADC_ResetCalibration                     0x0801108d   Thumb Code    10  stm32f10x_adc.o(i.ADC_ResetCalibration)
    ADC_SoftwareStartConvCmd                 0x08011097   Thumb Code    22  stm32f10x_adc.o(i.ADC_SoftwareStartConvCmd)
    ADC_StartCalibration                     0x080110ad   Thumb Code    10  stm32f10x_adc.o(i.ADC_StartCalibration)
    AppInit                                  0x080110b9   Thumb Code    74  main.o(i.AppInit)
    BSP_CPU_ClkFreq                          0x08011109   Thumb Code    16  bsp.o(i.BSP_CPU_ClkFreq)
    BSP_Init                                 0x08011119   Thumb Code    24  bsp.o(i.BSP_Init)
    BusFault_Handler                         0x08011131   Thumb Code     4  stm32f4xx_it.o(i.BusFault_Handler)
    CAN1Init                                 0x08011135   Thumb Code   442  candrv.o(i.CAN1Init)
    CAN1_RX0_IRQHandler                      0x0801130d   Thumb Code   204  candrv.o(i.CAN1_RX0_IRQHandler)
    CAN1_RX1_IRQHandler                      0x080113f1   Thumb Code   204  candrv.o(i.CAN1_RX1_IRQHandler)
    CAN1_SCE_IRQHandler                      0x080114d5   Thumb Code   242  candrv.o(i.CAN1_SCE_IRQHandler)
    CAN1_TX_IRQHandler                       0x08011661   Thumb Code   222  candrv.o(i.CAN1_TX_IRQHandler)
    CAN2_RX0_IRQHandler                      0x080117d1   Thumb Code   204  candrv.o(i.CAN2_RX0_IRQHandler)
    CAN2_RX1_IRQHandler                      0x080118b5   Thumb Code   204  candrv.o(i.CAN2_RX1_IRQHandler)
    CAN2_SCE_IRQHandler                      0x08011999   Thumb Code   202  candrv.o(i.CAN2_SCE_IRQHandler)
    CAN2_TX_IRQHandler                       0x08011ad5   Thumb Code   222  candrv.o(i.CAN2_TX_IRQHandler)
    CANQUE_TO_CANTXMSG                       0x08011c45   Thumb Code    72  candrv.o(i.CANQUE_TO_CANTXMSG)
    CANQueListGet                            0x08011c8d   Thumb Code    88  candrv.o(i.CANQueListGet)
    CANQueListInit                           0x08011ce5   Thumb Code    24  candrv.o(i.CANQueListInit)
    CANQueListPost                           0x08011cfd   Thumb Code    98  candrv.o(i.CANQueListPost)
    CAN_ClearFlag                            0x08011d61   Thumb Code    52  stm32f10x_can.o(i.CAN_ClearFlag)
    CAN_ClearITPendingBit                    0x08011d99   Thumb Code   162  stm32f10x_can.o(i.CAN_ClearITPendingBit)
    CAN_DeInit                               0x08011e41   Thumb Code    50  stm32f10x_can.o(i.CAN_DeInit)
    CAN_FIFORelease                          0x08011e79   Thumb Code    22  stm32f10x_can.o(i.CAN_FIFORelease)
    CAN_FilterInit                           0x08011e91   Thumb Code   258  stm32f10x_can.o(i.CAN_FilterInit)
    CAN_GetFlagStatus                        0x08011f99   Thumb Code   120  stm32f10x_can.o(i.CAN_GetFlagStatus)
    CAN_GetITStatus                          0x08012011   Thumb Code   282  stm32f10x_can.o(i.CAN_GetITStatus)
    CAN_GetLSBTransmitErrorCounter           0x08012131   Thumb Code    12  stm32f10x_can.o(i.CAN_GetLSBTransmitErrorCounter)
    CAN_GetLastErrorCode                     0x0801213d   Thumb Code    12  stm32f10x_can.o(i.CAN_GetLastErrorCode)
    CAN_GetReceiveErrorCounter               0x08012149   Thumb Code    10  stm32f10x_can.o(i.CAN_GetReceiveErrorCounter)
    CAN_ITConfig                             0x08012153   Thumb Code    18  stm32f10x_can.o(i.CAN_ITConfig)
    CAN_Init                                 0x08012165   Thumb Code   276  stm32f10x_can.o(i.CAN_Init)
    CAN_MessagePending                       0x08012279   Thumb Code    30  stm32f10x_can.o(i.CAN_MessagePending)
    CAN_OperatingModeRequest                 0x08012297   Thumb Code   162  stm32f10x_can.o(i.CAN_OperatingModeRequest)
    CAN_SetFilterStd                         0x08012339   Thumb Code   182  can.o(i.CAN_SetFilterStd)
    CAN_StructInit                           0x0801244d   Thumb Code    32  stm32f10x_can.o(i.CAN_StructInit)
    CAN_Transmit                             0x0801246d   Thumb Code   294  stm32f10x_can.o(i.CAN_Transmit)
    CAN_TransmitStatus                       0x08012595   Thumb Code   174  stm32f10x_can.o(i.CAN_TransmitStatus)
    CalculateChecksum                        0x0801265d   Thumb Code    54  public.o(i.CalculateChecksum)
    CanReceive                               0x08012693   Thumb Code    36  candrv.o(i.CanReceive)
    CanToUtcp                                0x080126b9   Thumb Code   352  can.o(i.CanToUtcp)
    CanTransmit                              0x08012855   Thumb Code   116  candrv.o(i.CanTransmit)
    Com1Init                                 0x080128d9   Thumb Code   218  uart.o(i.Com1Init)
    Com3Init                                 0x080129cd   Thumb Code   220  uart.o(i.Com3Init)
    ComxConfig                               0x08012ac1   Thumb Code   210  uart.o(i.ComxConfig)
    ComxGetChar                              0x08012b93   Thumb Code    36  uart.o(i.ComxGetChar)
    ComxPutChar                              0x08012bb7   Thumb Code    74  uart.o(i.ComxPutChar)
    ComxPutData                              0x08012c01   Thumb Code    42  uart.o(i.ComxPutData)
    ComxPutStr                               0x08012c2b   Thumb Code    34  uart.o(i.ComxPutStr)
    DebugMon_Handler                         0x08012c4d   Thumb Code     2  stm32f4xx_it.o(i.DebugMon_Handler)
    DelayMS                                  0x08012c4f   Thumb Code    24  delay.o(i.DelayMS)
    DelayUS                                  0x08012c67   Thumb Code    22  delay.o(i.DelayUS)
    DiagnosticResponsePro                    0x08012c7d   Thumb Code   116  obd.o(i.DiagnosticResponsePro)
    EXTI0_Configuration                      0x08012d2d   Thumb Code    90  exti.o(i.EXTI0_Configuration)
    EXTI0_IRQHandler                         0x08012d89   Thumb Code   160  exti.o(i.EXTI0_IRQHandler)
    EXTI_ClearITPendingBit                   0x08012e55   Thumb Code     6  stm32f10x_exti.o(i.EXTI_ClearITPendingBit)
    EXTI_GetITStatus                         0x08012e61   Thumb Code    34  stm32f10x_exti.o(i.EXTI_GetITStatus)
    EXTI_Init                                0x08012e89   Thumb Code   142  stm32f10x_exti.o(i.EXTI_Init)
    FLASH_ClearFlag                          0x08012f1d   Thumb Code     6  stm32f10x_flash.o(i.FLASH_ClearFlag)
    FLASH_ErasePage                          0x08012f29   Thumb Code    72  stm32f10x_flash.o(i.FLASH_ErasePage)
    FLASH_GetBank1Status                     0x08012f75   Thumb Code    48  stm32f10x_flash.o(i.FLASH_GetBank1Status)
    FLASH_Lock                               0x08012fa9   Thumb Code    14  stm32f10x_flash.o(i.FLASH_Lock)
    FLASH_ProgramHalfWord                    0x08012fbd   Thumb Code    60  stm32f10x_flash.o(i.FLASH_ProgramHalfWord)
    FLASH_Unlock                             0x08012ffd   Thumb Code    12  stm32f10x_flash.o(i.FLASH_Unlock)
    FLASH_WaitForLastOperation               0x08013015   Thumb Code    38  stm32f10x_flash.o(i.FLASH_WaitForLastOperation)
    GPIO_Configuration                       0x0801303d   Thumb Code   174  gpiodrv.o(i.GPIO_Configuration)
    GPIO_EXTILineConfig                      0x080130f1   Thumb Code    60  stm32f10x_gpio.o(i.GPIO_EXTILineConfig)
    GPIO_Init                                0x08013131   Thumb Code   278  stm32f10x_gpio.o(i.GPIO_Init)
    GPIO_PinRemapConfig                      0x08013249   Thumb Code   138  stm32f10x_gpio.o(i.GPIO_PinRemapConfig)
    GPIO_ReadInputDataBit                    0x080132d9   Thumb Code    18  stm32f10x_gpio.o(i.GPIO_ReadInputDataBit)
    GPIO_ResetBits                           0x080132eb   Thumb Code     4  stm32f10x_gpio.o(i.GPIO_ResetBits)
    GPIO_SetBits                             0x080132ef   Thumb Code     4  stm32f10x_gpio.o(i.GPIO_SetBits)
    Get_Id_type                              0x080132f3   Thumb Code     8  can.o(i.Get_Id_type)
    GpioInit                                 0x080132fd   Thumb Code   182  gpio.o(i.GpioInit)
    HardFault_Handler                        0x080133b9   Thumb Code     4  stm32f4xx_it.o(i.HardFault_Handler)
    IWDG_Config                              0x080133bd   Thumb Code    36  bsp_iwdg.o(i.IWDG_Config)
    IWDG_Enable                              0x080133e1   Thumb Code    10  stm32f10x_iwdg.o(i.IWDG_Enable)
    IWDG_Feed                                0x080133f1   Thumb Code     8  bsp_iwdg.o(i.IWDG_Feed)
    IWDG_ReloadCounter                       0x080133f9   Thumb Code    10  stm32f10x_iwdg.o(i.IWDG_ReloadCounter)
    IWDG_SetPrescaler                        0x08013409   Thumb Code     6  stm32f10x_iwdg.o(i.IWDG_SetPrescaler)
    IWDG_SetReload                           0x08013415   Thumb Code     6  stm32f10x_iwdg.o(i.IWDG_SetReload)
    IWDG_WriteAccessCmd                      0x08013421   Thumb Code     6  stm32f10x_iwdg.o(i.IWDG_WriteAccessCmd)
    J1939_CAN_SetFilterExt                   0x0801342d   Thumb Code   120  can.o(i.J1939_CAN_SetFilterExt)
    J1939_CAN_Transmit                       0x080134c9   Thumb Code   238  can.o(i.J1939_CAN_Transmit)
    J1939_Pgn_response                       0x08013609   Thumb Code    68  j1939.o(i.J1939_Pgn_response)
    J1939_ResponsePro                        0x08013655   Thumb Code   786  j1939.o(i.J1939_ResponsePro)
    J1939_SendMessage                        0x08013ab5   Thumb Code    52  j1939.o(i.J1939_SendMessage)
    J1939_SendPGN                            0x08013ae9   Thumb Code   208  j1939.o(i.J1939_SendPGN)
    J1939_read_DT_Packet                     0x08013c0d   Thumb Code   212  j1939.o(i.J1939_read_DT_Packet)
    J1939_request                            0x08013d2d   Thumb Code   126  j1939.o(i.J1939_request)
    MemManage_Handler                        0x08013de9   Thumb Code     4  stm32f4xx_it.o(i.MemManage_Handler)
    MemReadData                              0x08013ded   Thumb Code    34  flash.o(i.MemReadData)
    MemWriteData                             0x08013e0f   Thumb Code    94  flash.o(i.MemWriteData)
    NMI_Handler                              0x08013e6d   Thumb Code     2  stm32f4xx_it.o(i.NMI_Handler)
    NVIC_Init                                0x08013e71   Thumb Code   100  misc.o(i.NVIC_Init)
    NVIC_PriorityGroupConfig                 0x08013ee1   Thumb Code    10  misc.o(i.NVIC_PriorityGroupConfig)
    NVIC_SetVectorTable                      0x08013ef5   Thumb Code    12  misc.o(i.NVIC_SetVectorTable)
    PendSV_Handler                           0x08013f09   Thumb Code     2  stm32f4xx_it.o(i.PendSV_Handler)
    ProcessMultipleFrame                     0x08013f0d   Thumb Code   180  obd.o(i.ProcessMultipleFrame)
    ProcessSingleFrame                       0x08013fc9   Thumb Code   208  obd.o(i.ProcessSingleFrame)
    QueListGet                               0x080140c1   Thumb Code    58  uart.o(i.QueListGet)
    QueListInit                              0x080140fb   Thumb Code    26  uart.o(i.QueListInit)
    QueListPost                              0x08014115   Thumb Code    78  uart.o(i.QueListPost)
    RCC_ADCCLKConfig                         0x0801417d   Thumb Code    18  stm32f10x_rcc.o(i.RCC_ADCCLKConfig)
    RCC_APB1PeriphClockCmd                   0x08014195   Thumb Code    26  stm32f10x_rcc.o(i.RCC_APB1PeriphClockCmd)
    RCC_APB1PeriphResetCmd                   0x080141b5   Thumb Code    26  stm32f10x_rcc.o(i.RCC_APB1PeriphResetCmd)
    RCC_APB2PeriphClockCmd                   0x080141d5   Thumb Code    26  stm32f10x_rcc.o(i.RCC_APB2PeriphClockCmd)
    RCC_APB2PeriphResetCmd                   0x080141f5   Thumb Code    26  stm32f10x_rcc.o(i.RCC_APB2PeriphResetCmd)
    RCC_GetClocksFreq                        0x08014215   Thumb Code   374  stm32f10x_rcc.o(i.RCC_GetClocksFreq)
    SVC_Handler                              0x080143a1   Thumb Code     2  stm32f4xx_it.o(i.SVC_Handler)
    Send_singleframe                         0x080143a5   Thumb Code   108  can.o(i.Send_singleframe)
    SetUartBaudrate                          0x08014551   Thumb Code   184  uartprocess.o(i.SetUartBaudrate)
    ShellInit                                0x08014619   Thumb Code    14  shell.o(i.ShellInit)
    ShellPrintf                              0x08014631   Thumb Code    42  shell.o(i.ShellPrintf)
    StructInit                               0x08014661   Thumb Code    30  uartprocess.o(i.StructInit)
    SysTick_Handler                          0x0801468d   Thumb Code    66  systick.o(i.SysTick_Handler)
    SystemInit                               0x080146d9   Thumb Code    90  system_stm32f10x.o(i.SystemInit)
    TIM3_IRQHandler                          0x08014749   Thumb Code   150  timer.o(i.TIM3_IRQHandler)
    TIM5_IRQHandler                          0x08014805   Thumb Code    68  timer.o(i.TIM5_IRQHandler)
    TIM6_IRQHandler                          0x08014859   Thumb Code    88  timer.o(i.TIM6_IRQHandler)
    TIMER3_Configuration                     0x080148cd   Thumb Code   120  timer.o(i.TIMER3_Configuration)
    TIMER5_Configuration                     0x0801494d   Thumb Code   120  timer.o(i.TIMER5_Configuration)
    TIMER6_Configuration                     0x080149cd   Thumb Code   118  timer.o(i.TIMER6_Configuration)
    TIM_ClearFlag                            0x08014a4d   Thumb Code     6  stm32f10x_tim.o(i.TIM_ClearFlag)
    TIM_ClearITPendingBit                    0x08014a53   Thumb Code     6  stm32f10x_tim.o(i.TIM_ClearITPendingBit)
    TIM_Cmd                                  0x08014a59   Thumb Code    24  stm32f10x_tim.o(i.TIM_Cmd)
    TIM_DeInit                               0x08014a71   Thumb Code   424  stm32f10x_tim.o(i.TIM_DeInit)
    TIM_GetITStatus                          0x08014c59   Thumb Code    34  stm32f10x_tim.o(i.TIM_GetITStatus)
    TIM_ITConfig                             0x08014c7b   Thumb Code    18  stm32f10x_tim.o(i.TIM_ITConfig)
    TIM_TimeBaseInit                         0x08014c8d   Thumb Code   122  stm32f10x_tim.o(i.TIM_TimeBaseInit)
    UART3_Data_Pro                           0x08014d31   Thumb Code   522  uartprocess.o(i.UART3_Data_Pro)
    UART4_IRQHandler                         0x08014f4d   Thumb Code    46  uart.o(i.UART4_IRQHandler)
    UART5_IRQHandler                         0x08014f81   Thumb Code    46  uart.o(i.UART5_IRQHandler)
    USART1_IRQHandler                        0x08014fb5   Thumb Code   182  uart.o(i.USART1_IRQHandler)
    USART2_IRQHandler                        0x08015081   Thumb Code    46  uart.o(i.USART2_IRQHandler)
    USART3_IRQHandler                        0x080150b5   Thumb Code   152  uart.o(i.USART3_IRQHandler)
    USART_ClearFlag                          0x08015159   Thumb Code    18  stm32f10x_usart.o(i.USART_ClearFlag)
    USART_ClearITPendingBit                  0x0801516b   Thumb Code    30  stm32f10x_usart.o(i.USART_ClearITPendingBit)
    USART_Cmd                                0x08015189   Thumb Code    24  stm32f10x_usart.o(i.USART_Cmd)
    USART_DeInit                             0x080151a1   Thumb Code   134  stm32f10x_usart.o(i.USART_DeInit)
    USART_GetFlagStatus                      0x0801523d   Thumb Code    26  stm32f10x_usart.o(i.USART_GetFlagStatus)
    USART_GetITStatus                        0x08015257   Thumb Code    84  stm32f10x_usart.o(i.USART_GetITStatus)
    USART_ITConfig                           0x080152ab   Thumb Code    74  stm32f10x_usart.o(i.USART_ITConfig)
    USART_Init                               0x080152f5   Thumb Code   210  stm32f10x_usart.o(i.USART_Init)
    USART_ReceiveData                        0x080153cd   Thumb Code    10  stm32f10x_usart.o(i.USART_ReceiveData)
    USART_SendData                           0x080153d7   Thumb Code     8  stm32f10x_usart.o(i.USART_SendData)
    USART_StructInit                         0x080153df   Thumb Code    24  stm32f10x_usart.o(i.USART_StructInit)
    UartDataToCanData                        0x080153f9   Thumb Code    86  can.o(i.UartDataToCanData)
    UsageFault_Handler                       0x08015455   Thumb Code     4  stm32f4xx_it.o(i.UsageFault_Handler)
    __ARM_fpclassify                         0x08015459   Thumb Code    40  fpclassify.o(i.__ARM_fpclassify)
    _is_digit                                0x08015481   Thumb Code    14  __printf_wp.o(i._is_digit)
    ato16                                    0x0801548f   Thumb Code    20  public.o(i.ato16)
    ato32                                    0x080154a3   Thumb Code    32  public.o(i.ato32)
    bandrateinit                             0x080154c5   Thumb Code   406  main.o(i.bandrateinit)
    c16toa                                   0x08015679   Thumb Code    20  public.o(i.c16toa)
    c32toa                                   0x0801568d   Thumb Code    32  public.o(i.c32toa)
    diagnostic_decode_pid                    0x080156ad   Thumb Code   286  obd.o(i.diagnostic_decode_pid)
    diagnostic_network_recv_frame            0x080157f9   Thumb Code    70  obd_network.o(i.diagnostic_network_recv_frame)
    diagnostic_request                       0x0801586d   Thumb Code   212  obd.o(i.diagnostic_request)
    diagnostic_request_extwork_send_msg      0x080159ad   Thumb Code    82  obd_network.o(i.diagnostic_request_extwork_send_msg)
    f2s                                      0x08015a39   Thumb Code   178  public.o(i.f2s)
    get_pci_type                             0x08015af1   Thumb Code     8  obd_network.o(i.get_pci_type)
    main                                     0x08015af9   Thumb Code   142  main.o(i.main)
    recvpacketparse                          0x08015bad   Thumb Code  1160  uartprocess.o(i.recvpacketparse)
    reverse                                  0x080160ad   Thumb Code    38  public.o(i.reverse)
    senddatapacket                           0x080160d3   Thumb Code   120  uartprocess.o(i.senddatapacket)
    systick_add                              0x0801614d   Thumb Code    22  systick.o(i.systick_add)
    systick_init                             0x08016169   Thumb Code    78  systick.o(i.systick_init)
    _get_lc_ctype                            0x080161c1   Thumb Code    44  lc_ctype_c.o(locale$$code)
    _get_lc_numeric                          0x080161ed   Thumb Code    44  lc_numeric_c.o(locale$$code)
    __aeabi_d2f                              0x08016219   Thumb Code     0  d2f.o(x$fpl$d2f)
    _d2f                                     0x08016219   Thumb Code    98  d2f.o(x$fpl$d2f)
    __aeabi_dadd                             0x0801627d   Thumb Code     0  daddsub_clz.o(x$fpl$dadd)
    _dadd                                    0x0801627d   Thumb Code   332  daddsub_clz.o(x$fpl$dadd)
    __fpl_dcmp_Inf                           0x080163cd   Thumb Code    24  dcmpi.o(x$fpl$dcmpinf)
    __aeabi_ddiv                             0x080163e5   Thumb Code     0  ddiv.o(x$fpl$ddiv)
    _ddiv                                    0x080163e5   Thumb Code   552  ddiv.o(x$fpl$ddiv)
    __aeabi_cdcmple                          0x08016695   Thumb Code     0  dleqf.o(x$fpl$dleqf)
    _dcmple                                  0x08016695   Thumb Code   120  dleqf.o(x$fpl$dleqf)
    __fpl_dcmple_InfNaN                      0x080166f7   Thumb Code     0  dleqf.o(x$fpl$dleqf)
    __aeabi_dmul                             0x0801670d   Thumb Code     0  dmul.o(x$fpl$dmul)
    _dmul                                    0x0801670d   Thumb Code   332  dmul.o(x$fpl$dmul)
    __fpl_dnaninf                            0x08016861   Thumb Code   156  dnaninf.o(x$fpl$dnaninf)
    __fpl_dretinf                            0x080168fd   Thumb Code    12  dretinf.o(x$fpl$dretinf)
    __aeabi_cdrcmple                         0x08016909   Thumb Code     0  drleqf.o(x$fpl$drleqf)
    _drcmple                                 0x08016909   Thumb Code   108  drleqf.o(x$fpl$drleqf)
    __aeabi_dsub                             0x08016975   Thumb Code     0  daddsub_clz.o(x$fpl$dsub)
    _dsub                                    0x08016975   Thumb Code   464  daddsub_clz.o(x$fpl$dsub)
    __aeabi_f2d                              0x08016b49   Thumb Code     0  f2d.o(x$fpl$f2d)
    _f2d                                     0x08016b49   Thumb Code    86  f2d.o(x$fpl$f2d)
    __aeabi_fadd                             0x08016ba1   Thumb Code     0  faddsub_clz.o(x$fpl$fadd)
    _fadd                                    0x08016ba1   Thumb Code   196  faddsub_clz.o(x$fpl$fadd)
    __fpl_fcmp_Inf                           0x08016c65   Thumb Code    24  fcmpi.o(x$fpl$fcmpinf)
    __aeabi_f2iz                             0x08016c7d   Thumb Code     0  ffix.o(x$fpl$ffix)
    _ffix                                    0x08016c7d   Thumb Code    54  ffix.o(x$fpl$ffix)
    __aeabi_i2f                              0x08016cb5   Thumb Code     0  fflt_clz.o(x$fpl$fflt)
    _fflt                                    0x08016cb5   Thumb Code    48  fflt_clz.o(x$fpl$fflt)
    __aeabi_ui2f                             0x08016ce5   Thumb Code     0  fflt_clz.o(x$fpl$ffltu)
    _ffltu                                   0x08016ce5   Thumb Code    38  fflt_clz.o(x$fpl$ffltu)
    __aeabi_cfcmple                          0x08016d0d   Thumb Code     0  fleqf.o(x$fpl$fleqf)
    _fcmple                                  0x08016d0d   Thumb Code   104  fleqf.o(x$fpl$fleqf)
    __fpl_fcmple_InfNaN                      0x08016d5f   Thumb Code     0  fleqf.o(x$fpl$fleqf)
    __aeabi_fmul                             0x08016d75   Thumb Code     0  fmul.o(x$fpl$fmul)
    _fmul                                    0x08016d75   Thumb Code   258  fmul.o(x$fpl$fmul)
    __fpl_fnaninf                            0x08016e77   Thumb Code   140  fnaninf.o(x$fpl$fnaninf)
    __fpl_fretinf                            0x08016f03   Thumb Code    10  fretinf.o(x$fpl$fretinf)
    __aeabi_cfrcmple                         0x08016f0d   Thumb Code     0  frleqf.o(x$fpl$frleqf)
    _frcmple                                 0x08016f0d   Thumb Code    98  frleqf.o(x$fpl$frleqf)
    __aeabi_frsub                            0x08016f6f   Thumb Code     0  faddsub_clz.o(x$fpl$frsb)
    _frsb                                    0x08016f6f   Thumb Code    20  faddsub_clz.o(x$fpl$frsb)
    __aeabi_fsub                             0x08016f85   Thumb Code     0  faddsub_clz.o(x$fpl$fsub)
    _fsub                                    0x08016f85   Thumb Code   234  faddsub_clz.o(x$fpl$fsub)
    _printf_fp_dec                           0x0801706f   Thumb Code     4  printf1.o(x$fpl$printf1)
    __I$use$fp                               0x08017072   Number         0  usenofp.o(x$fpl$usenofp)
    GpioCtrlList                             0x08017084   Data          80  gpio.o(.constdata)
    Region$$Table$$Base                      0x080171ac   Number         0  anon$$obj.o(Region$$Table)
    Region$$Table$$Limit                     0x080171cc   Number         0  anon$$obj.o(Region$$Table)
    __ctype                                  0x080171d9   Data           0  lc_ctype_c.o(locale$$data)
    ChNum                                    0x20000000   Data           2  shell.o(.data)
    DebugMode                                0x20000002   Data           2  shell.o(.data)
    batteryvolt                              0x20000004   Data          10  adc.o(.data)
    batt_lvl_in_milli_volts                  0x2000000e   Data           2  adc.o(.data)
    acconoff                                 0x20000010   Data           1  exti.o(.data)
    PrequestHandle                           0x20000018   Data           4  obd.o(.data)
    is_uart1echo                             0x20000020   Data           1  uartprocess.o(.data)
    timer3onoff                              0x20000021   Data           1  uartprocess.o(.data)
    is_accon_ack                             0x20000022   Data           1  uartprocess.o(.data)
    is_accoff_ack                            0x20000023   Data           1  uartprocess.o(.data)
    cancel_shutdown                          0x20000024   Data           1  uartprocess.o(.data)
    diagnosticmode                           0x20000025   Data           1  uartprocess.o(.data)
    is_diagnostic_live                       0x20000026   Data           1  uartprocess.o(.data)
    turnoncmd                                0x20000027   Data           6  uartprocess.o(.data)
    turnoffcmd                               0x2000002d   Data           6  uartprocess.o(.data)
    version                                  0x20000033   Data          10  uartprocess.o(.data)
    ackbaudrate                              0x2000003d   Data           6  uartprocess.o(.data)
    UART1Data                                0x20000048   Data           4  uartprocess.o(.data)
    Source_Address                           0x2000004c   Data           1  j1939.o(.data)
    J1939_ack                                0x2000004d   Data          20  j1939.o(.data)
    J1939_PrequestHandle                     0x20000064   Data           4  j1939.o(.data)
    J1939_Address                            0x20000068   Data           1  j1939.o(.data)
    CA_Name                                  0x20000069   Data           8  j1939.o(.data)
    J1939_TP_Flags_t                         0x20000071   Data           1  j1939.o(.data)
    RxCounter                                0x20000072   Data           2  uart.o(.data)
    is_RxFrame                               0x20000074   Data           1  uart.o(.data)
    SystemCoreClock                          0x20000078   Data           4  system_stm32f10x.o(.data)
    AHBPrescTable                            0x2000007c   Data          16  system_stm32f10x.o(.data)
    sendstatus                               0x2000008c   Data           1  stm32f10x_can.o(.data)
    CmdChar                                  0x200000a4   Data          80  shell.o(.bss)
    l_print_buffer                           0x200000f4   Data         256  shell.o(.bss)
    sendcanpacket                            0x20000224   Data          19  uartprocess.o(.bss)
    UART3Recvpacket                          0x20000238   Data          28  uartprocess.o(.bss)
    UART3Data                                0x20000254   Data        2052  uartprocess.o(.bss)
    RequestHandle                            0x20000a58   Data          32  uartprocess.o(.bss)
    J1939_MESSAGE                            0x20000a78   Data          13  j1939.o(.bss)
    TP_RX_MSG                                0x20000a88   Data         256  j1939.o(.bss)
    Can1                                     0x20000b88   Data          12  candrv.o(.bss)
    Can2                                     0x20000b94   Data          12  candrv.o(.bss)
    COM1                                     0x20002bd0   Data          12  uart.o(.bss)
    COM2                                     0x20002bdc   Data          12  uart.o(.bss)
    COM3                                     0x20002be8   Data          12  uart.o(.bss)
    COM4                                     0x20002bf4   Data          12  uart.o(.bss)
    COM5                                     0x20002c00   Data          12  uart.o(.bss)
    COM6                                     0x20002c0c   Data          12  uart.o(.bss)
    __libspace_start                         0x20003c48   Data          96  libspace.o(.bss)
    __temporary_stack_top$libspace           0x20003ca8   Data           0  libspace.o(.bss)



==============================================================================

Memory Map of the image

  Image Entry point : 0x0800f181

  Load Region LR_IROM1 (Base: 0x0800f000, Size: 0x0000839c, Max: 0x00040000, ABSOLUTE)

    Execution Region ER_IROM1 (Base: 0x0800f000, Size: 0x000082f8, Max: 0x00040000, ABSOLUTE)

    Base Addr    Size         Type   Attr      Idx    E Section Name        Object

    0x0800f000   0x00000180   Data   RO         4500    RESET               startup_stm32f10x_cl.o
    0x0800f180   0x00000008   Code   RO         4583  * !!!main             c_w.l(__main.o)
    0x0800f188   0x00000034   Code   RO         4996    !!!scatter          c_w.l(__scatter.o)
    0x0800f1bc   0x0000001a   Code   RO         4998    !!handler_copy      c_w.l(__scatter_copy.o)
    0x0800f1d6   0x00000002   PAD
    0x0800f1d8   0x0000001c   Code   RO         5000    !!handler_zi        c_w.l(__scatter_zi.o)
    0x0800f1f4   0x00000000   Code   RO         4738    .ARM.Collect$$_printf_percent$$00000000  c_w.l(_printf_percent.o)
    0x0800f1f4   0x00000006   Code   RO         4727    .ARM.Collect$$_printf_percent$$00000001  c_w.l(_printf_n.o)
    0x0800f1fa   0x00000006   Code   RO         4729    .ARM.Collect$$_printf_percent$$00000002  c_w.l(_printf_p.o)
    0x0800f200   0x00000006   Code   RO         4734    .ARM.Collect$$_printf_percent$$00000003  c_w.l(_printf_f.o)
    0x0800f206   0x00000006   Code   RO         4735    .ARM.Collect$$_printf_percent$$00000004  c_w.l(_printf_e.o)
    0x0800f20c   0x00000006   Code   RO         4736    .ARM.Collect$$_printf_percent$$00000005  c_w.l(_printf_g.o)
    0x0800f212   0x00000006   Code   RO         4737    .ARM.Collect$$_printf_percent$$00000006  c_w.l(_printf_a.o)
    0x0800f218   0x0000000a   Code   RO         4742    .ARM.Collect$$_printf_percent$$00000007  c_w.l(_printf_ll.o)
    0x0800f222   0x00000006   Code   RO         4731    .ARM.Collect$$_printf_percent$$00000008  c_w.l(_printf_i.o)
    0x0800f228   0x00000006   Code   RO         4732    .ARM.Collect$$_printf_percent$$00000009  c_w.l(_printf_d.o)
    0x0800f22e   0x00000006   Code   RO         4733    .ARM.Collect$$_printf_percent$$0000000A  c_w.l(_printf_u.o)
    0x0800f234   0x00000006   Code   RO         4730    .ARM.Collect$$_printf_percent$$0000000B  c_w.l(_printf_o.o)
    0x0800f23a   0x00000006   Code   RO         4728    .ARM.Collect$$_printf_percent$$0000000C  c_w.l(_printf_x.o)
    0x0800f240   0x00000006   Code   RO         4739    .ARM.Collect$$_printf_percent$$0000000D  c_w.l(_printf_lli.o)
    0x0800f246   0x00000006   Code   RO         4740    .ARM.Collect$$_printf_percent$$0000000E  c_w.l(_printf_lld.o)
    0x0800f24c   0x00000006   Code   RO         4741    .ARM.Collect$$_printf_percent$$0000000F  c_w.l(_printf_llu.o)
    0x0800f252   0x00000006   Code   RO         4746    .ARM.Collect$$_printf_percent$$00000010  c_w.l(_printf_llo.o)
    0x0800f258   0x00000006   Code   RO         4747    .ARM.Collect$$_printf_percent$$00000011  c_w.l(_printf_llx.o)
    0x0800f25e   0x0000000a   Code   RO         4743    .ARM.Collect$$_printf_percent$$00000012  c_w.l(_printf_l.o)
    0x0800f268   0x00000006   Code   RO         4725    .ARM.Collect$$_printf_percent$$00000013  c_w.l(_printf_c.o)
    0x0800f26e   0x00000006   Code   RO         4726    .ARM.Collect$$_printf_percent$$00000014  c_w.l(_printf_s.o)
    0x0800f274   0x00000006   Code   RO         4744    .ARM.Collect$$_printf_percent$$00000015  c_w.l(_printf_lc.o)
    0x0800f27a   0x00000006   Code   RO         4745    .ARM.Collect$$_printf_percent$$00000016  c_w.l(_printf_ls.o)
    0x0800f280   0x00000004   Code   RO         4852    .ARM.Collect$$_printf_percent$$00000017  c_w.l(_printf_percent_end.o)
    0x0800f284   0x00000002   Code   RO         4930    .ARM.Collect$$libinit$$00000000  c_w.l(libinit.o)
    0x0800f286   0x00000000   Code   RO         4753    .ARM.Collect$$libinit$$00000002  c_w.l(libinit2.o)
    0x0800f286   0x00000008   Code   RO         4754    .ARM.Collect$$libinit$$00000003  c_w.l(libinit2.o)
    0x0800f28e   0x00000000   Code   RO         4756    .ARM.Collect$$libinit$$00000008  c_w.l(libinit2.o)
    0x0800f28e   0x00000000   Code   RO         4758    .ARM.Collect$$libinit$$0000000A  c_w.l(libinit2.o)
    0x0800f28e   0x00000000   Code   RO         4760    .ARM.Collect$$libinit$$0000000C  c_w.l(libinit2.o)
    0x0800f28e   0x00000006   Code   RO         4761    .ARM.Collect$$libinit$$0000000D  c_w.l(libinit2.o)
    0x0800f294   0x00000000   Code   RO         4763    .ARM.Collect$$libinit$$0000000F  c_w.l(libinit2.o)
    0x0800f294   0x0000000c   Code   RO         4764    .ARM.Collect$$libinit$$00000010  c_w.l(libinit2.o)
    0x0800f2a0   0x00000000   Code   RO         4765    .ARM.Collect$$libinit$$00000011  c_w.l(libinit2.o)
    0x0800f2a0   0x00000000   Code   RO         4767    .ARM.Collect$$libinit$$00000013  c_w.l(libinit2.o)
    0x0800f2a0   0x0000000a   Code   RO         4768    .ARM.Collect$$libinit$$00000014  c_w.l(libinit2.o)
    0x0800f2aa   0x00000000   Code   RO         4769    .ARM.Collect$$libinit$$00000015  c_w.l(libinit2.o)
    0x0800f2aa   0x00000000   Code   RO         4771    .ARM.Collect$$libinit$$00000017  c_w.l(libinit2.o)
    0x0800f2aa   0x00000000   Code   RO         4773    .ARM.Collect$$libinit$$00000019  c_w.l(libinit2.o)
    0x0800f2aa   0x00000000   Code   RO         4775    .ARM.Collect$$libinit$$0000001B  c_w.l(libinit2.o)
    0x0800f2aa   0x00000000   Code   RO         4777    .ARM.Collect$$libinit$$0000001D  c_w.l(libinit2.o)
    0x0800f2aa   0x00000000   Code   RO         4779    .ARM.Collect$$libinit$$0000001F  c_w.l(libinit2.o)
    0x0800f2aa   0x00000000   Code   RO         4781    .ARM.Collect$$libinit$$00000021  c_w.l(libinit2.o)
    0x0800f2aa   0x00000000   Code   RO         4783    .ARM.Collect$$libinit$$00000023  c_w.l(libinit2.o)
    0x0800f2aa   0x00000000   Code   RO         4787    .ARM.Collect$$libinit$$0000002A  c_w.l(libinit2.o)
    0x0800f2aa   0x00000000   Code   RO         4789    .ARM.Collect$$libinit$$0000002C  c_w.l(libinit2.o)
    0x0800f2aa   0x00000000   Code   RO         4791    .ARM.Collect$$libinit$$0000002E  c_w.l(libinit2.o)
    0x0800f2aa   0x00000000   Code   RO         4793    .ARM.Collect$$libinit$$00000030  c_w.l(libinit2.o)
    0x0800f2aa   0x00000002   Code   RO         4794    .ARM.Collect$$libinit$$00000031  c_w.l(libinit2.o)
    0x0800f2ac   0x00000002   Code   RO         4993    .ARM.Collect$$libshutdown$$00000000  c_w.l(libshutdown.o)
    0x0800f2ae   0x00000000   Code   RO         4951    .ARM.Collect$$libshutdown$$00000003  c_w.l(libshutdown2.o)
    0x0800f2ae   0x00000000   Code   RO         4954    .ARM.Collect$$libshutdown$$00000006  c_w.l(libshutdown2.o)
    0x0800f2ae   0x00000000   Code   RO         4957    .ARM.Collect$$libshutdown$$00000009  c_w.l(libshutdown2.o)
    0x0800f2ae   0x00000000   Code   RO         4959    .ARM.Collect$$libshutdown$$0000000B  c_w.l(libshutdown2.o)
    0x0800f2ae   0x00000000   Code   RO         4962    .ARM.Collect$$libshutdown$$0000000E  c_w.l(libshutdown2.o)
    0x0800f2ae   0x00000002   Code   RO         4963    .ARM.Collect$$libshutdown$$0000000F  c_w.l(libshutdown2.o)
    0x0800f2b0   0x00000000   Code   RO         4627    .ARM.Collect$$rtentry$$00000000  c_w.l(rtentry.o)
    0x0800f2b0   0x00000000   Code   RO         4816    .ARM.Collect$$rtentry$$00000002  c_w.l(rtentry2.o)
    0x0800f2b0   0x00000006   Code   RO         4828    .ARM.Collect$$rtentry$$00000004  c_w.l(rtentry4.o)
    0x0800f2b6   0x00000000   Code   RO         4818    .ARM.Collect$$rtentry$$00000009  c_w.l(rtentry2.o)
    0x0800f2b6   0x00000004   Code   RO         4819    .ARM.Collect$$rtentry$$0000000A  c_w.l(rtentry2.o)
    0x0800f2ba   0x00000000   Code   RO         4821    .ARM.Collect$$rtentry$$0000000C  c_w.l(rtentry2.o)
    0x0800f2ba   0x00000008   Code   RO         4822    .ARM.Collect$$rtentry$$0000000D  c_w.l(rtentry2.o)
    0x0800f2c2   0x00000002   Code   RO         4937    .ARM.Collect$$rtexit$$00000000  c_w.l(rtexit.o)
    0x0800f2c4   0x00000000   Code   RO         4967    .ARM.Collect$$rtexit$$00000002  c_w.l(rtexit2.o)
    0x0800f2c4   0x00000004   Code   RO         4968    .ARM.Collect$$rtexit$$00000003  c_w.l(rtexit2.o)
    0x0800f2c8   0x00000006   Code   RO         4969    .ARM.Collect$$rtexit$$00000004  c_w.l(rtexit2.o)
    0x0800f2ce   0x00000002   PAD
    0x0800f2d0   0x00000000   Code   RO         4834    .emb_text           c_w.l(maybetermalloc1.o)
    0x0800f2d0   0x00000040   Code   RO         4501    .text               startup_stm32f10x_cl.o
    0x0800f310   0x0000005e   Code   RO         4511    .text               c_w.l(h1_alloc.o)
    0x0800f36e   0x0000004e   Code   RO         4513    .text               c_w.l(h1_free.o)
    0x0800f3bc   0x00000034   Code   RO         4569    .text               c_w.l(c89vsnprintf.o)
    0x0800f3f0   0x0000008a   Code   RO         4575    .text               c_w.l(rt_memcpy_v6.o)
    0x0800f47a   0x00000044   Code   RO         4577    .text               c_w.l(rt_memclr.o)
    0x0800f4be   0x0000004e   Code   RO         4579    .text               c_w.l(rt_memclr_w.o)
    0x0800f50c   0x00000006   Code   RO         4581    .text               c_w.l(heapauxi.o)
    0x0800f512   0x00000002   PAD
    0x0800f514   0x00000008   Code   RO         4631    .text               c_w.l(rt_heap_descriptor_intlibspace.o)
    0x0800f51c   0x00000004   Code   RO         4633    .text               c_w.l(hguard.o)
    0x0800f520   0x0000008a   Code   RO         4635    .text               c_w.l(init_alloc.o)
    0x0800f5aa   0x0000000e   Code   RO         4639    .text               c_w.l(h1_init.o)
    0x0800f5b8   0x00000052   Code   RO         4657    .text               c_w.l(_printf_pad.o)
    0x0800f60a   0x00000024   Code   RO         4659    .text               c_w.l(_printf_truncate.o)
    0x0800f62e   0x00000052   Code   RO         4661    .text               c_w.l(_printf_str.o)
    0x0800f680   0x00000078   Code   RO         4663    .text               c_w.l(_printf_dec.o)
    0x0800f6f8   0x0000002a   Code   RO         4665    .text               c_w.l(_printf_charcount.o)
    0x0800f722   0x00000002   PAD
    0x0800f724   0x00000030   Code   RO         4667    .text               c_w.l(_printf_char_common.o)
    0x0800f754   0x0000000a   Code   RO         4669    .text               c_w.l(_sputc.o)
    0x0800f75e   0x00000010   Code   RO         4671    .text               c_w.l(_snputc.o)
    0x0800f76e   0x00000002   PAD
    0x0800f770   0x000000bc   Code   RO         4673    .text               c_w.l(_printf_wctomb.o)
    0x0800f82c   0x00000078   Code   RO         4676    .text               c_w.l(_printf_longlong_dec.o)
    0x0800f8a4   0x00000078   Code   RO         4682    .text               c_w.l(_printf_oct_int_ll.o)
    0x0800f91c   0x0000009c   Code   RO         4702    .text               c_w.l(_printf_hex_int_ll_ptr.o)
    0x0800f9b8   0x0000018c   Code   RO         4722    .text               c_w.l(__printf_flags_ss_wp.o)
    0x0800fb44   0x00000064   Code   RO         4748    .text               c_w.l(rt_memcpy_w.o)
    0x0800fba8   0x00000008   Code   RO         4812    .text               c_w.l(libspace.o)
    0x0800fbb0   0x00000010   Code   RO         4830    .text               c_w.l(rt_ctype_table.o)
    0x0800fbc0   0x00000034   Code   RO         4836    .text               c_w.l(h1_extend.o)
    0x0800fbf4   0x0000008a   Code   RO         4840    .text               c_w.l(lludiv10.o)
    0x0800fc7e   0x000000b8   Code   RO         4842    .text               c_w.l(_printf_intcommon.o)
    0x0800fd36   0x00000420   Code   RO         4844    .text               c_w.l(_printf_fp_dec.o)
    0x08010156   0x0000002c   Code   RO         4848    .text               c_w.l(_printf_char.o)
    0x08010182   0x0000002c   Code   RO         4850    .text               c_w.l(_printf_wchar.o)
    0x080101ae   0x00000040   Code   RO         4853    .text               c_w.l(_wcrtomb.o)
    0x080101ee   0x0000000e   Code   RO         4855    .text               c_w.l(defsig_rtmem_outer.o)
    0x080101fc   0x00000002   Code   RO         4868    .text               c_w.l(use_no_semi.o)
    0x080101fe   0x00000000   Code   RO         4870    .text               c_w.l(indicate_semi.o)
    0x080101fe   0x0000004a   Code   RO         4871    .text               c_w.l(sys_stackheap_outer.o)
    0x08010248   0x00000008   Code   RO         4878    .text               c_w.l(rt_locale_intlibspace.o)
    0x08010250   0x00000080   Code   RO         4882    .text               c_w.l(_printf_fp_infnan.o)
    0x080102d0   0x000000e4   Code   RO         4884    .text               c_w.l(bigflt0.o)
    0x080103b4   0x0000000c   Code   RO         4915    .text               c_w.l(exit.o)
    0x080103c0   0x0000000a   Code   RO         4917    .text               c_w.l(defsig_exit.o)
    0x080103ca   0x00000002   PAD
    0x080103cc   0x00000050   Code   RO         4919    .text               c_w.l(defsig_rtmem_inner.o)
    0x0801041c   0x0000000c   Code   RO         4935    .text               c_w.l(sys_exit.o)
    0x08010428   0x00000032   Code   RO         4945    .text               c_w.l(defsig_general.o)
    0x0801045a   0x00000002   PAD
    0x0801045c   0x00000080   Code   RO         4947    .text               c_w.l(strcmpv7m.o)
    0x080104dc   0x0000000e   Code   RO         4964    .text               c_w.l(sys_wrch.o)
    0x080104ea   0x0000003e   Code   RO         4887    CL$$btod_d2e        c_w.l(btod.o)
    0x08010528   0x00000046   Code   RO         4889    CL$$btod_d2e_denorm_low  c_w.l(btod.o)
    0x0801056e   0x00000060   Code   RO         4888    CL$$btod_d2e_norm_op1  c_w.l(btod.o)
    0x080105ce   0x00000338   Code   RO         4897    CL$$btod_div_common  c_w.l(btod.o)
    0x08010906   0x000000c6   Code   RO         4894    CL$$btod_e2e        c_w.l(btod.o)
    0x080109cc   0x00000028   Code   RO         4891    CL$$btod_ediv       c_w.l(btod.o)
    0x080109f4   0x00000028   Code   RO         4890    CL$$btod_emul       c_w.l(btod.o)
    0x08010a1c   0x00000244   Code   RO         4896    CL$$btod_mult_common  c_w.l(btod.o)
    0x08010c60   0x0000023c   Code   RO          630    i.ADC1_SAMPLING     adc.o
    0x08010e9c   0x0000000a   Code   RO         1515    i.ADC_ClearITPendingBit  stm32f10x_adc.o
    0x08010ea6   0x00000016   Code   RO         1516    i.ADC_Cmd           stm32f10x_adc.o
    0x08010ebc   0x00000084   Code   RO          631    i.ADC_Configuration  adc.o
    0x08010f40   0x00000014   Code   RO         1524    i.ADC_GetCalibrationStatus  stm32f10x_adc.o
    0x08010f54   0x00000008   Code   RO         1525    i.ADC_GetConversionValue  stm32f10x_adc.o
    0x08010f5c   0x00000012   Code   RO         1527    i.ADC_GetFlagStatus  stm32f10x_adc.o
    0x08010f6e   0x00000014   Code   RO         1530    i.ADC_GetResetCalibrationStatus  stm32f10x_adc.o
    0x08010f82   0x00000002   PAD
    0x08010f84   0x00000050   Code   RO         1534    i.ADC_Init          stm32f10x_adc.o
    0x08010fd4   0x000000b8   Code   RO         1538    i.ADC_RegularChannelConfig  stm32f10x_adc.o
    0x0801108c   0x0000000a   Code   RO         1539    i.ADC_ResetCalibration  stm32f10x_adc.o
    0x08011096   0x00000016   Code   RO         1541    i.ADC_SoftwareStartConvCmd  stm32f10x_adc.o
    0x080110ac   0x0000000a   Code   RO         1543    i.ADC_StartCalibration  stm32f10x_adc.o
    0x080110b6   0x00000002   PAD
    0x080110b8   0x00000050   Code   RO            1    i.AppInit           main.o
    0x08011108   0x00000010   Code   RO         1384    i.BSP_CPU_ClkFreq   bsp.o
    0x08011118   0x00000018   Code   RO         1385    i.BSP_Init          bsp.o
    0x08011130   0x00000004   Code   RO          576    i.BusFault_Handler  stm32f4xx_it.o
    0x08011134   0x000001d8   Code   RO         1093    i.CAN1Init          candrv.o
    0x0801130c   0x000000e4   Code   RO         1094    i.CAN1_RX0_IRQHandler  candrv.o
    0x080113f0   0x000000e4   Code   RO         1095    i.CAN1_RX1_IRQHandler  candrv.o
    0x080114d4   0x0000018c   Code   RO         1096    i.CAN1_SCE_IRQHandler  candrv.o
    0x08011660   0x00000170   Code   RO         1097    i.CAN1_TX_IRQHandler  candrv.o
    0x080117d0   0x000000e4   Code   RO         1099    i.CAN2_RX0_IRQHandler  candrv.o
    0x080118b4   0x000000e4   Code   RO         1100    i.CAN2_RX1_IRQHandler  candrv.o
    0x08011998   0x0000013c   Code   RO         1101    i.CAN2_SCE_IRQHandler  candrv.o
    0x08011ad4   0x00000170   Code   RO         1102    i.CAN2_TX_IRQHandler  candrv.o
    0x08011c44   0x00000048   Code   RO         1103    i.CANQUE_TO_CANTXMSG  candrv.o
    0x08011c8c   0x00000058   Code   RO         1104    i.CANQueListGet     candrv.o
    0x08011ce4   0x00000018   Code   RO         1105    i.CANQueListInit    candrv.o
    0x08011cfc   0x00000062   Code   RO         1106    i.CANQueListPost    candrv.o
    0x08011d5e   0x00000002   PAD
    0x08011d60   0x00000038   Code   RO         1811    i.CAN_ClearFlag     stm32f10x_can.o
    0x08011d98   0x000000a8   Code   RO         1812    i.CAN_ClearITPendingBit  stm32f10x_can.o
    0x08011e40   0x00000038   Code   RO         1814    i.CAN_DeInit        stm32f10x_can.o
    0x08011e78   0x00000016   Code   RO         1815    i.CAN_FIFORelease   stm32f10x_can.o
    0x08011e8e   0x00000002   PAD
    0x08011e90   0x00000108   Code   RO         1816    i.CAN_FilterInit    stm32f10x_can.o
    0x08011f98   0x00000078   Code   RO         1817    i.CAN_GetFlagStatus  stm32f10x_can.o
    0x08012010   0x00000120   Code   RO         1818    i.CAN_GetITStatus   stm32f10x_can.o
    0x08012130   0x0000000c   Code   RO         1819    i.CAN_GetLSBTransmitErrorCounter  stm32f10x_can.o
    0x0801213c   0x0000000c   Code   RO         1820    i.CAN_GetLastErrorCode  stm32f10x_can.o
    0x08012148   0x0000000a   Code   RO         1821    i.CAN_GetReceiveErrorCounter  stm32f10x_can.o
    0x08012152   0x00000012   Code   RO         1822    i.CAN_ITConfig      stm32f10x_can.o
    0x08012164   0x00000114   Code   RO         1823    i.CAN_Init          stm32f10x_can.o
    0x08012278   0x0000001e   Code   RO         1824    i.CAN_MessagePending  stm32f10x_can.o
    0x08012296   0x000000a2   Code   RO         1825    i.CAN_OperatingModeRequest  stm32f10x_can.o
    0x08012338   0x00000114   Code   RO          657    i.CAN_SetFilterStd  can.o
    0x0801244c   0x00000020   Code   RO         1829    i.CAN_StructInit    stm32f10x_can.o
    0x0801246c   0x00000126   Code   RO         1831    i.CAN_Transmit      stm32f10x_can.o
    0x08012592   0x00000002   PAD
    0x08012594   0x000000c8   Code   RO         1832    i.CAN_TransmitStatus  stm32f10x_can.o
    0x0801265c   0x00000036   Code   RO          497    i.CalculateChecksum  public.o
    0x08012692   0x00000024   Code   RO         1107    i.CanReceive        candrv.o
    0x080126b6   0x00000002   PAD
    0x080126b8   0x0000019c   Code   RO          658    i.CanToUtcp         can.o
    0x08012854   0x00000074   Code   RO         1108    i.CanTransmit       candrv.o
    0x080128c8   0x00000010   Code   RO         1834    i.CheckITStatus     stm32f10x_can.o
    0x080128d8   0x000000f4   Code   RO         1231    i.Com1Init          uart.o
    0x080129cc   0x000000f4   Code   RO         1232    i.Com3Init          uart.o
    0x08012ac0   0x000000d2   Code   RO         1234    i.ComxConfig        uart.o
    0x08012b92   0x00000024   Code   RO         1236    i.ComxGetChar       uart.o
    0x08012bb6   0x0000004a   Code   RO         1238    i.ComxPutChar       uart.o
    0x08012c00   0x0000002a   Code   RO         1239    i.ComxPutData       uart.o
    0x08012c2a   0x00000022   Code   RO         1240    i.ComxPutStr        uart.o
    0x08012c4c   0x00000002   Code   RO          577    i.DebugMon_Handler  stm32f4xx_it.o
    0x08012c4e   0x00000018   Code   RO          738    i.DelayMS           delay.o
    0x08012c66   0x00000016   Code   RO          739    i.DelayUS           delay.o
    0x08012c7c   0x000000b0   Code   RO          864    i.DiagnosticResponsePro  obd.o
    0x08012d2c   0x0000005a   Code   RO          759    i.EXTI0_Configuration  exti.o
    0x08012d86   0x00000002   PAD
    0x08012d88   0x000000cc   Code   RO          760    i.EXTI0_IRQHandler  exti.o
    0x08012e54   0x0000000c   Code   RO         2275    i.EXTI_ClearITPendingBit  stm32f10x_exti.o
    0x08012e60   0x00000028   Code   RO         2279    i.EXTI_GetITStatus  stm32f10x_exti.o
    0x08012e88   0x00000094   Code   RO         2280    i.EXTI_Init         stm32f10x_exti.o
    0x08012f1c   0x0000000c   Code   RO         2328    i.FLASH_ClearFlag   stm32f10x_flash.o
    0x08012f28   0x0000004c   Code   RO         2333    i.FLASH_ErasePage   stm32f10x_flash.o
    0x08012f74   0x00000034   Code   RO         2334    i.FLASH_GetBank1Status  stm32f10x_flash.o
    0x08012fa8   0x00000014   Code   RO         2343    i.FLASH_Lock        stm32f10x_flash.o
    0x08012fbc   0x00000040   Code   RO         2346    i.FLASH_ProgramHalfWord  stm32f10x_flash.o
    0x08012ffc   0x00000018   Code   RO         2351    i.FLASH_Unlock      stm32f10x_flash.o
    0x08013014   0x00000026   Code   RO         2355    i.FLASH_WaitForLastOperation  stm32f10x_flash.o
    0x0801303a   0x00000002   PAD
    0x0801303c   0x000000b4   Code   RO          852    i.GPIO_Configuration  gpiodrv.o
    0x080130f0   0x00000040   Code   RO         2625    i.GPIO_EXTILineConfig  stm32f10x_gpio.o
    0x08013130   0x00000116   Code   RO         2628    i.GPIO_Init         stm32f10x_gpio.o
    0x08013246   0x00000002   PAD
    0x08013248   0x00000090   Code   RO         2630    i.GPIO_PinRemapConfig  stm32f10x_gpio.o
    0x080132d8   0x00000012   Code   RO         2632    i.GPIO_ReadInputDataBit  stm32f10x_gpio.o
    0x080132ea   0x00000004   Code   RO         2635    i.GPIO_ResetBits    stm32f10x_gpio.o
    0x080132ee   0x00000004   Code   RO         2636    i.GPIO_SetBits      stm32f10x_gpio.o
    0x080132f2   0x00000008   Code   RO          660    i.Get_Id_type       can.o
    0x080132fa   0x00000002   PAD
    0x080132fc   0x000000bc   Code   RO         1202    i.GpioInit          gpio.o
    0x080133b8   0x00000004   Code   RO          578    i.HardFault_Handler  stm32f4xx_it.o
    0x080133bc   0x00000024   Code   RO         1409    i.IWDG_Config       bsp_iwdg.o
    0x080133e0   0x00000010   Code   RO         2940    i.IWDG_Enable       stm32f10x_iwdg.o
    0x080133f0   0x00000008   Code   RO         1410    i.IWDG_Feed         bsp_iwdg.o
    0x080133f8   0x00000010   Code   RO         2942    i.IWDG_ReloadCounter  stm32f10x_iwdg.o
    0x08013408   0x0000000c   Code   RO         2943    i.IWDG_SetPrescaler  stm32f10x_iwdg.o
    0x08013414   0x0000000c   Code   RO         2944    i.IWDG_SetReload    stm32f10x_iwdg.o
    0x08013420   0x0000000c   Code   RO         2945    i.IWDG_WriteAccessCmd  stm32f10x_iwdg.o
    0x0801342c   0x0000009c   Code   RO          661    i.J1939_CAN_SetFilterExt  can.o
    0x080134c8   0x00000140   Code   RO          662    i.J1939_CAN_Transmit  can.o
    0x08013608   0x0000004c   Code   RO         1006    i.J1939_Pgn_response  j1939.o
    0x08013654   0x00000460   Code   RO         1007    i.J1939_ResponsePro  j1939.o
    0x08013ab4   0x00000034   Code   RO         1008    i.J1939_SendMessage  j1939.o
    0x08013ae8   0x00000108   Code   RO         1009    i.J1939_SendPGN     j1939.o
    0x08013bf0   0x0000001a   Code   RO          664    i.J1939_Translate_IdExt  can.o
    0x08013c0a   0x00000002   PAD
    0x08013c0c   0x00000120   Code   RO         1010    i.J1939_read_DT_Packet  j1939.o
    0x08013d2c   0x000000bc   Code   RO         1011    i.J1939_request     j1939.o
    0x08013de8   0x00000004   Code   RO          579    i.MemManage_Handler  stm32f4xx_it.o
    0x08013dec   0x00000022   Code   RO          783    i.MemReadData       flash.o
    0x08013e0e   0x0000005e   Code   RO          784    i.MemWriteData      flash.o
    0x08013e6c   0x00000002   Code   RO          580    i.NMI_Handler       stm32f4xx_it.o
    0x08013e6e   0x00000002   PAD
    0x08013e70   0x00000070   Code   RO         1474    i.NVIC_Init         misc.o
    0x08013ee0   0x00000014   Code   RO         1475    i.NVIC_PriorityGroupConfig  misc.o
    0x08013ef4   0x00000014   Code   RO         1476    i.NVIC_SetVectorTable  misc.o
    0x08013f08   0x00000002   Code   RO          581    i.PendSV_Handler    stm32f4xx_it.o
    0x08013f0a   0x00000002   PAD
    0x08013f0c   0x000000bc   Code   RO          866    i.ProcessMultipleFrame  obd.o
    0x08013fc8   0x000000f8   Code   RO          867    i.ProcessSingleFrame  obd.o
    0x080140c0   0x0000003a   Code   RO         1242    i.QueListGet        uart.o
    0x080140fa   0x0000001a   Code   RO         1244    i.QueListInit       uart.o
    0x08014114   0x00000068   Code   RO         1247    i.QueListPost       uart.o
    0x0801417c   0x00000018   Code   RO         3042    i.RCC_ADCCLKConfig  stm32f10x_rcc.o
    0x08014194   0x00000020   Code   RO         3045    i.RCC_APB1PeriphClockCmd  stm32f10x_rcc.o
    0x080141b4   0x00000020   Code   RO         3046    i.RCC_APB1PeriphResetCmd  stm32f10x_rcc.o
    0x080141d4   0x00000020   Code   RO         3047    i.RCC_APB2PeriphClockCmd  stm32f10x_rcc.o
    0x080141f4   0x00000020   Code   RO         3048    i.RCC_APB2PeriphResetCmd  stm32f10x_rcc.o
    0x08014214   0x0000018c   Code   RO         3055    i.RCC_GetClocksFreq  stm32f10x_rcc.o
    0x080143a0   0x00000002   Code   RO          582    i.SVC_Handler       stm32f4xx_it.o
    0x080143a2   0x00000002   PAD
    0x080143a4   0x00000090   Code   RO          665    i.Send_singleframe  can.o
    0x08014434   0x00000008   Code   RO         1430    i.SetSysClock       system_stm32f10x.o
    0x0801443c   0x00000114   Code   RO         1431    i.SetSysClockTo72   system_stm32f10x.o
    0x08014550   0x000000c8   Code   RO          951    i.SetUartBaudrate   uartprocess.o
    0x08014618   0x00000018   Code   RO          194    i.ShellInit         shell.o
    0x08014630   0x00000030   Code   RO          196    i.ShellPrintf       shell.o
    0x08014660   0x0000002c   Code   RO          952    i.StructInit        uartprocess.o
    0x0801468c   0x0000004c   Code   RO          276    i.SysTick_Handler   systick.o
    0x080146d8   0x00000070   Code   RO         1433    i.SystemInit        system_stm32f10x.o
    0x08014748   0x000000bc   Code   RO          804    i.TIM3_IRQHandler   timer.o
    0x08014804   0x00000054   Code   RO          805    i.TIM5_IRQHandler   timer.o
    0x08014858   0x00000074   Code   RO          806    i.TIM6_IRQHandler   timer.o
    0x080148cc   0x00000080   Code   RO          807    i.TIMER3_Configuration  timer.o
    0x0801494c   0x00000080   Code   RO          808    i.TIMER5_Configuration  timer.o
    0x080149cc   0x00000080   Code   RO          809    i.TIMER6_Configuration  timer.o
    0x08014a4c   0x00000006   Code   RO         3726    i.TIM_ClearFlag     stm32f10x_tim.o
    0x08014a52   0x00000006   Code   RO         3727    i.TIM_ClearITPendingBit  stm32f10x_tim.o
    0x08014a58   0x00000018   Code   RO         3732    i.TIM_Cmd           stm32f10x_tim.o
    0x08014a70   0x000001e8   Code   RO         3737    i.TIM_DeInit        stm32f10x_tim.o
    0x08014c58   0x00000022   Code   RO         3753    i.TIM_GetITStatus   stm32f10x_tim.o
    0x08014c7a   0x00000012   Code   RO         3757    i.TIM_ITConfig      stm32f10x_tim.o
    0x08014c8c   0x000000a4   Code   RO         3803    i.TIM_TimeBaseInit  stm32f10x_tim.o
    0x08014d30   0x0000021c   Code   RO          954    i.UART3_Data_Pro    uartprocess.o
    0x08014f4c   0x00000034   Code   RO         1248    i.UART4_IRQHandler  uart.o
    0x08014f80   0x00000034   Code   RO         1249    i.UART5_IRQHandler  uart.o
    0x08014fb4   0x000000cc   Code   RO         1250    i.USART1_IRQHandler  uart.o
    0x08015080   0x00000034   Code   RO         1251    i.USART2_IRQHandler  uart.o
    0x080150b4   0x000000a4   Code   RO         1252    i.USART3_IRQHandler  uart.o
    0x08015158   0x00000012   Code   RO         4264    i.USART_ClearFlag   stm32f10x_usart.o
    0x0801516a   0x0000001e   Code   RO         4265    i.USART_ClearITPendingBit  stm32f10x_usart.o
    0x08015188   0x00000018   Code   RO         4268    i.USART_Cmd         stm32f10x_usart.o
    0x080151a0   0x0000009c   Code   RO         4270    i.USART_DeInit      stm32f10x_usart.o
    0x0801523c   0x0000001a   Code   RO         4271    i.USART_GetFlagStatus  stm32f10x_usart.o
    0x08015256   0x00000054   Code   RO         4272    i.USART_GetITStatus  stm32f10x_usart.o
    0x080152aa   0x0000004a   Code   RO         4274    i.USART_ITConfig    stm32f10x_usart.o
    0x080152f4   0x000000d8   Code   RO         4275    i.USART_Init        stm32f10x_usart.o
    0x080153cc   0x0000000a   Code   RO         4282    i.USART_ReceiveData  stm32f10x_usart.o
    0x080153d6   0x00000008   Code   RO         4285    i.USART_SendData    stm32f10x_usart.o
    0x080153de   0x00000018   Code   RO         4291    i.USART_StructInit  stm32f10x_usart.o
    0x080153f6   0x00000002   PAD
    0x080153f8   0x0000005c   Code   RO          666    i.UartDataToCanData  can.o
    0x08015454   0x00000004   Code   RO          583    i.UsageFault_Handler  stm32f4xx_it.o
    0x08015458   0x00000028   Code   RO         4933    i.__ARM_fpclassify  m_ws.l(fpclassify.o)
    0x08015480   0x0000000e   Code   RO         4715    i._is_digit         c_w.l(__printf_wp.o)
    0x0801548e   0x00000014   Code   RO          502    i.ato16             public.o
    0x080154a2   0x00000020   Code   RO          503    i.ato32             public.o
    0x080154c2   0x00000002   PAD
    0x080154c4   0x000001b4   Code   RO            2    i.bandrateinit      main.o
    0x08015678   0x00000014   Code   RO          504    i.c16toa            public.o
    0x0801568c   0x00000020   Code   RO          505    i.c32toa            public.o
    0x080156ac   0x0000014c   Code   RO          868    i.diagnostic_decode_pid  obd.o
    0x080157f8   0x00000074   Code   RO          919    i.diagnostic_network_recv_frame  obd_network.o
    0x0801586c   0x00000140   Code   RO          870    i.diagnostic_request  obd.o
    0x080159ac   0x0000008c   Code   RO          920    i.diagnostic_request_extwork_send_msg  obd_network.o
    0x08015a38   0x000000b8   Code   RO          506    i.f2s               public.o
    0x08015af0   0x00000008   Code   RO          921    i.get_pci_type      obd_network.o
    0x08015af8   0x000000b4   Code   RO            3    i.main              main.o
    0x08015bac   0x00000500   Code   RO          955    i.recvpacketparse   uartprocess.o
    0x080160ac   0x00000026   Code   RO          507    i.reverse           public.o
    0x080160d2   0x00000078   Code   RO          956    i.senddatapacket    uartprocess.o
    0x0801614a   0x00000002   PAD
    0x0801614c   0x0000001c   Code   RO          279    i.systick_add       systick.o
    0x08016168   0x00000058   Code   RO          282    i.systick_init      systick.o
    0x080161c0   0x0000002c   Code   RO         4910    locale$$code        c_w.l(lc_ctype_c.o)
    0x080161ec   0x0000002c   Code   RO         4913    locale$$code        c_w.l(lc_numeric_c.o)
    0x08016218   0x00000062   Code   RO         4585    x$fpl$d2f           fz_ws.l(d2f.o)
    0x0801627a   0x00000002   PAD
    0x0801627c   0x00000150   Code   RO         4587    x$fpl$dadd          fz_ws.l(daddsub_clz.o)
    0x080163cc   0x00000018   Code   RO         4795    x$fpl$dcmpinf       fz_ws.l(dcmpi.o)
    0x080163e4   0x000002b0   Code   RO         4594    x$fpl$ddiv          fz_ws.l(ddiv.o)
    0x08016694   0x00000078   Code   RO         4597    x$fpl$dleqf         fz_ws.l(dleqf.o)
    0x0801670c   0x00000154   Code   RO         4599    x$fpl$dmul          fz_ws.l(dmul.o)
    0x08016860   0x0000009c   Code   RO         4797    x$fpl$dnaninf       fz_ws.l(dnaninf.o)
    0x080168fc   0x0000000c   Code   RO         4799    x$fpl$dretinf       fz_ws.l(dretinf.o)
    0x08016908   0x0000006c   Code   RO         4601    x$fpl$drleqf        fz_ws.l(drleqf.o)
    0x08016974   0x000001d4   Code   RO         4589    x$fpl$dsub          fz_ws.l(daddsub_clz.o)
    0x08016b48   0x00000056   Code   RO         4603    x$fpl$f2d           fz_ws.l(f2d.o)
    0x08016b9e   0x00000002   PAD
    0x08016ba0   0x000000c4   Code   RO         4605    x$fpl$fadd          fz_ws.l(faddsub_clz.o)
    0x08016c64   0x00000018   Code   RO         4864    x$fpl$fcmpinf       fz_ws.l(fcmpi.o)
    0x08016c7c   0x00000036   Code   RO         4611    x$fpl$ffix          fz_ws.l(ffix.o)
    0x08016cb2   0x00000002   PAD
    0x08016cb4   0x00000030   Code   RO         4616    x$fpl$fflt          fz_ws.l(fflt_clz.o)
    0x08016ce4   0x00000026   Code   RO         4615    x$fpl$ffltu         fz_ws.l(fflt_clz.o)
    0x08016d0a   0x00000002   PAD
    0x08016d0c   0x00000068   Code   RO         4801    x$fpl$fleqf         fz_ws.l(fleqf.o)
    0x08016d74   0x00000102   Code   RO         4621    x$fpl$fmul          fz_ws.l(fmul.o)
    0x08016e76   0x0000008c   Code   RO         4803    x$fpl$fnaninf       fz_ws.l(fnaninf.o)
    0x08016f02   0x0000000a   Code   RO         4805    x$fpl$fretinf       fz_ws.l(fretinf.o)
    0x08016f0c   0x00000062   Code   RO         4623    x$fpl$frleqf        fz_ws.l(frleqf.o)
    0x08016f6e   0x00000014   Code   RO         4606    x$fpl$frsb          fz_ws.l(faddsub_clz.o)
    0x08016f82   0x00000002   PAD
    0x08016f84   0x000000ea   Code   RO         4607    x$fpl$fsub          fz_ws.l(faddsub_clz.o)
    0x0801706e   0x00000004   Code   RO         4807    x$fpl$printf1       fz_ws.l(printf1.o)
    0x08017072   0x00000000   Code   RO         4809    x$fpl$usenofp       fz_ws.l(usenofp.o)
    0x08017072   0x00000002   PAD
    0x08017074   0x00000004   Data   RO          667    .constdata          can.o
    0x08017078   0x0000000c   Data   RO          871    .constdata          obd.o
    0x08017084   0x00000050   Data   RO         1204    .constdata          gpio.o
    0x080170d4   0x00000008   Data   RO         4674    .constdata          c_w.l(_printf_wctomb.o)
    0x080170dc   0x00000028   Data   RO         4703    .constdata          c_w.l(_printf_hex_int_ll_ptr.o)
    0x08017104   0x00000011   Data   RO         4723    .constdata          c_w.l(__printf_flags_ss_wp.o)
    0x08017115   0x00000003   PAD
    0x08017118   0x00000094   Data   RO         4885    .constdata          c_w.l(bigflt0.o)
    0x080171ac   0x00000020   Data   RO         4994    Region$$Table       anon$$obj.o
    0x080171cc   0x00000110   Data   RO         4909    locale$$data        c_w.l(lc_ctype_c.o)
    0x080172dc   0x0000001c   Data   RO         4912    locale$$data        c_w.l(lc_numeric_c.o)


    Execution Region RW_IRAM1 (Base: 0x20000000, Size: 0x000048a8, Max: 0x00010000, ABSOLUTE)

    Base Addr    Size         Type   Attr      Idx    E Section Name        Object

    0x20000000   0x00000004   Data   RW          204    .data               shell.o
    0x20000004   0x0000000c   Data   RW          633    .data               adc.o
    0x20000010   0x00000003   Data   RW          761    .data               exti.o
    0x20000013   0x00000001   PAD
    0x20000014   0x00000003   Data   RW          810    .data               timer.o
    0x20000017   0x00000001   PAD
    0x20000018   0x00000006   Data   RW          872    .data               obd.o
    0x2000001e   0x00000002   PAD
    0x20000020   0x0000002c   Data   RW          958    .data               uartprocess.o
    0x2000004c   0x00000026   Data   RW         1013    .data               j1939.o
    0x20000072   0x00000003   Data   RW         1254    .data               uart.o
    0x20000075   0x00000003   PAD
    0x20000078   0x00000014   Data   RW         1434    .data               system_stm32f10x.o
    0x2000008c   0x00000001   Data   RW         1835    .data               stm32f10x_can.o
    0x2000008d   0x00000014   Data   RW         3083    .data               stm32f10x_rcc.o
    0x200000a1   0x00000003   PAD
    0x200000a4   0x00000150   Zero   RW          201    .bss                shell.o
    0x200001f4   0x00000018   Zero   RW          285    .bss                systick.o
    0x2000020c   0x00000018   Zero   RW          632    .bss                adc.o
    0x20000224   0x00000854   Zero   RW          957    .bss                uartprocess.o
    0x20000a78   0x00000110   Zero   RW         1012    .bss                j1939.o
    0x20000b88   0x00002048   Zero   RW         1109    .bss                candrv.o
    0x20002bd0   0x00001078   Zero   RW         1253    .bss                uart.o
    0x20003c48   0x00000060   Zero   RW         4813    .bss                c_w.l(libspace.o)
    0x20003ca8   0x00000800   Zero   RW         4499    HEAP                startup_stm32f10x_cl.o
    0x200044a8   0x00000400   Zero   RW         4498    STACK               startup_stm32f10x_cl.o


==============================================================================

Image component sizes


      Code (inc. data)   RO Data    RW Data    ZI Data      Debug   Object Name

       704        102          0         12         24       2070   adc.o
        40          0          0          0          0        877   bsp.o
        44          0          0          0          0        938   bsp_iwdg.o
      1434        314          4          0          0      12559   can.o
      3266        686          0          0       8264      10395   candrv.o
         0          0          0          0          0     243128   cipherfunc.o
        46          0          0          0          0        904   delay.o
       294         44          0          3          0       1564   exti.o
       128          0          0          0          0       1649   flash.o
       188          6         80          0          0       1442   gpio.o
       180          6          0          0          0        541   gpiodrv.o
      1988        536          0         38        272       4643   j1939.o
       696         74          0          0          0     281956   main.o
       152         30          0          0          0       1965   misc.o
      1264        316         12          6          0       4150   obd.o
       264        104          0          0          0       1849   obd_network.o
       380          6          0          0          0       3926   public.o
        72         16          0          4        336       2981   shell.o
        64         26        384          0       3072        724   startup_stm32f10x_cl.o
       404         10          0          0          0       8229   stm32f10x_adc.o
      2036         54          0          1          0      11539   stm32f10x_can.o
       200         18          0          0          0       2000   stm32f10x_exti.o
       286         36          0          0          0       3720   stm32f10x_flash.o
       512         10          0          0          0       4892   stm32f10x_gpio.o
        68         30          0          0          0       2350   stm32f10x_iwdg.o
       548         52          0         20          0       6711   stm32f10x_rcc.o
       740        106          0          0          0       4651   stm32f10x_tim.o
       670         28          0          0          0       7719   stm32f10x_usart.o
        24          0          0          0          0       3044   stm32f4xx_it.o
       396         36          0         20          0       2113   system_stm32f10x.o
       192         26          0          0         24       1999   systick.o
         0          0          0          0          0     283828   template.o
       772        108          0          3          0      18158   timer.o
      1596        128          0          3       4216      10714   uart.o
      2184        168          0         44       2132       5627   uartprocess.o

    ----------------------------------------------------------------------
     21866       3076        512        164      18340     955555   Object Totals
         0          0         32          0          0          0   (incl. Generated)
        34          0          0         10          0          0   (incl. Padding)

    ----------------------------------------------------------------------

      Code (inc. data)   RO Data    RW Data    ZI Data      Debug   Library Member Name

         8          0          0          0          0         68   __main.o
       396          6         17          0          0         92   __printf_flags_ss_wp.o
        14          0          0          0          0         68   __printf_wp.o
        52          8          0          0          0          0   __scatter.o
        26          0          0          0          0          0   __scatter_copy.o
        28          0          0          0          0          0   __scatter_zi.o
         6          0          0          0          0          0   _printf_a.o
         6          0          0          0          0          0   _printf_c.o
        44          0          0          0          0        108   _printf_char.o
        48          6          0          0          0         96   _printf_char_common.o
        42          0          0          0          0         68   _printf_charcount.o
         6          0          0          0          0          0   _printf_d.o
       120         18          0          0          0         92   _printf_dec.o
         6          0          0          0          0          0   _printf_e.o
         6          0          0          0          0          0   _printf_f.o
      1056          0          0          0          0        216   _printf_fp_dec.o
       128         16          0          0          0         84   _printf_fp_infnan.o
         6          0          0          0          0          0   _printf_g.o
       156          6         40          0          0        160   _printf_hex_int_ll_ptr.o
         6          0          0          0          0          0   _printf_i.o
       184          0          0          0          0         88   _printf_intcommon.o
        10          0          0          0          0          0   _printf_l.o
         6          0          0          0          0          0   _printf_lc.o
        10          0          0          0          0          0   _printf_ll.o
         6          0          0          0          0          0   _printf_lld.o
         6          0          0          0          0          0   _printf_lli.o
         6          0          0          0          0          0   _printf_llo.o
         6          0          0          0          0          0   _printf_llu.o
         6          0          0          0          0          0   _printf_llx.o
       120         16          0          0          0         92   _printf_longlong_dec.o
         6          0          0          0          0          0   _printf_ls.o
         6          0          0          0          0          0   _printf_n.o
         6          0          0          0          0          0   _printf_o.o
       120          8          0          0          0        124   _printf_oct_int_ll.o
         6          0          0          0          0          0   _printf_p.o
        82          0          0          0          0        108   _printf_pad.o
         0          0          0          0          0          0   _printf_percent.o
         4          0          0          0          0          0   _printf_percent_end.o
         6          0          0          0          0          0   _printf_s.o
        82          0          0          0          0         80   _printf_str.o
        36          0          0          0          0         84   _printf_truncate.o
         6          0          0          0          0          0   _printf_u.o
        44          0          0          0          0        108   _printf_wchar.o
       188          6          8          0          0         92   _printf_wctomb.o
         6          0          0          0          0          0   _printf_x.o
        16          0          0          0          0         68   _snputc.o
        10          0          0          0          0         68   _sputc.o
        64          0          0          0          0         92   _wcrtomb.o
       228          6        148          0          0         96   bigflt0.o
      1910        128          0          0          0        672   btod.o
        52          4          0          0          0         80   c89vsnprintf.o
        10          0          0          0          0         68   defsig_exit.o
        50          0          0          0          0         88   defsig_general.o
        80         58          0          0          0         76   defsig_rtmem_inner.o
        14          0          0          0          0         80   defsig_rtmem_outer.o
        12          0          0          0          0         72   exit.o
        94          0          0          0          0         80   h1_alloc.o
        52          0          0          0          0         68   h1_extend.o
        78          0          0          0          0         80   h1_free.o
        14          0          0          0          0         84   h1_init.o
         6          0          0          0          0        152   heapauxi.o
         4          0          0          0          0        136   hguard.o
         0          0          0          0          0          0   indicate_semi.o
       138          0          0          0          0        168   init_alloc.o
        44         10        272          0          0         76   lc_ctype_c.o
        44         10         28          0          0         76   lc_numeric_c.o
         2          0          0          0          0          0   libinit.o
        38          0          0          0          0          0   libinit2.o
         2          0          0          0          0          0   libshutdown.o
         2          0          0          0          0          0   libshutdown2.o
         8          4          0          0         96         68   libspace.o
       138          0          0          0          0         80   lludiv10.o
         0          0          0          0          0          0   maybetermalloc1.o
        16          4          0          0          0         76   rt_ctype_table.o
         8          4          0          0          0         68   rt_heap_descriptor_intlibspace.o
         8          4          0          0          0         68   rt_locale_intlibspace.o
        68          0          0          0          0         68   rt_memclr.o
        78          0          0          0          0         80   rt_memclr_w.o
       138          0          0          0          0         68   rt_memcpy_v6.o
       100          0          0          0          0         80   rt_memcpy_w.o
         0          0          0          0          0          0   rtentry.o
        12          0          0          0          0          0   rtentry2.o
         6          0          0          0          0          0   rtentry4.o
         2          0          0          0          0          0   rtexit.o
        10          0          0          0          0          0   rtexit2.o
       128          0          0          0          0         68   strcmpv7m.o
        12          4          0          0          0         68   sys_exit.o
        74          0          0          0          0         80   sys_stackheap_outer.o
        14          0          0          0          0         76   sys_wrch.o
         2          0          0          0          0         68   use_no_semi.o
        98          4          0          0          0         92   d2f.o
       804         16          0          0          0        272   daddsub_clz.o
        24          0          0          0          0         68   dcmpi.o
       688        140          0          0          0        208   ddiv.o
       120          4          0          0          0         92   dleqf.o
       340         12          0          0          0        104   dmul.o
       156          4          0          0          0         92   dnaninf.o
        12          0          0          0          0         68   dretinf.o
       108          0          0          0          0         80   drleqf.o
        86          4          0          0          0         84   f2d.o
       450          8          0          0          0        236   faddsub_clz.o
        24          0          0          0          0         68   fcmpi.o
        54          4          0          0          0         84   ffix.o
        86          0          0          0          0        136   fflt_clz.o
       104          4          0          0          0         84   fleqf.o
       258          4          0          0          0         84   fmul.o
       140          4          0          0          0         84   fnaninf.o
        10          0          0          0          0         68   fretinf.o
        98          0          0          0          0         68   frleqf.o
         4          0          0          0          0         68   printf1.o
         0          0          0          0          0          0   usenofp.o
        40          0          0          0          0         68   fpclassify.o

    ----------------------------------------------------------------------
     10634        534        516          0         96       7432   Library Totals
        26          0          3          0          0          0   (incl. Padding)

    ----------------------------------------------------------------------

      Code (inc. data)   RO Data    RW Data    ZI Data      Debug   Library Name

      6904        326        513          0         96       5224   c_w.l
      3664        208          0          0          0       2140   fz_ws.l
        40          0          0          0          0         68   m_ws.l

    ----------------------------------------------------------------------
     10634        534        516          0         96       7432   Library Totals

    ----------------------------------------------------------------------

==============================================================================


      Code (inc. data)   RO Data    RW Data    ZI Data      Debug   

     32500       3610       1028        164      18436     949363   Grand Totals
     32500       3610       1028        164      18436     949363   ELF Image Totals
     32500       3610       1028        164          0          0   ROM Totals

==============================================================================

    Total RO  Size (Code + RO Data)                33528 (  32.74kB)
    Total RW  Size (RW Data + ZI Data)             18600 (  18.16kB)
    Total ROM Size (Code + RO Data + RW Data)      33692 (  32.90kB)

==============================================================================

